[02:30:07] ============================================================
[02:30:07] 开始更新技术文档 - 2026-06-14 02:30:07.854520
[02:30:07] ============================================================
[02:30:07] ============================================================
[02:30:07] 📝 技术文档自动更新（优化版）
[02:30:07] 📅 日期: 2026年06月14日
[02:30:07] ============================================================
[02:30:07] 🎯 主题: 数据库优化策略
[02:30:07] 📝 步骤 1/4: 生成HTML文档 (归档页)
[02:30:07] ✅ HTML文档已生成: /home/swg/.openclaw/workspace/tech/history/2026/06/20260614.html
[02:30:07] 📋 步骤 1.5/4: 更新月份归档索引
[02:30:07] ✅ 月份归档索引已更新: 2026年06月14日 (13篇)
[02:30:07] 🎨 步骤 2/4: 生成 8 张配图
[02:30:07] 🖼️  生成图片 1/8: 数据库优化策略...
[02:30:16]   ✅ tech_home_1.png (140KB)
[02:30:16] 🖼️  生成图片 2/8: 数据库优化策略...
[02:30:29]   ✅ tech_home_2.png (161KB)
[02:30:29] 🖼️  生成图片 3/8: 数据库优化策略...
[02:30:37]   ✅ tech_home_3.png (140KB)
[02:30:37] 🖼️  生成图片 4/8: 数据库优化策略...
[02:30:49]   ✅ tech_home_4.png (148KB)
[02:30:49] 🖼️  生成图片 5/8: 数据库优化策略...
[02:31:03]   ✅ tech_home_5.png (152KB)
[02:31:03] 🖼️  生成图片 6/8: 数据库优化策略...
[02:31:11]   ✅ tech_home_6.png (146KB)
[02:31:11] 🖼️  生成图片 7/8: 数据库优化策略...
[02:31:24]   ✅ tech_home_7.png (138KB)
[02:31:24] 🖼️  生成图片 8/8: 数据库优化策略...
[02:31:35]   ✅ tech_home_8.png (140KB)
[02:31:35] ✅ 图片生成完成: 8/8 成功
[02:31:35] 🔄 步骤 3/4: 更新首页
[02:31:35] ✅ 首页已更新
[02:31:35] 📝 正在提交到Git...
[02:31:35] ✅ Git提交成功
[02:31:41] ✅ 推送到GitHub成功
[02:31:41] ============================================================
[02:31:41] ✅ 技术文档自动更新完成！
[02:31:41] 📅 日期: 2026年06月14日
[02:31:41] 🎯 主题: 数据库优化策略
[02:31:41] 🖼️  图片: ✅ 已生成 8 张
[02:31:41] ============================================================
[02:31:41] ❌ 发送飞书通知失败: [Errno 2] No such file or directory: '/home/swg/.openclaw/openclaw.json'
