[02:30:09] ============================================================
[02:30:09] 开始更新技术文档 - 2026-06-23 02:30:09.620764
[02:30:09] ============================================================
[02:30:09] ============================================================
[02:30:09] 📝 技术文档自动更新（优化版）
[02:30:09] 📅 日期: 2026年06月23日
[02:30:09] ============================================================
[02:30:09] 🎯 主题: Linux系统管理技巧
[02:30:09] 📝 步骤 1/4: 生成HTML文档 (归档页)
[02:30:09] ✅ HTML文档已生成: /home/swg/.openclaw/workspace/tech/history/2026/06/20260623.html
[02:30:09] 📋 步骤 1.5/4: 更新月份归档索引
[02:30:09] ✅ 月份归档索引已更新: 2026年06月23日 (13篇)
[02:30:09] 🎨 步骤 2/4: 生成 8 张配图
[02:30:09] 🖼️  生成图片 1/8: Linux系统管理技巧...
[02:30:19]   ✅ tech_home_1.png (147KB)
[02:30:19] 🖼️  生成图片 2/8: Linux系统管理技巧...
[02:30:27]   ✅ tech_home_2.png (170KB)
[02:30:27] 🖼️  生成图片 3/8: Linux系统管理技巧...
[02:30:38]   ✅ tech_home_3.png (127KB)
[02:30:38] 🖼️  生成图片 4/8: Linux系统管理技巧...
[02:30:48]   ✅ tech_home_4.png (121KB)
[02:30:48] 🖼️  生成图片 5/8: Linux系统管理技巧...
[02:30:57]   ✅ tech_home_5.png (116KB)
[02:30:57] 🖼️  生成图片 6/8: Linux系统管理技巧...
[02:31:06]   ✅ tech_home_6.png (136KB)
[02:31:06] 🖼️  生成图片 7/8: Linux系统管理技巧...
[02:31:15]   ✅ tech_home_7.png (144KB)
[02:31:15] 🖼️  生成图片 8/8: Linux系统管理技巧...
[02:31:25]   ✅ tech_home_8.png (121KB)
[02:31:25] ✅ 图片生成完成: 8/8 成功
[02:31:25] 🔄 步骤 3/4: 更新首页
[02:31:25] ✅ 首页已更新
[02:31:25] 📝 正在提交到Git...
[02:31:25] ✅ Git提交成功
[02:31:31] ✅ 推送到GitHub成功
[02:31:31] ============================================================
[02:31:31] ✅ 技术文档自动更新完成！
[02:31:31] 📅 日期: 2026年06月23日
[02:31:31] 🎯 主题: Linux系统管理技巧
[02:31:31] 🖼️  图片: ✅ 已生成 8 张
[02:31:31] ============================================================
[02:31:31] ❌ 发送飞书通知失败: [Errno 2] No such file or directory: '/home/swg/.openclaw/openclaw.json'
