[02:30:39] ============================================================
[02:30:39] 开始更新技术文档 - 2026-09-17 02:30:39.743434
[02:30:39] ============================================================
[02:30:39] ============================================================
[02:30:39] 📝 技术文档自动更新（优化版）
[02:30:39] 📅 日期: 2026年09月17日
[02:30:39] ============================================================
[02:30:39] 🎯 主题: 人工智能应用开发
[02:30:39] 📝 步骤 1/4: 生成HTML文档 (归档页)
[02:30:39] ✅ HTML文档已生成: /home/swg/.openclaw/workspace/tech/history/2026/09/20260917.html
[02:30:39] 📋 步骤 1.5/4: 更新月份归档索引
[02:30:39] ✅ 月份归档索引已更新: 2026年09月17日 (13篇)
[02:30:39] 🎨 步骤 2/4: 生成 8 张配图
[02:30:39] 🖼️  生成图片 1/8: 人工智能应用开发...
[02:30:52]   ✅ tech_home_1.png (159KB)
[02:30:52] 🖼️  生成图片 2/8: 人工智能应用开发...
[02:31:01]   ✅ tech_home_2.png (139KB)
[02:31:01] 🖼️  生成图片 3/8: 人工智能应用开发...
[02:31:14]   ✅ tech_home_3.png (122KB)
[02:31:14] 🖼️  生成图片 4/8: 人工智能应用开发...
[02:31:26]   ✅ tech_home_4.png (168KB)
[02:31:26] 🖼️  生成图片 5/8: 人工智能应用开发...
[02:31:35]   ✅ tech_home_5.png (167KB)
[02:31:35] 🖼️  生成图片 6/8: 人工智能应用开发...
[02:31:43]   ✅ tech_home_6.png (156KB)
[02:31:43] 🖼️  生成图片 7/8: 人工智能应用开发...
[02:31:52]   ✅ tech_home_7.png (145KB)
[02:31:52] 🖼️  生成图片 8/8: 人工智能应用开发...
[02:32:01]   ✅ tech_home_8.png (149KB)
[02:32:01] ✅ 图片生成完成: 8/8 成功
[02:32:01] 🔄 步骤 3/4: 更新首页
[02:32:01] ✅ 首页已更新
[02:32:01] 📝 正在提交到Git...
[02:32:01] ✅ Git提交成功
[02:32:01] 🔄 git pull --rebase origin master ...
[02:32:06] 📤 git push origin master ...
[02:32:14] ✅ 推送到GitHub成功
[02:32:14] ============================================================
[02:32:14] ✅ 技术文档自动更新完成！
[02:32:14] 📅 日期: 2026年09月17日
[02:32:14] 🎯 主题: 人工智能应用开发
[02:32:14] 🖼️  图片: ✅ 已生成 8 张
[02:32:14] ============================================================
[02:32:14] ❌ 发送飞书通知失败: [Errno 2] No such file or directory: '/home/swg/.openclaw/openclaw.json'
