[02:30:59] ============================================================
[02:30:59] 开始更新技术文档 - 2026-06-11 02:30:59.512714
[02:30:59] ============================================================
[02:30:59] ============================================================
[02:30:59] 📝 技术文档自动更新（优化版）
[02:30:59] 📅 日期: 2026年06月11日
[02:30:59] ============================================================
[02:30:59] 🎯 主题: Docker容器化部署指南
[02:30:59] 📝 步骤 1/4: 生成HTML文档 (归档页)
[02:30:59] ✅ HTML文档已生成: /home/swg/.openclaw/workspace/tech/history/2026/06/20260611.html
[02:30:59] 📋 步骤 1.5/4: 更新月份归档索引
[02:30:59] ✅ 月份归档索引已更新: 2026年06月11日 (13篇)
[02:30:59] 🎨 步骤 2/4: 生成 8 张配图
[02:30:59] 🖼️  生成图片 1/8: Docker容器化部署指南...
[02:31:10]   ✅ tech_home_1.png (138KB)
[02:31:10] 🖼️  生成图片 2/8: Docker容器化部署指南...
[02:31:21]   ✅ tech_home_2.png (180KB)
[02:31:21] 🖼️  生成图片 3/8: Docker容器化部署指南...
[02:31:33]   ✅ tech_home_3.png (112KB)
[02:31:33] 🖼️  生成图片 4/8: Docker容器化部署指南...
[02:31:43]   ✅ tech_home_4.png (174KB)
[02:31:43] 🖼️  生成图片 5/8: Docker容器化部署指南...
[02:31:52]   ✅ tech_home_5.png (128KB)
[02:31:52] 🖼️  生成图片 6/8: Docker容器化部署指南...
[02:32:00]   ✅ tech_home_6.png (131KB)
[02:32:00] 🖼️  生成图片 7/8: Docker容器化部署指南...
[02:32:09]   ✅ tech_home_7.png (170KB)
[02:32:09] 🖼️  生成图片 8/8: Docker容器化部署指南...
[02:32:18]   ✅ tech_home_8.png (162KB)
[02:32:18] ✅ 图片生成完成: 8/8 成功
[02:32:18] 🔄 步骤 3/4: 更新首页
[02:32:18] ✅ 首页已更新
[02:32:18] 📝 正在提交到Git...
[02:32:18] ✅ Git提交成功
[02:32:24] ✅ 推送到GitHub成功
[02:32:24] ============================================================
[02:32:24] ✅ 技术文档自动更新完成！
[02:32:24] 📅 日期: 2026年06月11日
[02:32:24] 🎯 主题: Docker容器化部署指南
[02:32:24] 🖼️  图片: ✅ 已生成 8 张
[02:32:24] ============================================================
[02:32:24] ❌ 发送飞书通知失败: [Errno 2] No such file or directory: '/home/swg/.openclaw/openclaw.json'
