[02:30:40] ============================================================
[02:30:40] 开始更新技术文档 - 2026-05-24 02:30:40.804254
[02:30:40] ============================================================
[02:30:40] ============================================================
[02:30:40] 📝 技术文档自动更新（优化版）
[02:30:40] 📅 日期: 2026年05月24日
[02:30:40] ============================================================
[02:30:40] 🎯 主题: Linux系统管理技巧
[02:30:40] 📝 步骤 1/3: 生成HTML文档 (归档页)
[02:30:40] ✅ HTML文档已生成: /home/swg/.openclaw/workspace/tech/history/2026/05/20260524.html
[02:30:40] 🎨 步骤 2/3: 生成 8 张配图
[02:30:40] 🖼️  生成图片 1/8: Linux系统管理技巧...
[02:30:49]   ✅ tech_home_1.png (143KB)
[02:30:49] 🖼️  生成图片 2/8: Linux系统管理技巧...
[02:30:59]   ✅ tech_home_2.png (154KB)
[02:30:59] 🖼️  生成图片 3/8: Linux系统管理技巧...
[02:31:08]   ✅ tech_home_3.png (109KB)
[02:31:08] 🖼️  生成图片 4/8: Linux系统管理技巧...
[02:31:17]   ✅ tech_home_4.png (121KB)
[02:31:17] 🖼️  生成图片 5/8: Linux系统管理技巧...
[02:31:28]   ✅ tech_home_5.png (134KB)
[02:31:28] 🖼️  生成图片 6/8: Linux系统管理技巧...
[02:31:36]   ✅ tech_home_6.png (130KB)
[02:31:36] 🖼️  生成图片 7/8: Linux系统管理技巧...
[02:31:47]   ✅ tech_home_7.png (181KB)
[02:31:47] 🖼️  生成图片 8/8: Linux系统管理技巧...
[02:32:00]   ✅ tech_home_8.png (131KB)
[02:32:00] ✅ 图片生成完成: 8/8 成功
[02:32:00] 🔄 步骤 3/3: 更新首页
[02:32:00] ✅ 首页已更新
[02:32:00] 📝 正在提交到Git...
[02:32:00] ✅ Git提交成功
[02:32:05] ✅ 推送到GitHub成功
[02:32:05] ============================================================
[02:32:05] ✅ 技术文档自动更新完成！
[02:32:05] 📅 日期: 2026年05月24日
[02:32:05] 🎯 主题: Linux系统管理技巧
[02:32:05] 🖼️  图片: ✅ 已生成 8 张
[02:32:05] ============================================================
[02:32:06] ❌ 发送飞书通知失败: [Errno 2] No such file or directory: '/home/swg/.openclaw/openclaw.json'
