[02:30:26] ============================================================
[02:30:26] 开始更新技术文档 - 2026-07-26 02:30:26.705478
[02:30:26] ============================================================
[02:30:26] ============================================================
[02:30:26] 📝 技术文档自动更新（优化版）
[02:30:26] 📅 日期: 2026年07月26日
[02:30:26] ============================================================
[02:30:26] 🎯 主题: 微服务架构设计
[02:30:26] 📝 步骤 1/4: 生成HTML文档 (归档页)
[02:30:26] ✅ HTML文档已生成: /home/swg/.openclaw/workspace/tech/history/2026/07/20260726.html
[02:30:26] 📋 步骤 1.5/4: 更新月份归档索引
[02:30:26] ✅ 月份归档索引已更新: 2026年07月26日 (13篇)
[02:30:26] 🎨 步骤 2/4: 生成 8 张配图
[02:30:26] 🖼️  生成图片 1/8: 微服务架构设计...
[02:30:35]   ✅ tech_home_1.png (130KB)
[02:30:35] 🖼️  生成图片 2/8: 微服务架构设计...
[02:30:43]   ✅ tech_home_2.png (165KB)
[02:30:43] 🖼️  生成图片 3/8: 微服务架构设计...
[02:30:52]   ✅ tech_home_3.png (148KB)
[02:30:52] 🖼️  生成图片 4/8: 微服务架构设计...
[02:31:04]   ✅ tech_home_4.png (126KB)
[02:31:04] 🖼️  生成图片 5/8: 微服务架构设计...
[02:31:13]   ✅ tech_home_5.png (153KB)
[02:31:13] 🖼️  生成图片 6/8: 微服务架构设计...
[02:31:21]   ✅ tech_home_6.png (183KB)
[02:31:21] 🖼️  生成图片 7/8: 微服务架构设计...
[02:31:31]   ✅ tech_home_7.png (150KB)
[02:31:31] 🖼️  生成图片 8/8: 微服务架构设计...
[02:31:40]   ✅ tech_home_8.png (176KB)
[02:31:40] ✅ 图片生成完成: 8/8 成功
[02:31:40] 🔄 步骤 3/4: 更新首页
[02:31:40] ✅ 首页已更新
[02:31:40] 📝 正在提交到Git...
