[06:38:59] ============================================================
[06:38:59] 开始更新技术文档 - 2026-05-15 06:38:59.860891
[06:38:59] ============================================================
[06:38:59] ============================================================
[06:38:59] 📝 技术文档自动更新（优化版）
[06:38:59] 📅 日期: 2026年05月15日
[06:38:59] ============================================================
[06:38:59] 🎯 主题: 数据库优化策略
[06:38:59] 📝 步骤 1/3: 生成HTML文档
[06:38:59] ✅ HTML文档已生成: /home/swg/.openclaw/workspace/tech/history/2026/05/20260515.html
[06:38:59] 🎨 步骤 2/3: 生成图片
[06:38:59] 📊 质量标准: 文件200KB-800KB, 分辨率≥1280x720, 比例16:9
[06:38:59] 🖼️  生成图片: 数据库优化策略... (尝试 1)
[06:39:01] ⚠️  图片生成失败，重试...
[06:39:04] 🖼️  生成图片: 数据库优化策略... (尝试 2)
[06:40:31] ⚠️  图片生成失败，重试...
[06:40:34] 🖼️  生成图片: 数据库优化策略... (尝试 3)
[06:42:01] ❌ 图片生成失败
[06:42:01] 🔄 步骤 3/3: 更新首页
[06:42:01] ✅ 首页已更新
[06:42:01] ============================================================
[06:42:01] ✅ 技术文档自动更新完成！
[06:42:01] 📅 日期: 2026年05月15日
[06:42:01] 🎯 主题: 数据库优化策略
[06:42:01] 🖼️  图片: ❌ 生成失败
[06:42:01] ============================================================
[06:42:01] ❌ 发送飞书通知失败: [Errno 2] No such file or directory: '/home/swg/.openclaw/openclaw.json'
[22:00:05] ============================================================
[22:00:05] 开始更新技术文档 - 2026-05-15 22:00:05.937940
[22:00:05] ============================================================
[22:00:05] ============================================================
[22:00:05] 📝 技术文档自动更新（优化版）
[22:00:05] 📅 日期: 2026年05月15日
[22:00:05] ============================================================
[22:00:05] 🎯 主题: 数据库优化策略
[22:00:05] 📝 步骤 1/3: 生成HTML文档
[22:00:05] ✅ HTML文档已生成: /home/swg/.openclaw/workspace/tech/history/2026/05/20260515.html
[22:00:05] 🎨 步骤 2/3: 生成图片
[22:00:05] 📊 质量标准: 文件200KB-800KB, 分辨率≥1280x720, 比例16:9
[22:00:05] 🖼️  生成图片: 数据库优化策略... (尝试 1)
[22:00:06] ⚠️  图片生成失败，重试...
[22:00:09] 🖼️  生成图片: 数据库优化策略... (尝试 2)
[22:00:11] ⚠️  图片生成失败，重试...
[22:00:14] 🖼️  生成图片: 数据库优化策略... (尝试 3)
[22:00:15] ❌ 图片生成失败
[22:00:15] 🔄 步骤 3/3: 更新首页
[22:00:15] ✅ 首页已更新
[22:00:15] 📝 正在提交到Git...
