[02:30:52] ============================================================
[02:30:52] 开始更新技术文档 - 2026-09-16 02:30:52.309746
[02:30:52] ============================================================
[02:30:52] ============================================================
[02:30:52] 📝 技术文档自动更新（优化版）
[02:30:52] 📅 日期: 2026年09月16日
[02:30:52] ============================================================
[02:30:52] 🎯 主题: DevOps自动化流程
[02:30:52] 📝 步骤 1/4: 生成HTML文档 (归档页)
[02:30:52] ✅ HTML文档已生成: /home/swg/.openclaw/workspace/tech/history/2026/09/20260916.html
[02:30:52] 📋 步骤 1.5/4: 更新月份归档索引
[02:30:52] ✅ 月份归档索引已更新: 2026年09月16日 (13篇)
[02:30:52] 🎨 步骤 2/4: 生成 8 张配图
[02:30:52] 🖼️  生成图片 1/8: DevOps自动化流程...
[02:31:00]   ✅ tech_home_1.png (129KB)
[02:31:00] 🖼️  生成图片 2/8: DevOps自动化流程...
[02:31:13]   ✅ tech_home_2.png (155KB)
[02:31:13] 🖼️  生成图片 3/8: DevOps自动化流程...
[02:31:22]   ✅ tech_home_3.png (122KB)
[02:31:22] 🖼️  生成图片 4/8: DevOps自动化流程...
[02:31:31]   ✅ tech_home_4.png (156KB)
[02:31:31] 🖼️  生成图片 5/8: DevOps自动化流程...
[02:31:39]   ✅ tech_home_5.png (135KB)
[02:31:39] 🖼️  生成图片 6/8: DevOps自动化流程...
[02:31:50]   ✅ tech_home_6.png (138KB)
[02:31:50] 🖼️  生成图片 7/8: DevOps自动化流程...
[02:31:59]   ✅ tech_home_7.png (166KB)
[02:31:59] 🖼️  生成图片 8/8: DevOps自动化流程...
[02:32:07]   ✅ tech_home_8.png (144KB)
[02:32:07] ✅ 图片生成完成: 8/8 成功
[02:32:07] 🔄 步骤 3/4: 更新首页
[02:32:07] ✅ 首页已更新
[02:32:07] 📝 正在提交到Git...
[02:32:08] ✅ Git提交成功
[02:32:08] 🔄 git pull --rebase origin master ...
[02:32:12] 📤 git push origin master ...
[02:32:18] ✅ 推送到GitHub成功
[02:32:18] ============================================================
[02:32:18] ✅ 技术文档自动更新完成！
[02:32:18] 📅 日期: 2026年09月16日
[02:32:18] 🎯 主题: DevOps自动化流程
[02:32:18] 🖼️  图片: ✅ 已生成 8 张
[02:32:18] ============================================================
[02:32:18] ❌ 发送飞书通知失败: [Errno 2] No such file or directory: '/home/swg/.openclaw/openclaw.json'
