[02:30:19] ============================================================
[02:30:19] 开始更新技术文档 - 2026-10-08 02:30:19.676343
[02:30:19] ============================================================
[02:30:19] ============================================================
[02:30:19] 📝 技术文档自动更新（优化版）
[02:30:19] 📅 日期: 2026年10月08日
[02:30:19] ============================================================
[02:30:19] 🎯 主题: Python编程技巧与最佳实践
[02:30:19] 📝 步骤 1/4: 生成HTML文档 (归档页)
[02:30:19] ✅ HTML文档已生成: /home/swg/.openclaw/workspace/tech/history/2026/10/20261008.html
[02:30:19] 📋 步骤 1.5/4: 更新月份归档索引
[02:30:19] ✅ 月份归档索引已更新: 2026年10月08日 (14篇)
[02:30:19] 🎨 步骤 2/4: 生成 8 张配图
[02:30:19] 🖼️  生成图片 1/8: Python编程技巧与最佳实践...
[02:30:28]   ✅ tech_home_1.png (144KB)
[02:30:28] 🖼️  生成图片 2/8: Python编程技巧与最佳实践...
[02:30:38]   ✅ tech_home_2.png (97KB)
[02:30:38] 🖼️  生成图片 3/8: Python编程技巧与最佳实践...
[02:30:47]   ✅ tech_home_3.png (122KB)
[02:30:47] 🖼️  生成图片 4/8: Python编程技巧与最佳实践...
[02:30:56]   ✅ tech_home_4.png (125KB)
[02:30:56] 🖼️  生成图片 5/8: Python编程技巧与最佳实践...
[02:31:04]   ✅ tech_home_5.png (158KB)
[02:31:04] 🖼️  生成图片 6/8: Python编程技巧与最佳实践...
[02:31:14]   ✅ tech_home_6.png (126KB)
[02:31:14] 🖼️  生成图片 7/8: Python编程技巧与最佳实践...
[02:31:24]   ✅ tech_home_7.png (167KB)
[02:31:24] 🖼️  生成图片 8/8: Python编程技巧与最佳实践...
[02:31:33]   ✅ tech_home_8.png (123KB)
[02:31:33] ✅ 图片生成完成: 8/8 成功
[02:31:33] 🔄 步骤 3/4: 更新首页
[02:31:33] ✅ 首页已更新
[02:31:33] 🖼️ 步骤 3.5/4: 归档页插入配图
[02:31:33] ✅ 归档页配图已插入: /home/swg/.openclaw/workspace/tech/history/2026/10/20261008.html
[02:31:33] 📝 正在提交到Git...
