[02:30:38] ============================================================
[02:30:38] 开始更新技术文档 - 2026-05-29 02:30:38.905733
[02:30:38] ============================================================
[02:30:38] ============================================================
[02:30:38] 📝 技术文档自动更新（优化版）
[02:30:38] 📅 日期: 2026年05月29日
[02:30:38] ============================================================
[02:30:38] 🎯 主题: DevOps自动化流程
[02:30:38] 📝 步骤 1/4: 生成HTML文档 (归档页)
[02:30:38] ✅ HTML文档已生成: /home/swg/.openclaw/workspace/tech/history/2026/05/20260529.html
[02:30:38] 📋 步骤 1.5/4: 更新月份归档索引
[02:30:38] ✅ 月份归档索引已更新: 2026年05月29日 (13篇)
[02:30:38] 🎨 步骤 2/4: 生成 8 张配图
[02:30:38] 🖼️  生成图片 1/8: DevOps自动化流程...
[02:30:47]   ✅ tech_home_1.png (153KB)
[02:30:47] 🖼️  生成图片 2/8: DevOps自动化流程...
[02:30:56]   ✅ tech_home_2.png (157KB)
[02:30:56] 🖼️  生成图片 3/8: DevOps自动化流程...
[02:31:09]   ✅ tech_home_3.png (114KB)
[02:31:09] 🖼️  生成图片 4/8: DevOps自动化流程...
[02:31:17]   ✅ tech_home_4.png (137KB)
[02:31:17] 🖼️  生成图片 5/8: DevOps自动化流程...
[02:31:26]   ✅ tech_home_5.png (178KB)
[02:31:26] 🖼️  生成图片 6/8: DevOps自动化流程...
[02:31:37]   ✅ tech_home_6.png (108KB)
[02:31:37] 🖼️  生成图片 7/8: DevOps自动化流程...
[02:31:46]   ✅ tech_home_7.png (162KB)
[02:31:46] 🖼️  生成图片 8/8: DevOps自动化流程...
[02:31:57]   ✅ tech_home_8.png (156KB)
[02:31:57] ✅ 图片生成完成: 8/8 成功
[02:31:57] 🔄 步骤 3/4: 更新首页
[02:31:57] ✅ 首页已更新
[02:31:57] 📝 正在提交到Git...
