[04:45:12] ============================================================
[04:45:12] 开始更新技术文档 - 2026-05-02 04:45:12.168550
[04:45:12] ============================================================
[04:45:12] ============================================================
[04:45:12] 📝 技术文档自动更新（优化版）
[04:45:12] 📅 日期: 2026年05月02日
[04:45:12] ============================================================
[04:45:12] 🎯 主题: Docker容器化部署指南
[04:45:12] 📝 步骤 1/3: 生成HTML文档
[04:45:12] ✅ HTML文档已生成: /home/swg/.openclaw/workspace/tech/history/2026/05/20260502.html
[04:45:12] 🎨 步骤 2/3: 生成图片
[04:45:12] 📊 质量标准: 文件200KB-800KB, 分辨率≥1280x720, 比例16:9
[04:45:12] 🖼️  生成图片: Docker容器化部署指南... (尝试 1)
[04:45:12] ⚠️  图片生成失败，重试...
[04:45:15] 🖼️  生成图片: Docker容器化部署指南... (尝试 2)
[04:45:15] ⚠️  图片生成失败，重试...
[04:45:18] 🖼️  生成图片: Docker容器化部署指南... (尝试 3)
[04:45:18] ❌ 图片生成失败
[04:45:18] 🔄 步骤 3/3: 更新首页
[04:45:18] ✅ 首页已更新
[04:45:18] ============================================================
[04:45:18] ✅ 技术文档自动更新完成！
[04:45:18] 📅 日期: 2026年05月02日
[04:45:18] 🎯 主题: Docker容器化部署指南
[04:45:18] 🖼️  图片: ❌ 生成失败
[04:45:18] ============================================================
[04:45:18] ❌ 发送飞书通知失败: [Errno 13] Permission denied: '/root/.openclaw/openclaw.json'
[13:09:11] ============================================================
[13:09:11] 开始更新技术文档 - 2026-05-02 13:09:11.360415
[13:09:11] ============================================================
[13:09:11] ============================================================
[13:09:11] 📝 技术文档自动更新（优化版）
[13:09:11] 📅 日期: 2026年05月02日
[13:09:11] ============================================================
[13:09:11] 🎯 主题: Docker容器化部署指南
[13:09:11] 📝 步骤 1/3: 生成HTML文档
[13:09:11] ✅ HTML文档已生成: /home/swg/.openclaw/workspace/tech/history/2026/05/20260502.html
[13:09:11] 🎨 步骤 2/3: 生成图片
[13:09:11] 📊 质量标准: 文件200KB-800KB, 分辨率≥1280x720, 比例16:9
[13:09:11] 🖼️  生成图片: Docker容器化部署指南... (尝试 1)
[13:09:11] ⚠️  图片生成失败，重试...
[13:09:14] 🖼️  生成图片: Docker容器化部署指南... (尝试 2)
[13:09:14] ⚠️  图片生成失败，重试...
[13:09:17] 🖼️  生成图片: Docker容器化部署指南... (尝试 3)
[13:09:17] ❌ 图片生成失败
[13:09:17] 🔄 步骤 3/3: 更新首页
[13:09:17] ✅ 首页已更新
[13:09:17] 📝 正在提交到Git...
[13:09:17] ✅ Git提交成功
[13:09:21] ✅ 推送到GitHub成功
[13:09:21] ============================================================
[13:09:21] ✅ 技术文档自动更新完成！
[13:09:21] 📅 日期: 2026年05月02日
[13:09:21] 🎯 主题: Docker容器化部署指南
[13:09:21] 🖼️  图片: ❌ 生成失败
[13:09:21] ============================================================
[13:09:21] ❌ 发送飞书通知失败: [Errno 13] Permission denied: '/root/.openclaw/openclaw.json'
[13:11:43] ============================================================
[13:11:43] 开始更新技术文档 - 2026-05-02 13:11:43.630160
[13:11:43] ============================================================
[13:28:57] ============================================================
[13:28:57] 开始更新技术文档 - 2026-05-02 13:28:57.221216
[13:28:57] ============================================================
[13:28:57] ============================================================
[13:28:57] 📝 技术文档自动更新（优化版）
[13:28:57] 📅 日期: 2026年05月02日
[13:28:57] ============================================================
[13:28:57] 🎯 主题: Docker容器化部署指南
[13:28:57] 📝 步骤 1/3: 生成HTML文档
[13:28:57] ✅ HTML文档已生成: /home/swg/.openclaw/workspace/tech/history/2026/05/20260502.html
[13:28:57] 🎨 步骤 2/3: 生成图片
[13:28:57] 📊 质量标准: 文件200KB-800KB, 分辨率≥1280x720, 比例16:9
[13:28:57] 🖼️  生成图片: Docker容器化部署指南... (尝试 1)
[13:28:57] ⚠️  图片生成失败，重试...
[13:29:00] 🖼️  生成图片: Docker容器化部署指南... (尝试 2)
[13:29:01] ⚠️  图片生成失败，重试...
[13:29:04] 🖼️  生成图片: Docker容器化部署指南... (尝试 3)
[13:29:05] ❌ 图片生成失败
[13:29:05] 🔄 步骤 3/3: 更新首页
[13:29:05] ✅ 首页已更新
[13:29:05] 📝 正在提交到Git...
