[02:30:36] ============================================================
[02:30:36] 开始更新技术文档 - 2026-08-29 02:30:36.741473
[02:30:36] ============================================================
[02:30:36] ============================================================
[02:30:36] 📝 技术文档自动更新（优化版）
[02:30:36] 📅 日期: 2026年08月29日
[02:30:36] ============================================================
[02:30:36] 🎯 主题: Python编程技巧与最佳实践
[02:30:36] 📝 步骤 1/4: 生成HTML文档 (归档页)
[02:30:36] ✅ HTML文档已生成: /home/swg/.openclaw/workspace/tech/history/2026/08/20260829.html
[02:30:36] 📋 步骤 1.5/4: 更新月份归档索引
[02:30:36] ✅ 月份归档索引已更新: 2026年08月29日 (14篇)
[02:30:36] 🎨 步骤 2/4: 生成 8 张配图
[02:30:36] 🖼️  生成图片 1/8: Python编程技巧与最佳实践...
[02:30:45]   ✅ tech_home_1.png (127KB)
[02:30:45] 🖼️  生成图片 2/8: Python编程技巧与最佳实践...
[02:30:53]   ✅ tech_home_2.png (150KB)
[02:30:53] 🖼️  生成图片 3/8: Python编程技巧与最佳实践...
[02:31:02]   ✅ tech_home_3.png (115KB)
[02:31:02] 🖼️  生成图片 4/8: Python编程技巧与最佳实践...
[02:31:14]   ✅ tech_home_4.png (128KB)
[02:31:14] 🖼️  生成图片 5/8: Python编程技巧与最佳实践...
[02:31:23]   ✅ tech_home_5.png (142KB)
[02:31:23] 🖼️  生成图片 6/8: Python编程技巧与最佳实践...
[02:31:35]   ✅ tech_home_6.png (120KB)
[02:31:35] 🖼️  生成图片 7/8: Python编程技巧与最佳实践...
[02:31:47]   ✅ tech_home_7.png (160KB)
[02:31:47] 🖼️  生成图片 8/8: Python编程技巧与最佳实践...
[02:31:56]   ✅ tech_home_8.png (150KB)
[02:31:56] ✅ 图片生成完成: 8/8 成功
[02:31:56] 🔄 步骤 3/4: 更新首页
[02:31:56] ✅ 首页已更新
[02:31:56] 📝 正在提交到Git...
[02:31:56] ✅ Git提交成功
[02:31:56] 🔄 git pull --rebase origin master ...
[02:31:59] 📤 git push origin master ...
[02:32:05] ✅ 推送到GitHub成功
[02:32:05] ============================================================
[02:32:05] ✅ 技术文档自动更新完成！
[02:32:05] 📅 日期: 2026年08月29日
[02:32:05] 🎯 主题: Python编程技巧与最佳实践
[02:32:05] 🖼️  图片: ✅ 已生成 8 张
[02:32:05] ============================================================
[02:32:05] ❌ 发送飞书通知失败: [Errno 2] No such file or directory: '/home/swg/.openclaw/openclaw.json'
