[02:30:09] ============================================================
[02:30:09] 开始更新技术文档 - 2026-08-07 02:30:09.366063
[02:30:09] ============================================================
[02:30:09] ============================================================
[02:30:09] 📝 技术文档自动更新（优化版）
[02:30:09] 📅 日期: 2026年08月07日
[02:30:09] ============================================================
[02:30:09] 🎯 主题: DevOps自动化流程
[02:30:09] 📝 步骤 1/4: 生成HTML文档 (归档页)
[02:30:09] ✅ HTML文档已生成: /home/swg/.openclaw/workspace/tech/history/2026/08/20260807.html
[02:30:09] 📋 步骤 1.5/4: 更新月份归档索引
[02:30:09] ✅ 月份归档索引已更新: 2026年08月07日 (13篇)
[02:30:09] 🎨 步骤 2/4: 生成 8 张配图
[02:30:09] 🖼️  生成图片 1/8: DevOps自动化流程...
[02:30:17]   ✅ tech_home_1.png (135KB)
[02:30:17] 🖼️  生成图片 2/8: DevOps自动化流程...
[02:30:26]   ✅ tech_home_2.png (152KB)
[02:30:26] 🖼️  生成图片 3/8: DevOps自动化流程...
[02:30:35]   ✅ tech_home_3.png (110KB)
[02:30:35] 🖼️  生成图片 4/8: DevOps自动化流程...
[02:30:47]   ✅ tech_home_4.png (147KB)
[02:30:47] 🖼️  生成图片 5/8: DevOps自动化流程...
[02:30:59]   ✅ tech_home_5.png (158KB)
[02:30:59] 🖼️  生成图片 6/8: DevOps自动化流程...
[02:31:12]   ✅ tech_home_6.png (163KB)
[02:31:12] 🖼️  生成图片 7/8: DevOps自动化流程...
[02:31:20]   ✅ tech_home_7.png (156KB)
[02:31:20] 🖼️  生成图片 8/8: DevOps自动化流程...
[02:31:31]   ✅ tech_home_8.png (134KB)
[02:31:31] ✅ 图片生成完成: 8/8 成功
[02:31:31] 🔄 步骤 3/4: 更新首页
[02:31:31] ✅ 首页已更新
[02:31:31] 📝 正在提交到Git...
