[02:30:09] ============================================================
[02:30:09] 开始更新技术文档 - 2026-07-08 02:30:09.714828
[02:30:09] ============================================================
[02:30:09] ============================================================
[02:30:09] 📝 技术文档自动更新（优化版）
[02:30:09] 📅 日期: 2026年07月08日
[02:30:09] ============================================================
[02:30:09] 🎯 主题: DevOps自动化流程
[02:30:09] 📝 步骤 1/4: 生成HTML文档 (归档页)
[02:30:09] ✅ HTML文档已生成: /home/swg/.openclaw/workspace/tech/history/2026/07/20260708.html
[02:30:09] 📋 步骤 1.5/4: 更新月份归档索引
[02:30:09] ⚠️  月份索引不存在，跳过: /home/swg/.openclaw/workspace/tech/history/2026/07/index.html
[02:30:09] 🎨 步骤 2/4: 生成 8 张配图
[02:30:09] 🖼️  生成图片 1/8: DevOps自动化流程...
[02:30:19]   ✅ tech_home_1.png (143KB)
[02:30:19] 🖼️  生成图片 2/8: DevOps自动化流程...
[02:30:31]   ✅ tech_home_2.png (170KB)
[02:30:31] 🖼️  生成图片 3/8: DevOps自动化流程...
[02:30:40]   ✅ tech_home_3.png (140KB)
[02:30:40] 🖼️  生成图片 4/8: DevOps自动化流程...
[02:30:48]   ✅ tech_home_4.png (153KB)
[02:30:48] 🖼️  生成图片 5/8: DevOps自动化流程...
[02:30:56]   ✅ tech_home_5.png (165KB)
[02:30:56] 🖼️  生成图片 6/8: DevOps自动化流程...
[02:31:05]   ✅ tech_home_6.png (154KB)
[02:31:05] 🖼️  生成图片 7/8: DevOps自动化流程...
[02:31:13]   ✅ tech_home_7.png (160KB)
[02:31:13] 🖼️  生成图片 8/8: DevOps自动化流程...
[02:31:22]   ✅ tech_home_8.png (129KB)
[02:31:22] ✅ 图片生成完成: 8/8 成功
[02:31:22] 🔄 步骤 3/4: 更新首页
[02:31:22] ✅ 首页已更新
[02:31:22] 📝 正在提交到Git...
