[02:30:26] ============================================================
[02:30:26] 开始更新技术文档 - 2026-08-18 02:30:26.009359
[02:30:26] ============================================================
[02:30:26] ============================================================
[02:30:26] 📝 技术文档自动更新（优化版）
[02:30:26] 📅 日期: 2026年08月18日
[02:30:26] ============================================================
[02:30:26] 🎯 主题: 人工智能应用开发
[02:30:26] 📝 步骤 1/4: 生成HTML文档 (归档页)
[02:30:26] ✅ HTML文档已生成: /home/swg/.openclaw/workspace/tech/history/2026/08/20260818.html
[02:30:26] 📋 步骤 1.5/4: 更新月份归档索引
[02:30:26] ✅ 月份归档索引已更新: 2026年08月18日 (13篇)
[02:30:26] 🎨 步骤 2/4: 生成 8 张配图
[02:30:26] 🖼️  生成图片 1/8: 人工智能应用开发...
[02:30:34]   ✅ tech_home_1.png (159KB)
[02:30:34] 🖼️  生成图片 2/8: 人工智能应用开发...
[02:30:43]   ✅ tech_home_2.png (109KB)
[02:30:43] 🖼️  生成图片 3/8: 人工智能应用开发...
[02:30:54]   ✅ tech_home_3.png (147KB)
[02:30:54] 🖼️  生成图片 4/8: 人工智能应用开发...
[02:31:03]   ✅ tech_home_4.png (149KB)
[02:31:03] 🖼️  生成图片 5/8: 人工智能应用开发...
[02:31:12]   ✅ tech_home_5.png (173KB)
[02:31:12] 🖼️  生成图片 6/8: 人工智能应用开发...
[02:31:21]   ✅ tech_home_6.png (161KB)
[02:31:21] 🖼️  生成图片 7/8: 人工智能应用开发...
[02:31:31]   ✅ tech_home_7.png (133KB)
[02:31:31] 🖼️  生成图片 8/8: 人工智能应用开发...
[02:31:43]   ✅ tech_home_8.png (153KB)
[02:31:43] ✅ 图片生成完成: 8/8 成功
[02:31:43] 🔄 步骤 3/4: 更新首页
[02:31:43] ✅ 首页已更新
[02:31:43] 📝 正在提交到Git...
[02:31:43] ✅ Git提交成功
[02:31:43] 🔄 git pull --rebase origin master ...
[02:31:47] 📤 git push origin master ...
[02:31:53] ✅ 推送到GitHub成功
[02:31:53] ============================================================
[02:31:53] ✅ 技术文档自动更新完成！
[02:31:53] 📅 日期: 2026年08月18日
[02:31:53] 🎯 主题: 人工智能应用开发
[02:31:53] 🖼️  图片: ✅ 已生成 8 张
[02:31:53] ============================================================
[02:31:53] ❌ 发送飞书通知失败: [Errno 2] No such file or directory: '/home/swg/.openclaw/openclaw.json'
