[02:30:04] ============================================================
[02:30:04] 开始更新技术文档 - 2026-05-27 02:30:04.622639
[02:30:04] ============================================================
[02:30:04] ============================================================
[02:30:04] 📝 技术文档自动更新（优化版）
[02:30:04] 📅 日期: 2026年05月27日
[02:30:04] ============================================================
[02:30:04] 🎯 主题: 微服务架构设计
[02:30:04] 📝 步骤 1/4: 生成HTML文档 (归档页)
[02:30:04] ✅ HTML文档已生成: /home/swg/.openclaw/workspace/tech/history/2026/05/20260527.html
[02:30:04] 📋 步骤 1.5/4: 更新月份归档索引
[02:30:04] ✅ 月份归档索引已更新: 2026年05月27日 (13篇)
[02:30:04] 🎨 步骤 2/4: 生成 8 张配图
[02:30:04] 🖼️  生成图片 1/8: 微服务架构设计...
[02:30:15]   ✅ tech_home_1.png (138KB)
[02:30:15] 🖼️  生成图片 2/8: 微服务架构设计...
[02:30:24]   ✅ tech_home_2.png (176KB)
[02:30:24] 🖼️  生成图片 3/8: 微服务架构设计...
[02:30:33]   ✅ tech_home_3.png (154KB)
[02:30:33] 🖼️  生成图片 4/8: 微服务架构设计...
[02:30:42]   ✅ tech_home_4.png (194KB)
[02:30:42] 🖼️  生成图片 5/8: 微服务架构设计...
[02:30:51]   ✅ tech_home_5.png (133KB)
[02:30:51] 🖼️  生成图片 6/8: 微服务架构设计...
[02:30:59]   ✅ tech_home_6.png (142KB)
[02:30:59] 🖼️  生成图片 7/8: 微服务架构设计...
[02:31:08]   ✅ tech_home_7.png (138KB)
[02:31:08] 🖼️  生成图片 8/8: 微服务架构设计...
[02:31:19]   ✅ tech_home_8.png (157KB)
[02:31:19] ✅ 图片生成完成: 8/8 成功
[02:31:19] 🔄 步骤 3/4: 更新首页
[02:31:19] ✅ 首页已更新
[02:31:19] 📝 正在提交到Git...
[02:31:20] ✅ Git提交成功
[02:31:25] ✅ 推送到GitHub成功
[02:31:25] ============================================================
[02:31:25] ✅ 技术文档自动更新完成！
[02:31:25] 📅 日期: 2026年05月27日
[02:31:25] 🎯 主题: 微服务架构设计
[02:31:25] 🖼️  图片: ✅ 已生成 8 张
[02:31:25] ============================================================
[02:31:25] ❌ 发送飞书通知失败: [Errno 2] No such file or directory: '/home/swg/.openclaw/openclaw.json'
