[02:30:08] ============================================================
[02:30:08] 开始更新技术文档 - 2026-08-20 02:30:08.348325
[02:30:08] ============================================================
[02:30:08] ============================================================
[02:30:08] 📝 技术文档自动更新（优化版）
[02:30:08] 📅 日期: 2026年08月20日
[02:30:08] ============================================================
[02:30:08] 🎯 主题: Docker容器化部署指南
[02:30:08] 📝 步骤 1/4: 生成HTML文档 (归档页)
[02:30:08] ✅ HTML文档已生成: /home/swg/.openclaw/workspace/tech/history/2026/08/20260820.html
[02:30:08] 📋 步骤 1.5/4: 更新月份归档索引
[02:30:08] ✅ 月份归档索引已更新: 2026年08月20日 (13篇)
[02:30:08] 🎨 步骤 2/4: 生成 8 张配图
[02:30:08] 🖼️  生成图片 1/8: Docker容器化部署指南...
[02:30:17]   ✅ tech_home_1.png (149KB)
[02:30:17] 🖼️  生成图片 2/8: Docker容器化部署指南...
[02:30:27]   ✅ tech_home_2.png (152KB)
[02:30:27] 🖼️  生成图片 3/8: Docker容器化部署指南...
[02:30:35]   ✅ tech_home_3.png (142KB)
[02:30:35] 🖼️  生成图片 4/8: Docker容器化部署指南...
[02:30:46]   ✅ tech_home_4.png (154KB)
[02:30:46] 🖼️  生成图片 5/8: Docker容器化部署指南...
[02:30:56]   ✅ tech_home_5.png (133KB)
[02:30:56] 🖼️  生成图片 6/8: Docker容器化部署指南...
[02:31:09]   ✅ tech_home_6.png (146KB)
[02:31:09] 🖼️  生成图片 7/8: Docker容器化部署指南...
[02:31:18]   ✅ tech_home_7.png (179KB)
[02:31:18] 🖼️  生成图片 8/8: Docker容器化部署指南...
[02:31:31]   ✅ tech_home_8.png (156KB)
[02:31:31] ✅ 图片生成完成: 8/8 成功
[02:31:31] 🔄 步骤 3/4: 更新首页
[02:31:31] ✅ 首页已更新
[02:31:31] 📝 正在提交到Git...
