[02:30:45] ============================================================
[02:30:45] 开始更新技术文档 - 2026-08-15 02:30:45.381903
[02:30:45] ============================================================
[02:30:45] ============================================================
[02:30:45] 📝 技术文档自动更新（优化版）
[02:30:45] 📅 日期: 2026年08月15日
[02:30:45] ============================================================
[02:30:45] 🎯 主题: 微服务架构设计
[02:30:45] 📝 步骤 1/4: 生成HTML文档 (归档页)
[02:30:45] ✅ HTML文档已生成: /home/swg/.openclaw/workspace/tech/history/2026/08/20260815.html
[02:30:45] 📋 步骤 1.5/4: 更新月份归档索引
[02:30:45] ✅ 月份归档索引已更新: 2026年08月15日 (13篇)
[02:30:45] 🎨 步骤 2/4: 生成 8 张配图
[02:30:45] 🖼️  生成图片 1/8: 微服务架构设计...
[02:30:58]   ✅ tech_home_1.png (125KB)
[02:30:58] 🖼️  生成图片 2/8: 微服务架构设计...
[02:31:10]   ✅ tech_home_2.png (143KB)
[02:31:10] 🖼️  生成图片 3/8: 微服务架构设计...
[02:31:20]   ✅ tech_home_3.png (171KB)
[02:31:20] 🖼️  生成图片 4/8: 微服务架构设计...
[02:31:28]   ✅ tech_home_4.png (143KB)
[02:31:28] 🖼️  生成图片 5/8: 微服务架构设计...
[02:31:38]   ✅ tech_home_5.png (178KB)
[02:31:38] 🖼️  生成图片 6/8: 微服务架构设计...
[02:31:48]   ✅ tech_home_6.png (141KB)
[02:31:48] 🖼️  生成图片 7/8: 微服务架构设计...
[02:31:57]   ✅ tech_home_7.png (141KB)
[02:31:57] 🖼️  生成图片 8/8: 微服务架构设计...
[02:32:08]   ✅ tech_home_8.png (165KB)
[02:32:08] ✅ 图片生成完成: 8/8 成功
[02:32:08] 🔄 步骤 3/4: 更新首页
[02:32:08] ✅ 首页已更新
[02:32:08] 📝 正在提交到Git...
[02:32:08] ✅ Git提交成功
[02:32:08] 🔄 git pull --rebase origin master ...
[02:32:11] 📤 git push origin master ...
[02:32:23] ✅ 推送到GitHub成功
[02:32:23] ============================================================
[02:32:23] ✅ 技术文档自动更新完成！
[02:32:23] 📅 日期: 2026年08月15日
[02:32:23] 🎯 主题: 微服务架构设计
[02:32:23] 🖼️  图片: ✅ 已生成 8 张
[02:32:23] ============================================================
[02:32:23] ❌ 发送飞书通知失败: [Errno 2] No such file or directory: '/home/swg/.openclaw/openclaw.json'
