[02:30:38] ============================================================
[02:30:38] 开始更新技术文档 - 2026-06-08 02:30:38.003325
[02:30:38] ============================================================
[02:30:38] ============================================================
[02:30:38] 📝 技术文档自动更新（优化版）
[02:30:38] 📅 日期: 2026年06月08日
[02:30:38] ============================================================
[02:30:38] 🎯 主题: DevOps自动化流程
[02:30:38] 📝 步骤 1/4: 生成HTML文档 (归档页)
[02:30:38] ✅ HTML文档已生成: /home/swg/.openclaw/workspace/tech/history/2026/06/20260608.html
[02:30:38] 📋 步骤 1.5/4: 更新月份归档索引
[02:30:38] ✅ 月份归档索引已更新: 2026年06月08日 (13篇)
[02:30:38] 🎨 步骤 2/4: 生成 8 张配图
[02:30:38] 🖼️  生成图片 1/8: DevOps自动化流程...
[02:30:46]   ✅ tech_home_1.png (152KB)
[02:30:46] 🖼️  生成图片 2/8: DevOps自动化流程...
[02:30:55]   ✅ tech_home_2.png (173KB)
[02:30:55] 🖼️  生成图片 3/8: DevOps自动化流程...
[02:31:07]   ✅ tech_home_3.png (114KB)
[02:31:07] 🖼️  生成图片 4/8: DevOps自动化流程...
[02:31:16]   ✅ tech_home_4.png (172KB)
[02:31:16] 🖼️  生成图片 5/8: DevOps自动化流程...
[02:31:27]   ✅ tech_home_5.png (164KB)
[02:31:27] 🖼️  生成图片 6/8: DevOps自动化流程...
[02:31:40]   ✅ tech_home_6.png (121KB)
[02:31:40] 🖼️  生成图片 7/8: DevOps自动化流程...
[02:31:48]   ✅ tech_home_7.png (135KB)
[02:31:48] 🖼️  生成图片 8/8: DevOps自动化流程...
[02:31:57]   ✅ tech_home_8.png (127KB)
[02:31:57] ✅ 图片生成完成: 8/8 成功
[02:31:57] 🔄 步骤 3/4: 更新首页
[02:31:57] ✅ 首页已更新
[02:31:57] 📝 正在提交到Git...
[02:31:57] ✅ Git提交成功
[02:32:03] ✅ 推送到GitHub成功
[02:32:03] ============================================================
[02:32:03] ✅ 技术文档自动更新完成！
[02:32:03] 📅 日期: 2026年06月08日
[02:32:03] 🎯 主题: DevOps自动化流程
[02:32:03] 🖼️  图片: ✅ 已生成 8 张
[02:32:03] ============================================================
[02:32:04] ❌ 发送飞书通知失败: [Errno 2] No such file or directory: '/home/swg/.openclaw/openclaw.json'
