[02:30:38] ============================================================
[02:30:38] 开始更新技术文档 - 2026-07-29 02:30:38.500714
[02:30:38] ============================================================
[02:30:38] ============================================================
[02:30:38] 📝 技术文档自动更新（优化版）
[02:30:38] 📅 日期: 2026年07月29日
[02:30:38] ============================================================
[02:30:38] 🎯 主题: 人工智能应用开发
[02:30:38] 📝 步骤 1/4: 生成HTML文档 (归档页)
[02:30:38] ✅ HTML文档已生成: /home/swg/.openclaw/workspace/tech/history/2026/07/20260729.html
[02:30:38] 📋 步骤 1.5/4: 更新月份归档索引
[02:30:38] ✅ 月份归档索引已更新: 2026年07月29日 (13篇)
[02:30:38] 🎨 步骤 2/4: 生成 8 张配图
[02:30:38] 🖼️  生成图片 1/8: 人工智能应用开发...
[02:30:49]   ✅ tech_home_1.png (129KB)
[02:30:49] 🖼️  生成图片 2/8: 人工智能应用开发...
[02:30:57]   ✅ tech_home_2.png (124KB)
[02:30:57] 🖼️  生成图片 3/8: 人工智能应用开发...
[02:31:06]   ✅ tech_home_3.png (146KB)
[02:31:06] 🖼️  生成图片 4/8: 人工智能应用开发...
[02:31:15]   ✅ tech_home_4.png (169KB)
[02:31:15] 🖼️  生成图片 5/8: 人工智能应用开发...
[02:31:24]   ✅ tech_home_5.png (152KB)
[02:31:24] 🖼️  生成图片 6/8: 人工智能应用开发...
[02:31:34]   ✅ tech_home_6.png (155KB)
[02:31:34] 🖼️  生成图片 7/8: 人工智能应用开发...
[02:31:44]   ✅ tech_home_7.png (203KB)
[02:31:44] 🖼️  生成图片 8/8: 人工智能应用开发...
[02:31:58]   ✅ tech_home_8.png (159KB)
[02:31:58] ✅ 图片生成完成: 8/8 成功
[02:31:58] 🔄 步骤 3/4: 更新首页
[02:31:58] ✅ 首页已更新
[02:31:58] 📝 正在提交到Git...
