[02:30:06] ============================================================
[02:30:06] 开始更新技术文档 - 2026-07-23 02:30:06.669892
[02:30:06] ============================================================
[02:30:06] ============================================================
[02:30:06] 📝 技术文档自动更新（优化版）
[02:30:06] 📅 日期: 2026年07月23日
[02:30:06] ============================================================
[02:30:06] 🎯 主题: Linux系统管理技巧
[02:30:06] 📝 步骤 1/4: 生成HTML文档 (归档页)
[02:30:06] ✅ HTML文档已生成: /home/swg/.openclaw/workspace/tech/history/2026/07/20260723.html
[02:30:06] 📋 步骤 1.5/4: 更新月份归档索引
[02:30:06] ✅ 月份归档索引已更新: 2026年07月23日 (13篇)
[02:30:06] 🎨 步骤 2/4: 生成 8 张配图
[02:30:06] 🖼️  生成图片 1/8: Linux系统管理技巧...
[02:30:16]   ✅ tech_home_1.png (135KB)
[02:30:16] 🖼️  生成图片 2/8: Linux系统管理技巧...
[02:30:24]   ✅ tech_home_2.png (168KB)
[02:30:24] 🖼️  生成图片 3/8: Linux系统管理技巧...
[02:30:34]   ✅ tech_home_3.png (145KB)
[02:30:34] 🖼️  生成图片 4/8: Linux系统管理技巧...
[02:30:43]   ✅ tech_home_4.png (120KB)
[02:30:43] 🖼️  生成图片 5/8: Linux系统管理技巧...
[02:30:52]   ✅ tech_home_5.png (110KB)
[02:30:52] 🖼️  生成图片 6/8: Linux系统管理技巧...
[02:31:03]   ✅ tech_home_6.png (94KB)
[02:31:03] 🖼️  生成图片 7/8: Linux系统管理技巧...
[02:31:11]   ✅ tech_home_7.png (161KB)
[02:31:11] 🖼️  生成图片 8/8: Linux系统管理技巧...
[02:31:20]   ✅ tech_home_8.png (133KB)
[02:31:20] ✅ 图片生成完成: 8/8 成功
[02:31:20] 🔄 步骤 3/4: 更新首页
[02:31:20] ✅ 首页已更新
[02:31:20] 📝 正在提交到Git...
