[02:30:45] ============================================================
[02:30:45] 开始更新技术文档 - 2026-09-27 02:30:45.147595
[02:30:45] ============================================================
[02:30:45] ============================================================
[02:30:45] 📝 技术文档自动更新（优化版）
[02:30:45] 📅 日期: 2026年09月27日
[02:30:45] ============================================================
[02:30:45] 🎯 主题: 人工智能应用开发
[02:30:45] 📝 步骤 1/4: 生成HTML文档 (归档页)
[02:30:45] ✅ HTML文档已生成: /home/swg/.openclaw/workspace/tech/history/2026/09/20260927.html
[02:30:45] 📋 步骤 1.5/4: 更新月份归档索引
[02:30:45] ✅ 月份归档索引已更新: 2026年09月27日 (13篇)
[02:30:45] 🎨 步骤 2/4: 生成 8 张配图
[02:30:45] 🖼️  生成图片 1/8: 人工智能应用开发...
[02:30:57]   ✅ tech_home_1.png (150KB)
[02:30:57] 🖼️  生成图片 2/8: 人工智能应用开发...
[02:31:06]   ✅ tech_home_2.png (134KB)
[02:31:06] 🖼️  生成图片 3/8: 人工智能应用开发...
[02:31:14]   ✅ tech_home_3.png (125KB)
[02:31:14] 🖼️  生成图片 4/8: 人工智能应用开发...
[02:31:22]   ✅ tech_home_4.png (160KB)
[02:31:22] 🖼️  生成图片 5/8: 人工智能应用开发...
[02:31:32]   ✅ tech_home_5.png (171KB)
[02:31:32] 🖼️  生成图片 6/8: 人工智能应用开发...
[02:31:41]   ✅ tech_home_6.png (113KB)
[02:31:41] 🖼️  生成图片 7/8: 人工智能应用开发...
[02:31:50]   ✅ tech_home_7.png (142KB)
[02:31:50] 🖼️  生成图片 8/8: 人工智能应用开发...
[02:31:58]   ✅ tech_home_8.png (145KB)
[02:31:58] ✅ 图片生成完成: 8/8 成功
[02:31:58] 🔄 步骤 3/4: 更新首页
[02:31:58] ✅ 首页已更新
[02:31:58] 🖼️ 步骤 3.5/4: 归档页插入配图
[02:31:58] ✅ 归档页配图已插入: /home/swg/.openclaw/workspace/tech/history/2026/09/20260927.html
[02:31:58] 📝 正在提交到Git...
[02:31:59] ✅ Git提交成功
[02:31:59] 🔄 git pull --rebase origin master ...
[02:32:02] 📤 git push origin master ...
[02:32:08] ✅ 推送到GitHub成功
[02:32:08] ============================================================
[02:32:08] ✅ 技术文档自动更新完成！
[02:32:08] 📅 日期: 2026年09月27日
[02:32:08] 🎯 主题: 人工智能应用开发
[02:32:08] 🖼️  图片: ✅ 已生成 8 张
[02:32:08] ============================================================
[02:32:08] ❌ 发送飞书通知失败: [Errno 2] No such file or directory: '/home/swg/.openclaw/openclaw.json'
