[02:30:08] ============================================================
[02:30:08] 开始更新技术文档 - 2026-05-26 02:30:08.816193
[02:30:08] ============================================================
[02:30:08] ============================================================
[02:30:08] 📝 技术文档自动更新（优化版）
[02:30:08] 📅 日期: 2026年05月26日
[02:30:08] ============================================================
[02:30:08] 🎯 主题: Web安全防护指南
[02:30:08] 📝 步骤 1/4: 生成HTML文档 (归档页)
[02:30:08] ✅ HTML文档已生成: /home/swg/.openclaw/workspace/tech/history/2026/05/20260526.html
[02:30:08] 📋 步骤 1.5/4: 更新月份归档索引
[02:30:08] ✅ 月份归档索引已更新: 2026年05月26日 (13篇)
[02:30:08] 🎨 步骤 2/4: 生成 8 张配图
[02:30:08] 🖼️  生成图片 1/8: Web安全防护指南...
[02:30:18]   ✅ tech_home_1.png (136KB)
[02:30:18] 🖼️  生成图片 2/8: Web安全防护指南...
[02:30:26]   ✅ tech_home_2.png (135KB)
[02:30:26] 🖼️  生成图片 3/8: Web安全防护指南...
[02:30:35]   ✅ tech_home_3.png (134KB)
[02:30:35] 🖼️  生成图片 4/8: Web安全防护指南...
[02:30:43]   ✅ tech_home_4.png (156KB)
[02:30:43] 🖼️  生成图片 5/8: Web安全防护指南...
[02:30:53]   ✅ tech_home_5.png (145KB)
[02:30:53] 🖼️  生成图片 6/8: Web安全防护指南...
[02:31:03]   ✅ tech_home_6.png (130KB)
[02:31:03] 🖼️  生成图片 7/8: Web安全防护指南...
[02:31:11]   ✅ tech_home_7.png (138KB)
[02:31:11] 🖼️  生成图片 8/8: Web安全防护指南...
[02:31:20]   ✅ tech_home_8.png (169KB)
[02:31:20] ✅ 图片生成完成: 8/8 成功
[02:31:20] 🔄 步骤 3/4: 更新首页
[02:31:20] ✅ 首页已更新
[02:31:20] 📝 正在提交到Git...
[02:31:20] ✅ Git提交成功
[02:31:41] ✅ 推送到GitHub成功
[02:31:41] ============================================================
[02:31:41] ✅ 技术文档自动更新完成！
[02:31:41] 📅 日期: 2026年05月26日
[02:31:41] 🎯 主题: Web安全防护指南
[02:31:41] 🖼️  图片: ✅ 已生成 8 张
[02:31:41] ============================================================
[02:31:42] ❌ 发送飞书通知失败: [Errno 2] No such file or directory: '/home/swg/.openclaw/openclaw.json'
