[02:30:43] ============================================================
[02:30:43] 开始更新技术文档 - 2026-09-03 02:30:43.913367
[02:30:43] ============================================================
[02:30:43] ============================================================
[02:30:43] 📝 技术文档自动更新（优化版）
[02:30:43] 📅 日期: 2026年09月03日
[02:30:43] ============================================================
[02:30:43] 🎯 主题: Web安全防护指南
[02:30:43] 📝 步骤 1/4: 生成HTML文档 (归档页)
[02:30:43] ✅ HTML文档已生成: /home/swg/.openclaw/workspace/tech/history/2026/09/20260903.html
[02:30:43] 📋 步骤 1.5/4: 更新月份归档索引
[02:30:43] ✅ 月份归档索引已更新: 2026年09月03日 (13篇)
[02:30:43] 🎨 步骤 2/4: 生成 8 张配图
[02:30:43] 🖼️  生成图片 1/8: Web安全防护指南...
[02:30:52]   ✅ tech_home_1.png (133KB)
[02:30:52] 🖼️  生成图片 2/8: Web安全防护指南...
[02:31:04]   ✅ tech_home_2.png (189KB)
[02:31:04] 🖼️  生成图片 3/8: Web安全防护指南...
[02:31:16]   ✅ tech_home_3.png (141KB)
[02:31:16] 🖼️  生成图片 4/8: Web安全防护指南...
[02:31:25]   ✅ tech_home_4.png (171KB)
[02:31:25] 🖼️  生成图片 5/8: Web安全防护指南...
[02:31:33]   ✅ tech_home_5.png (165KB)
[02:31:33] 🖼️  生成图片 6/8: Web安全防护指南...
[02:31:42]   ✅ tech_home_6.png (148KB)
[02:31:42] 🖼️  生成图片 7/8: Web安全防护指南...
[02:31:50]   ✅ tech_home_7.png (167KB)
[02:31:50] 🖼️  生成图片 8/8: Web安全防护指南...
[02:31:59]   ✅ tech_home_8.png (128KB)
[02:31:59] ✅ 图片生成完成: 8/8 成功
[02:31:59] 🔄 步骤 3/4: 更新首页
[02:31:59] ✅ 首页已更新
[02:31:59] 📝 正在提交到Git...
