[02:30:39] ============================================================
[02:30:39] 开始更新技术文档 - 2026-07-19 02:30:39.053599
[02:30:39] ============================================================
[02:30:39] ============================================================
[02:30:39] 📝 技术文档自动更新（优化版）
[02:30:39] 📅 日期: 2026年07月19日
[02:30:39] ============================================================
[02:30:39] 🎯 主题: 人工智能应用开发
[02:30:39] 📝 步骤 1/4: 生成HTML文档 (归档页)
[02:30:39] ✅ HTML文档已生成: /home/swg/.openclaw/workspace/tech/history/2026/07/20260719.html
[02:30:39] 📋 步骤 1.5/4: 更新月份归档索引
[02:30:39] ✅ 月份归档索引已更新: 2026年07月19日 (13篇)
[02:30:39] 🎨 步骤 2/4: 生成 8 张配图
[02:30:39] 🖼️  生成图片 1/8: 人工智能应用开发...
[02:30:47]   ✅ tech_home_1.png (167KB)
[02:30:47] 🖼️  生成图片 2/8: 人工智能应用开发...
[02:31:00]   ✅ tech_home_2.png (179KB)
[02:31:00] 🖼️  生成图片 3/8: 人工智能应用开发...
[02:31:08]   ✅ tech_home_3.png (132KB)
[02:31:08] 🖼️  生成图片 4/8: 人工智能应用开发...
[02:31:21]   ✅ tech_home_4.png (163KB)
[02:31:21] 🖼️  生成图片 5/8: 人工智能应用开发...
[02:31:29]   ✅ tech_home_5.png (163KB)
[02:31:29] 🖼️  生成图片 6/8: 人工智能应用开发...
[02:31:41]   ✅ tech_home_6.png (95KB)
[02:31:41] 🖼️  生成图片 7/8: 人工智能应用开发...
[02:31:52]   ✅ tech_home_7.png (176KB)
[02:31:52] 🖼️  生成图片 8/8: 人工智能应用开发...
[02:32:02]   ✅ tech_home_8.png (191KB)
[02:32:02] ✅ 图片生成完成: 8/8 成功
[02:32:02] 🔄 步骤 3/4: 更新首页
[02:32:02] ✅ 首页已更新
[02:32:02] 📝 正在提交到Git...
[02:32:02] ✅ Git提交成功
[02:32:08] ✅ 推送到GitHub成功
[02:32:08] ============================================================
[02:32:08] ✅ 技术文档自动更新完成！
[02:32:08] 📅 日期: 2026年07月19日
[02:32:08] 🎯 主题: 人工智能应用开发
[02:32:08] 🖼️  图片: ✅ 已生成 8 张
[02:32:08] ============================================================
[02:32:08] ❌ 发送飞书通知失败: [Errno 2] No such file or directory: '/home/swg/.openclaw/openclaw.json'
