[02:30:06] ============================================================
[02:30:06] 开始更新技术文档 - 2026-07-14 02:30:06.553158
[02:30:06] ============================================================
[02:30:06] ============================================================
[02:30:06] 📝 技术文档自动更新（优化版）
[02:30:06] 📅 日期: 2026年07月14日
[02:30:06] ============================================================
[02:30:06] 🎯 主题: 数据库优化策略
[02:30:06] 📝 步骤 1/4: 生成HTML文档 (归档页)
[02:30:06] ✅ HTML文档已生成: /home/swg/.openclaw/workspace/tech/history/2026/07/20260714.html
[02:30:06] 📋 步骤 1.5/4: 更新月份归档索引
[02:30:06] ✅ 月份归档索引已更新: 2026年07月14日 (13篇)
[02:30:06] 🎨 步骤 2/4: 生成 8 张配图
[02:30:06] 🖼️  生成图片 1/8: 数据库优化策略...
[02:30:15]   ✅ tech_home_1.png (163KB)
[02:30:15] 🖼️  生成图片 2/8: 数据库优化策略...
[02:30:27]   ✅ tech_home_2.png (130KB)
[02:30:27] 🖼️  生成图片 3/8: 数据库优化策略...
[02:30:36]   ✅ tech_home_3.png (157KB)
[02:30:36] 🖼️  生成图片 4/8: 数据库优化策略...
[02:30:44]   ✅ tech_home_4.png (164KB)
[02:30:44] 🖼️  生成图片 5/8: 数据库优化策略...
[02:30:53]   ✅ tech_home_5.png (164KB)
[02:30:53] 🖼️  生成图片 6/8: 数据库优化策略...
[02:31:02]   ✅ tech_home_6.png (159KB)
[02:31:02] 🖼️  生成图片 7/8: 数据库优化策略...
[02:31:11]   ✅ tech_home_7.png (158KB)
[02:31:11] 🖼️  生成图片 8/8: 数据库优化策略...
[02:31:20]   ✅ tech_home_8.png (109KB)
[02:31:20] ✅ 图片生成完成: 8/8 成功
[02:31:20] 🔄 步骤 3/4: 更新首页
[02:31:20] ✅ 首页已更新
[02:31:20] 📝 正在提交到Git...
[02:31:21] ✅ Git提交成功
[02:31:26] ✅ 推送到GitHub成功
[02:31:26] ============================================================
[02:31:26] ✅ 技术文档自动更新完成！
[02:31:26] 📅 日期: 2026年07月14日
[02:31:26] 🎯 主题: 数据库优化策略
[02:31:26] 🖼️  图片: ✅ 已生成 8 张
[02:31:26] ============================================================
[02:31:26] ❌ 发送飞书通知失败: [Errno 2] No such file or directory: '/home/swg/.openclaw/openclaw.json'
