[02:30:26] ============================================================
[02:30:26] 开始更新技术文档 - 2026-08-30 02:30:26.012706
[02:30:26] ============================================================
[02:30:26] ============================================================
[02:30:26] 📝 技术文档自动更新（优化版）
[02:30:26] 📅 日期: 2026年08月30日
[02:30:26] ============================================================
[02:30:26] 🎯 主题: Docker容器化部署指南
[02:30:26] 📝 步骤 1/4: 生成HTML文档 (归档页)
[02:30:26] ✅ HTML文档已生成: /home/swg/.openclaw/workspace/tech/history/2026/08/20260830.html
[02:30:26] 📋 步骤 1.5/4: 更新月份归档索引
[02:30:26] ✅ 月份归档索引已更新: 2026年08月30日 (13篇)
[02:30:26] 🎨 步骤 2/4: 生成 8 张配图
[02:30:26] 🖼️  生成图片 1/8: Docker容器化部署指南...
[02:30:34]   ✅ tech_home_1.png (150KB)
[02:30:34] 🖼️  生成图片 2/8: Docker容器化部署指南...
[02:30:46]   ✅ tech_home_2.png (178KB)
[02:30:46] 🖼️  生成图片 3/8: Docker容器化部署指南...
[02:30:55]   ✅ tech_home_3.png (137KB)
[02:30:55] 🖼️  生成图片 4/8: Docker容器化部署指南...
[02:31:03]   ✅ tech_home_4.png (125KB)
[02:31:03] 🖼️  生成图片 5/8: Docker容器化部署指南...
[02:31:12]   ✅ tech_home_5.png (168KB)
[02:31:12] 🖼️  生成图片 6/8: Docker容器化部署指南...
[02:31:22]   ✅ tech_home_6.png (119KB)
[02:31:22] 🖼️  生成图片 7/8: Docker容器化部署指南...
[02:31:31]   ✅ tech_home_7.png (152KB)
[02:31:31] 🖼️  生成图片 8/8: Docker容器化部署指南...
[02:31:40]   ✅ tech_home_8.png (136KB)
[02:31:40] ✅ 图片生成完成: 8/8 成功
[02:31:40] 🔄 步骤 3/4: 更新首页
[02:31:40] ✅ 首页已更新
[02:31:40] 📝 正在提交到Git...
