[02:30:04] ============================================================
[02:30:04] 开始更新技术文档 - 2026-08-25 02:30:04.931530
[02:30:04] ============================================================
[02:30:04] ============================================================
[02:30:04] 📝 技术文档自动更新（优化版）
[02:30:04] 📅 日期: 2026年08月25日
[02:30:04] ============================================================
[02:30:04] 🎯 主题: 微服务架构设计
[02:30:04] 📝 步骤 1/4: 生成HTML文档 (归档页)
[02:30:04] ✅ HTML文档已生成: /home/swg/.openclaw/workspace/tech/history/2026/08/20260825.html
[02:30:04] 📋 步骤 1.5/4: 更新月份归档索引
[02:30:04] ✅ 月份归档索引已更新: 2026年08月25日 (13篇)
[02:30:04] 🎨 步骤 2/4: 生成 8 张配图
[02:30:04] 🖼️  生成图片 1/8: 微服务架构设计...
[02:30:13]   ✅ tech_home_1.png (115KB)
[02:30:13] 🖼️  生成图片 2/8: 微服务架构设计...
[02:30:22]   ✅ tech_home_2.png (131KB)
[02:30:22] 🖼️  生成图片 3/8: 微服务架构设计...
[02:30:31]   ✅ tech_home_3.png (171KB)
[02:30:31] 🖼️  生成图片 4/8: 微服务架构设计...
[02:30:40]   ✅ tech_home_4.png (168KB)
[02:30:40] 🖼️  生成图片 5/8: 微服务架构设计...
[02:30:48]   ✅ tech_home_5.png (165KB)
[02:30:48] 🖼️  生成图片 6/8: 微服务架构设计...
[02:31:01]   ⚠️  尝试 1 失败
[02:31:13]   ✅ tech_home_6.png (145KB)
[02:31:13] 🖼️  生成图片 7/8: 微服务架构设计...
[02:31:22]   ✅ tech_home_7.png (116KB)
[02:31:22] 🖼️  生成图片 8/8: 微服务架构设计...
[02:31:33]   ⚠️  尝试 1 失败
[02:31:44]   ✅ tech_home_8.png (171KB)
[02:31:44] ✅ 图片生成完成: 8/8 成功
[02:31:44] 🔄 步骤 3/4: 更新首页
[02:31:44] ✅ 首页已更新
[02:31:44] 📝 正在提交到Git...
[02:31:44] ✅ Git提交成功
[02:31:44] 🔄 git pull --rebase origin master ...
[02:31:48] 📤 git push origin master ...
[02:31:53] ✅ 推送到GitHub成功
[02:31:53] ============================================================
[02:31:53] ✅ 技术文档自动更新完成！
[02:31:53] 📅 日期: 2026年08月25日
[02:31:53] 🎯 主题: 微服务架构设计
[02:31:53] 🖼️  图片: ✅ 已生成 8 张
[02:31:53] ============================================================
[02:31:54] ❌ 发送飞书通知失败: [Errno 2] No such file or directory: '/home/swg/.openclaw/openclaw.json'
