[02:30:18] ============================================================
[02:30:18] 开始更新技术文档 - 2026-06-22 02:30:18.285816
[02:30:18] ============================================================
[02:30:18] ============================================================
[02:30:18] 📝 技术文档自动更新（优化版）
[02:30:18] 📅 日期: 2026年06月22日
[02:30:18] ============================================================
[02:30:18] 🎯 主题: Git版本控制高级用法
[02:30:18] 📝 步骤 1/4: 生成HTML文档 (归档页)
[02:30:18] ✅ HTML文档已生成: /home/swg/.openclaw/workspace/tech/history/2026/06/20260622.html
[02:30:18] 📋 步骤 1.5/4: 更新月份归档索引
[02:30:18] ✅ 月份归档索引已更新: 2026年06月22日 (13篇)
[02:30:18] 🎨 步骤 2/4: 生成 8 张配图
[02:30:18] 🖼️  生成图片 1/8: Git版本控制高级用法...
[02:30:29]   ✅ tech_home_1.png (144KB)
[02:30:29] 🖼️  生成图片 2/8: Git版本控制高级用法...
[02:30:40]   ✅ tech_home_2.png (162KB)
[02:30:40] 🖼️  生成图片 3/8: Git版本控制高级用法...
[02:30:49]   ✅ tech_home_3.png (155KB)
[02:30:49] 🖼️  生成图片 4/8: Git版本控制高级用法...
[02:31:03]   ✅ tech_home_4.png (139KB)
[02:31:03] 🖼️  生成图片 5/8: Git版本控制高级用法...
[02:31:11]   ✅ tech_home_5.png (121KB)
[02:31:11] 🖼️  生成图片 6/8: Git版本控制高级用法...
[02:31:19]   ✅ tech_home_6.png (128KB)
[02:31:19] 🖼️  生成图片 7/8: Git版本控制高级用法...
[02:31:32]   ✅ tech_home_7.png (149KB)
[02:31:32] 🖼️  生成图片 8/8: Git版本控制高级用法...
[02:31:41]   ✅ tech_home_8.png (139KB)
[02:31:41] ✅ 图片生成完成: 8/8 成功
[02:31:41] 🔄 步骤 3/4: 更新首页
[02:31:41] ✅ 首页已更新
[02:31:41] 📝 正在提交到Git...
[02:31:41] ✅ Git提交成功
[02:31:46] ✅ 推送到GitHub成功
[02:31:46] ============================================================
[02:31:46] ✅ 技术文档自动更新完成！
[02:31:46] 📅 日期: 2026年06月22日
[02:31:46] 🎯 主题: Git版本控制高级用法
[02:31:46] 🖼️  图片: ✅ 已生成 8 张
[02:31:46] ============================================================
[02:31:47] ❌ 发送飞书通知失败: [Errno 2] No such file or directory: '/home/swg/.openclaw/openclaw.json'
