[02:30:21] ============================================================
[02:30:21] 开始更新技术文档 - 2026-07-22 02:30:21.384151
[02:30:21] ============================================================
[02:30:21] ============================================================
[02:30:21] 📝 技术文档自动更新（优化版）
[02:30:21] 📅 日期: 2026年07月22日
[02:30:21] ============================================================
[02:30:21] 🎯 主题: Git版本控制高级用法
[02:30:21] 📝 步骤 1/4: 生成HTML文档 (归档页)
[02:30:21] ✅ HTML文档已生成: /home/swg/.openclaw/workspace/tech/history/2026/07/20260722.html
[02:30:21] 📋 步骤 1.5/4: 更新月份归档索引
[02:30:21] ✅ 月份归档索引已更新: 2026年07月22日 (13篇)
[02:30:21] 🎨 步骤 2/4: 生成 8 张配图
[02:30:21] 🖼️  生成图片 1/8: Git版本控制高级用法...
[02:30:30]   ✅ tech_home_1.png (120KB)
[02:30:30] 🖼️  生成图片 2/8: Git版本控制高级用法...
[02:30:40]   ✅ tech_home_2.png (157KB)
[02:30:40] 🖼️  生成图片 3/8: Git版本控制高级用法...
[02:30:49]   ✅ tech_home_3.png (142KB)
[02:30:49] 🖼️  生成图片 4/8: Git版本控制高级用法...
[02:30:58]   ✅ tech_home_4.png (139KB)
[02:30:58] 🖼️  生成图片 5/8: Git版本控制高级用法...
[02:31:09]   ✅ tech_home_5.png (100KB)
[02:31:09] 🖼️  生成图片 6/8: Git版本控制高级用法...
[02:31:22]   ✅ tech_home_6.png (115KB)
[02:31:22] 🖼️  生成图片 7/8: Git版本控制高级用法...
[02:31:30]   ✅ tech_home_7.png (187KB)
[02:31:30] 🖼️  生成图片 8/8: Git版本控制高级用法...
[02:31:39]   ✅ tech_home_8.png (145KB)
[02:31:39] ✅ 图片生成完成: 8/8 成功
[02:31:39] 🔄 步骤 3/4: 更新首页
[02:31:39] ✅ 首页已更新
[02:31:39] 📝 正在提交到Git...
[02:31:39] ✅ Git提交成功
[02:31:42] ⚠️  推送到GitHub失败
[02:31:42] ============================================================
[02:31:42] ✅ 技术文档自动更新完成！
[02:31:42] 📅 日期: 2026年07月22日
[02:31:42] 🎯 主题: Git版本控制高级用法
[02:31:42] 🖼️  图片: ✅ 已生成 8 张
[02:31:42] ============================================================
[02:31:42] ❌ 发送飞书通知失败: [Errno 2] No such file or directory: '/home/swg/.openclaw/openclaw.json'
