[02:30:56] ============================================================
[02:30:56] 开始更新技术文档 - 2026-09-30 02:30:56.743674
[02:30:56] ============================================================
[02:30:56] ============================================================
[02:30:56] 📝 技术文档自动更新（优化版）
[02:30:56] 📅 日期: 2026年09月30日
[02:30:56] ============================================================
[02:30:56] 🎯 主题: Git版本控制高级用法
[02:30:56] 📝 步骤 1/4: 生成HTML文档 (归档页)
[02:30:56] ✅ HTML文档已生成: /home/swg/.openclaw/workspace/tech/history/2026/09/20260930.html
[02:30:56] 📋 步骤 1.5/4: 更新月份归档索引
[02:30:56] ✅ 月份归档索引已更新: 2026年09月30日 (13篇)
[02:30:56] 🎨 步骤 2/4: 生成 8 张配图
[02:30:56] 🖼️  生成图片 1/8: Git版本控制高级用法...
[02:31:08]   ✅ tech_home_1.png (109KB)
[02:31:08] 🖼️  生成图片 2/8: Git版本控制高级用法...
[02:31:20]   ✅ tech_home_2.png (185KB)
[02:31:20] 🖼️  生成图片 3/8: Git版本控制高级用法...
[02:31:32]   ✅ tech_home_3.png (117KB)
[02:31:32] 🖼️  生成图片 4/8: Git版本控制高级用法...
[02:31:41]   ✅ tech_home_4.png (127KB)
[02:31:41] 🖼️  生成图片 5/8: Git版本控制高级用法...
[02:31:49]   ✅ tech_home_5.png (92KB)
[02:31:49] 🖼️  生成图片 6/8: Git版本控制高级用法...
[02:32:01]   ✅ tech_home_6.png (114KB)
[02:32:01] 🖼️  生成图片 7/8: Git版本控制高级用法...
[02:32:10]   ✅ tech_home_7.png (146KB)
[02:32:10] 🖼️  生成图片 8/8: Git版本控制高级用法...
[02:32:20]   ✅ tech_home_8.png (149KB)
[02:32:20] ✅ 图片生成完成: 8/8 成功
[02:32:20] 🔄 步骤 3/4: 更新首页
[02:32:20] ✅ 首页已更新
[02:32:20] 🖼️ 步骤 3.5/4: 归档页插入配图
[02:32:20] ✅ 归档页配图已插入: /home/swg/.openclaw/workspace/tech/history/2026/09/20260930.html
[02:32:20] 📝 正在提交到Git...
