[02:30:49] ============================================================
[02:30:49] 开始更新技术文档 - 2026-06-16 02:30:49.262084
[02:30:49] ============================================================
[02:30:49] ============================================================
[02:30:49] 📝 技术文档自动更新（优化版）
[02:30:49] 📅 日期: 2026年06月16日
[02:30:49] ============================================================
[02:30:49] 🎯 主题: 微服务架构设计
[02:30:49] 📝 步骤 1/4: 生成HTML文档 (归档页)
[02:30:49] ✅ HTML文档已生成: /home/swg/.openclaw/workspace/tech/history/2026/06/20260616.html
[02:30:49] 📋 步骤 1.5/4: 更新月份归档索引
[02:30:49] ✅ 月份归档索引已更新: 2026年06月16日 (13篇)
[02:30:49] 🎨 步骤 2/4: 生成 8 张配图
[02:30:49] 🖼️  生成图片 1/8: 微服务架构设计...
[02:31:02]   ✅ tech_home_1.png (138KB)
[02:31:02] 🖼️  生成图片 2/8: 微服务架构设计...
[02:31:12]   ✅ tech_home_2.png (184KB)
[02:31:12] 🖼️  生成图片 3/8: 微服务架构设计...
[02:31:21]   ✅ tech_home_3.png (164KB)
[02:31:21] 🖼️  生成图片 4/8: 微服务架构设计...
[02:31:33]   ✅ tech_home_4.png (163KB)
[02:31:33] 🖼️  生成图片 5/8: 微服务架构设计...
[02:31:42]   ✅ tech_home_5.png (167KB)
[02:31:42] 🖼️  生成图片 6/8: 微服务架构设计...
[02:31:54]   ✅ tech_home_6.png (126KB)
[02:31:54] 🖼️  生成图片 7/8: 微服务架构设计...
[02:32:05]   ✅ tech_home_7.png (141KB)
[02:32:05] 🖼️  生成图片 8/8: 微服务架构设计...
[02:32:16]   ✅ tech_home_8.png (168KB)
[02:32:16] ✅ 图片生成完成: 8/8 成功
[02:32:16] 🔄 步骤 3/4: 更新首页
[02:32:16] ✅ 首页已更新
[02:32:16] 📝 正在提交到Git...
