[02:59:40] ============================================================
[02:59:40] 开始更新技术文档 - 2026-05-16 02:59:40.422249
[02:59:40] ============================================================
[03:01:22] ============================================================
[03:01:22] 开始更新技术文档 - 2026-05-16 03:01:22.341963
[03:01:22] ============================================================
[03:01:22] ============================================================
[03:01:22] 📝 技术文档自动更新（优化版）
[03:01:22] 📅 日期: 2026年05月16日
[03:01:22] ============================================================
[03:01:22] 🎯 主题: Web安全防护指南
[03:01:22] 📝 步骤 1/3: 生成HTML文档
[03:01:22] ✅ HTML文档已生成: /home/swg/.openclaw/workspace/tech/history/2026/05/20260516.html
[03:01:22] 🎨 步骤 2/3: 生成图片
[03:01:22] 📊 质量标准: 文件200KB-800KB, 分辨率≥1280x720, 比例16:9
[03:01:22] 🖼️  生成图片: Web安全防护指南... (尝试 1)
[03:02:42] ⚠️  图片生成失败，重试...
[03:02:45] 🖼️  生成图片: Web安全防护指南... (尝试 2)
[03:04:11] ⚠️  图片生成失败，重试...
[03:04:14] 🖼️  生成图片: Web安全防护指南... (尝试 3)
[03:04:16] ❌ 图片生成失败
[03:04:16] 🔄 步骤 3/3: 更新首页
[03:04:16] ✅ 首页已更新
[03:04:16] 📝 正在提交到Git...
