[02:30:29] ============================================================
[02:30:29] 开始更新技术文档 - 2026-08-12 02:30:29.979659
[02:30:29] ============================================================
[02:30:29] ============================================================
[02:30:29] 📝 技术文档自动更新（优化版）
[02:30:29] 📅 日期: 2026年08月12日
[02:30:29] ============================================================
[02:30:29] 🎯 主题: Linux系统管理技巧
[02:30:29] 📝 步骤 1/4: 生成HTML文档 (归档页)
[02:30:29] ✅ HTML文档已生成: /home/swg/.openclaw/workspace/tech/history/2026/08/20260812.html
[02:30:29] 📋 步骤 1.5/4: 更新月份归档索引
[02:30:29] ✅ 月份归档索引已更新: 2026年08月12日 (13篇)
[02:30:29] 🎨 步骤 2/4: 生成 8 张配图
[02:30:29] 🖼️  生成图片 1/8: Linux系统管理技巧...
[02:30:38]   ✅ tech_home_1.png (137KB)
[02:30:38] 🖼️  生成图片 2/8: Linux系统管理技巧...
[02:30:47]   ✅ tech_home_2.png (185KB)
[02:30:47] 🖼️  生成图片 3/8: Linux系统管理技巧...
[02:30:56]   ✅ tech_home_3.png (144KB)
[02:30:56] 🖼️  生成图片 4/8: Linux系统管理技巧...
[02:31:05]   ✅ tech_home_4.png (97KB)
[02:31:05] 🖼️  生成图片 5/8: Linux系统管理技巧...
[02:31:13]   ✅ tech_home_5.png (124KB)
[02:31:13] 🖼️  生成图片 6/8: Linux系统管理技巧...
[02:31:21]   ✅ tech_home_6.png (139KB)
[02:31:21] 🖼️  生成图片 7/8: Linux系统管理技巧...
[02:31:30]   ✅ tech_home_7.png (150KB)
[02:31:30] 🖼️  生成图片 8/8: Linux系统管理技巧...
[02:31:38]   ✅ tech_home_8.png (128KB)
[02:31:38] ✅ 图片生成完成: 8/8 成功
[02:31:38] 🔄 步骤 3/4: 更新首页
[02:31:38] ✅ 首页已更新
[02:31:38] 📝 正在提交到Git...
[02:31:39] ✅ Git提交成功
[02:31:42] ⚠️  推送到GitHub失败
[02:31:42] ============================================================
[02:31:42] ✅ 技术文档自动更新完成！
[02:31:42] 📅 日期: 2026年08月12日
[02:31:42] 🎯 主题: Linux系统管理技巧
[02:31:42] 🖼️  图片: ✅ 已生成 8 张
[02:31:42] ============================================================
[02:31:42] ❌ 发送飞书通知失败: [Errno 2] No such file or directory: '/home/swg/.openclaw/openclaw.json'
