[02:30:41] ============================================================
[02:30:41] 开始更新技术文档 - 2026-07-16 02:30:41.013819
[02:30:41] ============================================================
[02:30:41] ============================================================
[02:30:41] 📝 技术文档自动更新（优化版）
[02:30:41] 📅 日期: 2026年07月16日
[02:30:41] ============================================================
[02:30:41] 🎯 主题: 微服务架构设计
[02:30:41] 📝 步骤 1/4: 生成HTML文档 (归档页)
[02:30:41] ✅ HTML文档已生成: /home/swg/.openclaw/workspace/tech/history/2026/07/20260716.html
[02:30:41] 📋 步骤 1.5/4: 更新月份归档索引
[02:30:41] ✅ 月份归档索引已更新: 2026年07月16日 (13篇)
[02:30:41] 🎨 步骤 2/4: 生成 8 张配图
[02:30:41] 🖼️  生成图片 1/8: 微服务架构设计...
[02:30:53]   ✅ tech_home_1.png (129KB)
[02:30:53] 🖼️  生成图片 2/8: 微服务架构设计...
[02:31:03]   ✅ tech_home_2.png (200KB)
[02:31:03] 🖼️  生成图片 3/8: 微服务架构设计...
[02:31:12]   ✅ tech_home_3.png (146KB)
[02:31:12] 🖼️  生成图片 4/8: 微服务架构设计...
[02:31:24]   ✅ tech_home_4.png (169KB)
[02:31:24] 🖼️  生成图片 5/8: 微服务架构设计...
[02:31:33]   ✅ tech_home_5.png (161KB)
[02:31:33] 🖼️  生成图片 6/8: 微服务架构设计...
[02:31:41]   ✅ tech_home_6.png (171KB)
[02:31:41] 🖼️  生成图片 7/8: 微服务架构设计...
[02:31:50]   ✅ tech_home_7.png (124KB)
[02:31:50] 🖼️  生成图片 8/8: 微服务架构设计...
[02:31:59]   ✅ tech_home_8.png (159KB)
[02:31:59] ✅ 图片生成完成: 8/8 成功
[02:31:59] 🔄 步骤 3/4: 更新首页
[02:31:59] ✅ 首页已更新
[02:31:59] 📝 正在提交到Git...
[02:31:59] ✅ Git提交成功
[02:32:05] ✅ 推送到GitHub成功
[02:32:05] ============================================================
[02:32:05] ✅ 技术文档自动更新完成！
[02:32:05] 📅 日期: 2026年07月16日
[02:32:05] 🎯 主题: 微服务架构设计
[02:32:05] 🖼️  图片: ✅ 已生成 8 张
[02:32:05] ============================================================
[02:32:05] ❌ 发送飞书通知失败: [Errno 2] No such file or directory: '/home/swg/.openclaw/openclaw.json'
