[02:30:47] ============================================================
[02:30:47] 开始更新技术文档 - 2026-07-24 02:30:47.623227
[02:30:47] ============================================================
[02:30:47] ============================================================
[02:30:47] 📝 技术文档自动更新（优化版）
[02:30:47] 📅 日期: 2026年07月24日
[02:30:47] ============================================================
[02:30:47] 🎯 主题: 数据库优化策略
[02:30:47] 📝 步骤 1/4: 生成HTML文档 (归档页)
[02:30:47] ✅ HTML文档已生成: /home/swg/.openclaw/workspace/tech/history/2026/07/20260724.html
[02:30:47] 📋 步骤 1.5/4: 更新月份归档索引
[02:30:47] ✅ 月份归档索引已更新: 2026年07月24日 (13篇)
[02:30:47] 🎨 步骤 2/4: 生成 8 张配图
[02:30:47] 🖼️  生成图片 1/8: 数据库优化策略...
[02:30:59]   ✅ tech_home_1.png (131KB)
[02:30:59] 🖼️  生成图片 2/8: 数据库优化策略...
[02:31:08]   ✅ tech_home_2.png (173KB)
[02:31:08] 🖼️  生成图片 3/8: 数据库优化策略...
[02:31:16]   ✅ tech_home_3.png (151KB)
[02:31:16] 🖼️  生成图片 4/8: 数据库优化策略...
[02:31:27]   ✅ tech_home_4.png (181KB)
[02:31:27] 🖼️  生成图片 5/8: 数据库优化策略...
[02:31:36]   ✅ tech_home_5.png (169KB)
[02:31:36] 🖼️  生成图片 6/8: 数据库优化策略...
[02:31:44]   ✅ tech_home_6.png (137KB)
[02:31:44] 🖼️  生成图片 7/8: 数据库优化策略...
[02:31:53]   ✅ tech_home_7.png (130KB)
[02:31:53] 🖼️  生成图片 8/8: 数据库优化策略...
[02:32:01]   ✅ tech_home_8.png (117KB)
[02:32:01] ✅ 图片生成完成: 8/8 成功
[02:32:01] 🔄 步骤 3/4: 更新首页
[02:32:01] ✅ 首页已更新
[02:32:01] 📝 正在提交到Git...
