[02:30:56] ============================================================
[02:30:56] 开始更新技术文档 - 2026-08-11 02:30:56.835811
[02:30:56] ============================================================
[02:30:56] ============================================================
[02:30:56] 📝 技术文档自动更新（优化版）
[02:30:56] 📅 日期: 2026年08月11日
[02:30:56] ============================================================
[02:30:56] 🎯 主题: Git版本控制高级用法
[02:30:56] 📝 步骤 1/4: 生成HTML文档 (归档页)
[02:30:56] ✅ HTML文档已生成: /home/swg/.openclaw/workspace/tech/history/2026/08/20260811.html
[02:30:56] 📋 步骤 1.5/4: 更新月份归档索引
[02:30:56] ✅ 月份归档索引已更新: 2026年08月11日 (13篇)
[02:30:56] 🎨 步骤 2/4: 生成 8 张配图
[02:30:56] 🖼️  生成图片 1/8: Git版本控制高级用法...
[02:31:08]   ✅ tech_home_1.png (131KB)
[02:31:08] 🖼️  生成图片 2/8: Git版本控制高级用法...
[02:31:17]   ✅ tech_home_2.png (126KB)
[02:31:17] 🖼️  生成图片 3/8: Git版本控制高级用法...
[02:31:25]   ✅ tech_home_3.png (135KB)
[02:31:25] 🖼️  生成图片 4/8: Git版本控制高级用法...
[02:31:35]   ✅ tech_home_4.png (146KB)
[02:31:35] 🖼️  生成图片 5/8: Git版本控制高级用法...
[02:31:44]   ✅ tech_home_5.png (110KB)
[02:31:44] 🖼️  生成图片 6/8: Git版本控制高级用法...
[02:31:53]   ✅ tech_home_6.png (113KB)
[02:31:53] 🖼️  生成图片 7/8: Git版本控制高级用法...
[02:32:02]   ✅ tech_home_7.png (143KB)
[02:32:02] 🖼️  生成图片 8/8: Git版本控制高级用法...
[02:32:10]   ✅ tech_home_8.png (134KB)
[02:32:10] ✅ 图片生成完成: 8/8 成功
[02:32:10] 🔄 步骤 3/4: 更新首页
[02:32:10] ✅ 首页已更新
[02:32:10] 📝 正在提交到Git...
