[02:30:23] ============================================================
[02:30:23] 开始更新技术文档 - 2026-08-06 02:30:23.014030
[02:30:23] ============================================================
[02:30:23] ============================================================
[02:30:23] 📝 技术文档自动更新（优化版）
[02:30:23] 📅 日期: 2026年08月06日
[02:30:23] ============================================================
[02:30:23] 🎯 主题: 云原生技术实践
[02:30:23] 📝 步骤 1/4: 生成HTML文档 (归档页)
[02:30:23] ✅ HTML文档已生成: /home/swg/.openclaw/workspace/tech/history/2026/08/20260806.html
[02:30:23] 📋 步骤 1.5/4: 更新月份归档索引
[02:30:23] ✅ 月份归档索引已更新: 2026年08月06日 (13篇)
[02:30:23] 🎨 步骤 2/4: 生成 8 张配图
[02:30:23] 🖼️  生成图片 1/8: 云原生技术实践...
[02:30:32]   ✅ tech_home_1.png (125KB)
[02:30:32] 🖼️  生成图片 2/8: 云原生技术实践...
[02:30:41]   ✅ tech_home_2.png (189KB)
[02:30:41] 🖼️  生成图片 3/8: 云原生技术实践...
[02:30:50]   ✅ tech_home_3.png (144KB)
[02:30:50] 🖼️  生成图片 4/8: 云原生技术实践...
[02:31:02]   ✅ tech_home_4.png (183KB)
[02:31:02] 🖼️  生成图片 5/8: 云原生技术实践...
[02:31:10]   ✅ tech_home_5.png (148KB)
[02:31:10] 🖼️  生成图片 6/8: 云原生技术实践...
[02:31:23]   ✅ tech_home_6.png (172KB)
[02:31:23] 🖼️  生成图片 7/8: 云原生技术实践...
[02:31:36]   ✅ tech_home_7.png (172KB)
[02:31:36] 🖼️  生成图片 8/8: 云原生技术实践...
[02:31:47]   ✅ tech_home_8.png (145KB)
[02:31:47] ✅ 图片生成完成: 8/8 成功
[02:31:47] 🔄 步骤 3/4: 更新首页
[02:31:47] ✅ 首页已更新
[02:31:47] 📝 正在提交到Git...
[02:31:48] ✅ Git提交成功
[02:31:53] ✅ 推送到GitHub成功
[02:31:53] ============================================================
[02:31:53] ✅ 技术文档自动更新完成！
[02:31:53] 📅 日期: 2026年08月06日
[02:31:53] 🎯 主题: 云原生技术实践
[02:31:53] 🖼️  图片: ✅ 已生成 8 张
[02:31:53] ============================================================
[02:31:53] ❌ 发送飞书通知失败: [Errno 2] No such file or directory: '/home/swg/.openclaw/openclaw.json'
