[02:30:19] ============================================================
[02:30:19] 开始更新技术文档 - 2026-08-10 02:30:19.672512
[02:30:19] ============================================================
[02:30:19] ============================================================
[02:30:19] 📝 技术文档自动更新（优化版）
[02:30:19] 📅 日期: 2026年08月10日
[02:30:19] ============================================================
[02:30:19] 🎯 主题: Docker容器化部署指南
[02:30:19] 📝 步骤 1/4: 生成HTML文档 (归档页)
[02:30:19] ✅ HTML文档已生成: /home/swg/.openclaw/workspace/tech/history/2026/08/20260810.html
[02:30:19] 📋 步骤 1.5/4: 更新月份归档索引
[02:30:19] ✅ 月份归档索引已更新: 2026年08月10日 (13篇)
[02:30:19] 🎨 步骤 2/4: 生成 8 张配图
[02:30:19] 🖼️  生成图片 1/8: Docker容器化部署指南...
[02:30:28]   ✅ tech_home_1.png (160KB)
[02:30:28] 🖼️  生成图片 2/8: Docker容器化部署指南...
[02:30:36]   ✅ tech_home_2.png (173KB)
[02:30:36] 🖼️  生成图片 3/8: Docker容器化部署指南...
[02:30:45]   ✅ tech_home_3.png (122KB)
[02:30:45] 🖼️  生成图片 4/8: Docker容器化部署指南...
[02:30:57]   ✅ tech_home_4.png (158KB)
[02:30:57] 🖼️  生成图片 5/8: Docker容器化部署指南...
[02:31:05]   ✅ tech_home_5.png (137KB)
[02:31:05] 🖼️  生成图片 6/8: Docker容器化部署指南...
[02:31:14]   ✅ tech_home_6.png (126KB)
[02:31:14] 🖼️  生成图片 7/8: Docker容器化部署指南...
[02:31:23]   ✅ tech_home_7.png (160KB)
[02:31:23] 🖼️  生成图片 8/8: Docker容器化部署指南...
[02:31:33]   ✅ tech_home_8.png (164KB)
[02:31:33] ✅ 图片生成完成: 8/8 成功
[02:31:33] 🔄 步骤 3/4: 更新首页
[02:31:33] ✅ 首页已更新
[02:31:33] 📝 正在提交到Git...
