[02:30:43] ============================================================
[02:30:43] 开始更新技术文档 - 2026-08-22 02:30:43.833020
[02:30:43] ============================================================
[02:30:43] ============================================================
[02:30:43] 📝 技术文档自动更新（优化版）
[02:30:43] 📅 日期: 2026年08月22日
[02:30:43] ============================================================
[02:30:43] 🎯 主题: Linux系统管理技巧
[02:30:43] 📝 步骤 1/4: 生成HTML文档 (归档页)
[02:30:43] ✅ HTML文档已生成: /home/swg/.openclaw/workspace/tech/history/2026/08/20260822.html
[02:30:43] 📋 步骤 1.5/4: 更新月份归档索引
[02:30:43] ✅ 月份归档索引已更新: 2026年08月22日 (13篇)
[02:30:43] 🎨 步骤 2/4: 生成 8 张配图
[02:30:43] 🖼️  生成图片 1/8: Linux系统管理技巧...
[02:30:52]   ✅ tech_home_1.png (166KB)
[02:30:52] 🖼️  生成图片 2/8: Linux系统管理技巧...
[02:31:01]   ✅ tech_home_2.png (133KB)
[02:31:01] 🖼️  生成图片 3/8: Linux系统管理技巧...
[02:31:09]   ✅ tech_home_3.png (128KB)
[02:31:09] 🖼️  生成图片 4/8: Linux系统管理技巧...
[02:31:23]   ✅ tech_home_4.png (114KB)
[02:31:23] 🖼️  生成图片 5/8: Linux系统管理技巧...
[02:31:31]   ✅ tech_home_5.png (101KB)
[02:31:31] 🖼️  生成图片 6/8: Linux系统管理技巧...
[02:31:40]   ✅ tech_home_6.png (126KB)
[02:31:40] 🖼️  生成图片 7/8: Linux系统管理技巧...
[02:31:49]   ✅ tech_home_7.png (157KB)
[02:31:49] 🖼️  生成图片 8/8: Linux系统管理技巧...
[02:31:58]   ✅ tech_home_8.png (118KB)
[02:31:58] ✅ 图片生成完成: 8/8 成功
[02:31:58] 🔄 步骤 3/4: 更新首页
[02:31:58] ✅ 首页已更新
[02:31:58] 📝 正在提交到Git...
[02:31:59] ✅ Git提交成功
[02:31:59] 🔄 git pull --rebase origin master ...
[02:32:02] 📤 git push origin master ...
[02:32:08] ✅ 推送到GitHub成功
[02:32:08] ============================================================
[02:32:08] ✅ 技术文档自动更新完成！
[02:32:08] 📅 日期: 2026年08月22日
[02:32:08] 🎯 主题: Linux系统管理技巧
[02:32:08] 🖼️  图片: ✅ 已生成 8 张
[02:32:08] ============================================================
[02:32:08] ❌ 发送飞书通知失败: [Errno 2] No such file or directory: '/home/swg/.openclaw/openclaw.json'
