[02:30:35] ============================================================
[02:30:35] 开始更新技术文档 - 2026-07-06 02:30:35.822940
[02:30:35] ============================================================
[02:30:35] ============================================================
[02:30:35] 📝 技术文档自动更新（优化版）
[02:30:35] 📅 日期: 2026年07月06日
[02:30:35] ============================================================
[02:30:35] 🎯 主题: 微服务架构设计
[02:30:35] 📝 步骤 1/4: 生成HTML文档 (归档页)
[02:30:35] ✅ HTML文档已生成: /home/swg/.openclaw/workspace/tech/history/2026/07/20260706.html
[02:30:35] 📋 步骤 1.5/4: 更新月份归档索引
[02:30:35] ⚠️  月份索引不存在，跳过: /home/swg/.openclaw/workspace/tech/history/2026/07/index.html
[02:30:35] 🎨 步骤 2/4: 生成 8 张配图
[02:30:35] 🖼️  生成图片 1/8: 微服务架构设计...
[02:30:46]   ✅ tech_home_1.png (128KB)
[02:30:46] 🖼️  生成图片 2/8: 微服务架构设计...
[02:30:55]   ✅ tech_home_2.png (187KB)
[02:30:55] 🖼️  生成图片 3/8: 微服务架构设计...
[02:31:04]   ✅ tech_home_3.png (150KB)
[02:31:04] 🖼️  生成图片 4/8: 微服务架构设计...
[02:31:13]   ✅ tech_home_4.png (151KB)
[02:31:13] 🖼️  生成图片 5/8: 微服务架构设计...
[02:31:21]   ✅ tech_home_5.png (177KB)
[02:31:21] 🖼️  生成图片 6/8: 微服务架构设计...
[02:31:29]   ✅ tech_home_6.png (138KB)
[02:31:29] 🖼️  生成图片 7/8: 微服务架构设计...
[02:31:41]   ✅ tech_home_7.png (145KB)
[02:31:41] 🖼️  生成图片 8/8: 微服务架构设计...
[02:31:50]   ✅ tech_home_8.png (155KB)
[02:31:50] ✅ 图片生成完成: 8/8 成功
[02:31:50] 🔄 步骤 3/4: 更新首页
[02:31:50] ✅ 首页已更新
[02:31:50] 📝 正在提交到Git...
