[02:30:25] ============================================================
[02:30:25] 开始更新技术文档 - 2026-06-07 02:30:25.059733
[02:30:25] ============================================================
[02:30:25] ============================================================
[02:30:25] 📝 技术文档自动更新（优化版）
[02:30:25] 📅 日期: 2026年06月07日
[02:30:25] ============================================================
[02:30:25] 🎯 主题: 云原生技术实践
[02:30:25] 📝 步骤 1/4: 生成HTML文档 (归档页)
[02:30:25] ✅ HTML文档已生成: /home/swg/.openclaw/workspace/tech/history/2026/06/20260607.html
[02:30:25] 📋 步骤 1.5/4: 更新月份归档索引
[02:30:25] ✅ 月份归档索引已更新: 2026年06月07日 (13篇)
[02:30:25] 🎨 步骤 2/4: 生成 8 张配图
[02:30:25] 🖼️  生成图片 1/8: 云原生技术实践...
[02:30:33]   ✅ tech_home_1.png (120KB)
[02:30:33] 🖼️  生成图片 2/8: 云原生技术实践...
[02:30:42]   ✅ tech_home_2.png (154KB)
[02:30:42] 🖼️  生成图片 3/8: 云原生技术实践...
[02:30:52]   ✅ tech_home_3.png (150KB)
[02:30:52] 🖼️  生成图片 4/8: 云原生技术实践...
[02:31:01]   ✅ tech_home_4.png (176KB)
[02:31:01] 🖼️  生成图片 5/8: 云原生技术实践...
[02:31:09]   ✅ tech_home_5.png (146KB)
[02:31:09] 🖼️  生成图片 6/8: 云原生技术实践...
[02:31:18]   ✅ tech_home_6.png (138KB)
[02:31:18] 🖼️  生成图片 7/8: 云原生技术实践...
[02:31:26]   ✅ tech_home_7.png (153KB)
[02:31:26] 🖼️  生成图片 8/8: 云原生技术实践...
[02:31:37]   ✅ tech_home_8.png (136KB)
[02:31:37] ✅ 图片生成完成: 8/8 成功
[02:31:37] 🔄 步骤 3/4: 更新首页
[02:31:37] ✅ 首页已更新
[02:31:37] 📝 正在提交到Git...
[02:31:38] ✅ Git提交成功
[02:32:12] ✅ 推送到GitHub成功
[02:32:12] ============================================================
[02:32:12] ✅ 技术文档自动更新完成！
[02:32:12] 📅 日期: 2026年06月07日
[02:32:12] 🎯 主题: 云原生技术实践
[02:32:12] 🖼️  图片: ✅ 已生成 8 张
[02:32:12] ============================================================
[02:32:13] ❌ 发送飞书通知失败: [Errno 2] No such file or directory: '/home/swg/.openclaw/openclaw.json'
