[02:30:51] ============================================================
[02:30:51] 开始更新技术文档 - 2026-09-21 02:30:51.755827
[02:30:51] ============================================================
[02:30:51] ============================================================
[02:30:51] 📝 技术文档自动更新（优化版）
[02:30:51] 📅 日期: 2026年09月21日
[02:30:51] ============================================================
[02:30:51] 🎯 主题: Linux系统管理技巧
[02:30:51] 📝 步骤 1/4: 生成HTML文档 (归档页)
[02:30:51] ✅ HTML文档已生成: /home/swg/.openclaw/workspace/tech/history/2026/09/20260921.html
[02:30:51] 📋 步骤 1.5/4: 更新月份归档索引
[02:30:51] ✅ 月份归档索引已更新: 2026年09月21日 (13篇)
[02:30:51] 🎨 步骤 2/4: 生成 8 张配图
[02:30:51] 🖼️  生成图片 1/8: Linux系统管理技巧...
[02:31:03]   ✅ tech_home_1.png (138KB)
[02:31:03] 🖼️  生成图片 2/8: Linux系统管理技巧...
[02:31:15]   ✅ tech_home_2.png (152KB)
[02:31:15] 🖼️  生成图片 3/8: Linux系统管理技巧...
[02:31:26]   ✅ tech_home_3.png (135KB)
[02:31:26] 🖼️  生成图片 4/8: Linux系统管理技巧...
[02:31:37]   ✅ tech_home_4.png (111KB)
[02:31:37] 🖼️  生成图片 5/8: Linux系统管理技巧...
[02:31:45]   ✅ tech_home_5.png (104KB)
[02:31:45] 🖼️  生成图片 6/8: Linux系统管理技巧...
[02:31:54]   ✅ tech_home_6.png (96KB)
[02:31:54] 🖼️  生成图片 7/8: Linux系统管理技巧...
[02:32:03]   ✅ tech_home_7.png (154KB)
[02:32:03] 🖼️  生成图片 8/8: Linux系统管理技巧...
[02:32:11]   ✅ tech_home_8.png (131KB)
[02:32:11] ✅ 图片生成完成: 8/8 成功
[02:32:11] 🔄 步骤 3/4: 更新首页
[02:32:11] ✅ 首页已更新
[02:32:11] 🖼️ 步骤 3.5/4: 归档页插入配图
[02:32:11] ✅ 归档页配图已插入: /home/swg/.openclaw/workspace/tech/history/2026/09/20260921.html
[02:32:11] 📝 正在提交到Git...
[02:32:12] ✅ Git提交成功
[02:32:12] 🔄 git pull --rebase origin master ...
[02:32:15] 📤 git push origin master ...
[02:32:21] ✅ 推送到GitHub成功
[02:32:21] ============================================================
[02:32:21] ✅ 技术文档自动更新完成！
[02:32:21] 📅 日期: 2026年09月21日
[02:32:21] 🎯 主题: Linux系统管理技巧
[02:32:21] 🖼️  图片: ✅ 已生成 8 张
[02:32:21] ============================================================
[02:32:21] ❌ 发送飞书通知失败: [Errno 2] No such file or directory: '/home/swg/.openclaw/openclaw.json'
