[02:30:20] ============================================================
[02:30:20] 开始更新技术文档 - 2026-07-11 02:30:20.140910
[02:30:20] ============================================================
[02:30:20] ============================================================
[02:30:20] 📝 技术文档自动更新（优化版）
[02:30:20] 📅 日期: 2026年07月11日
[02:30:20] ============================================================
[02:30:20] 🎯 主题: Docker容器化部署指南
[02:30:20] 📝 步骤 1/4: 生成HTML文档 (归档页)
[02:30:20] ✅ HTML文档已生成: /home/swg/.openclaw/workspace/tech/history/2026/07/20260711.html
[02:30:20] 📋 步骤 1.5/4: 更新月份归档索引
[02:30:20] ⚠️  月份索引不存在，跳过: /home/swg/.openclaw/workspace/tech/history/2026/07/index.html
[02:30:20] 🎨 步骤 2/4: 生成 8 张配图
[02:30:20] 🖼️  生成图片 1/8: Docker容器化部署指南...
[02:30:29]   ✅ tech_home_1.png (138KB)
[02:30:29] 🖼️  生成图片 2/8: Docker容器化部署指南...
[02:30:39]   ✅ tech_home_2.png (137KB)
[02:30:39] 🖼️  生成图片 3/8: Docker容器化部署指南...
[02:30:51]   ✅ tech_home_3.png (125KB)
[02:30:51] 🖼️  生成图片 4/8: Docker容器化部署指南...
[02:31:00]   ✅ tech_home_4.png (135KB)
[02:31:00] 🖼️  生成图片 5/8: Docker容器化部署指南...
[02:31:09]   ✅ tech_home_5.png (127KB)
[02:31:09] 🖼️  生成图片 6/8: Docker容器化部署指南...
[02:31:21]   ✅ tech_home_6.png (150KB)
[02:31:21] 🖼️  生成图片 7/8: Docker容器化部署指南...
[02:31:30]   ✅ tech_home_7.png (148KB)
[02:31:30] 🖼️  生成图片 8/8: Docker容器化部署指南...
[02:31:39]   ✅ tech_home_8.png (159KB)
[02:31:39] ✅ 图片生成完成: 8/8 成功
[02:31:39] 🔄 步骤 3/4: 更新首页
[02:31:39] ✅ 首页已更新
[02:31:39] 📝 正在提交到Git...
[02:31:39] ✅ Git提交成功
[02:32:42] ✅ 推送到GitHub成功
[02:32:42] ============================================================
[02:32:42] ✅ 技术文档自动更新完成！
[02:32:42] 📅 日期: 2026年07月11日
[02:32:42] 🎯 主题: Docker容器化部署指南
[02:32:42] 🖼️  图片: ✅ 已生成 8 张
[02:32:42] ============================================================
[02:32:42] ❌ 发送飞书通知失败: [Errno 2] No such file or directory: '/home/swg/.openclaw/openclaw.json'
