[02:30:48] ============================================================
[02:30:48] 开始更新技术文档 - 2026-07-15 02:30:48.914242
[02:30:48] ============================================================
[02:30:48] ============================================================
[02:30:48] 📝 技术文档自动更新（优化版）
[02:30:48] 📅 日期: 2026年07月15日
[02:30:48] ============================================================
[02:30:48] 🎯 主题: Web安全防护指南
[02:30:48] 📝 步骤 1/4: 生成HTML文档 (归档页)
[02:30:48] ✅ HTML文档已生成: /home/swg/.openclaw/workspace/tech/history/2026/07/20260715.html
[02:30:48] 📋 步骤 1.5/4: 更新月份归档索引
[02:30:48] ✅ 月份归档索引已更新: 2026年07月15日 (13篇)
[02:30:48] 🎨 步骤 2/4: 生成 8 张配图
[02:30:48] 🖼️  生成图片 1/8: Web安全防护指南...
[02:31:02]   ✅ tech_home_1.png (128KB)
[02:31:02] 🖼️  生成图片 2/8: Web安全防护指南...
[02:31:10]   ✅ tech_home_2.png (156KB)
[02:31:10] 🖼️  生成图片 3/8: Web安全防护指南...
[02:31:19]   ✅ tech_home_3.png (160KB)
[02:31:19] 🖼️  生成图片 4/8: Web安全防护指南...
[02:31:30]   ✅ tech_home_4.png (179KB)
[02:31:30] 🖼️  生成图片 5/8: Web安全防护指南...
[02:31:39]   ✅ tech_home_5.png (149KB)
[02:31:39] 🖼️  生成图片 6/8: Web安全防护指南...
[02:31:53]   ✅ tech_home_6.png (144KB)
[02:31:53] 🖼️  生成图片 7/8: Web安全防护指南...
[02:32:02]   ✅ tech_home_7.png (163KB)
[02:32:02] 🖼️  生成图片 8/8: Web安全防护指南...
[02:32:10]   ✅ tech_home_8.png (168KB)
[02:32:10] ✅ 图片生成完成: 8/8 成功
[02:32:10] 🔄 步骤 3/4: 更新首页
[02:32:10] ✅ 首页已更新
[02:32:10] 📝 正在提交到Git...
