[02:30:36] ============================================================
[02:30:36] 开始更新技术文档 - 2026-10-07 02:30:36.465383
[02:30:36] ============================================================
[02:30:36] ============================================================
[02:30:36] 📝 技术文档自动更新（优化版）
[02:30:36] 📅 日期: 2026年10月07日
[02:30:36] ============================================================
[02:30:36] 🎯 主题: 人工智能应用开发
[02:30:36] 📝 步骤 1/4: 生成HTML文档 (归档页)
[02:30:36] ✅ HTML文档已生成: /home/swg/.openclaw/workspace/tech/history/2026/10/20261007.html
[02:30:36] 📋 步骤 1.5/4: 更新月份归档索引
[02:30:36] ✅ 月份归档索引已更新: 2026年10月07日 (13篇)
[02:30:36] 🎨 步骤 2/4: 生成 8 张配图
[02:30:36] 🖼️  生成图片 1/8: 人工智能应用开发...
[02:30:44]   ✅ tech_home_1.png (141KB)
[02:30:44] 🖼️  生成图片 2/8: 人工智能应用开发...
[02:30:56]   ✅ tech_home_2.png (127KB)
[02:30:56] 🖼️  生成图片 3/8: 人工智能应用开发...
[02:31:04]   ✅ tech_home_3.png (128KB)
[02:31:04] 🖼️  生成图片 4/8: 人工智能应用开发...
[02:31:13]   ✅ tech_home_4.png (168KB)
[02:31:13] 🖼️  生成图片 5/8: 人工智能应用开发...
[02:31:21]   ✅ tech_home_5.png (192KB)
[02:31:21] 🖼️  生成图片 6/8: 人工智能应用开发...
[02:31:30]   ✅ tech_home_6.png (106KB)
[02:31:30] 🖼️  生成图片 7/8: 人工智能应用开发...
[02:31:38]   ✅ tech_home_7.png (142KB)
[02:31:38] 🖼️  生成图片 8/8: 人工智能应用开发...
[02:31:46]   ✅ tech_home_8.png (139KB)
[02:31:46] ✅ 图片生成完成: 8/8 成功
[02:31:46] 🔄 步骤 3/4: 更新首页
[02:31:47] ✅ 首页已更新
[02:31:47] 🖼️ 步骤 3.5/4: 归档页插入配图
[02:31:47] ✅ 归档页配图已插入: /home/swg/.openclaw/workspace/tech/history/2026/10/20261007.html
[02:31:47] 📝 正在提交到Git...
