[02:30:31] ============================================================
[02:30:31] 开始更新技术文档 - 2026-10-03 02:30:31.643345
[02:30:31] ============================================================
[02:30:31] ============================================================
[02:30:31] 📝 技术文档自动更新（优化版）
[02:30:31] 📅 日期: 2026年10月03日
[02:30:31] ============================================================
[02:30:31] 🎯 主题: Web安全防护指南
[02:30:31] 📝 步骤 1/4: 生成HTML文档 (归档页)
[02:30:31] ✅ HTML文档已生成: /home/swg/.openclaw/workspace/tech/history/2026/10/20261003.html
[02:30:31] 📋 步骤 1.5/4: 更新月份归档索引
[02:30:31] ✅ 月份归档索引已更新: 2026年10月03日 (13篇)
[02:30:31] 🎨 步骤 2/4: 生成 8 张配图
[02:30:31] 🖼️  生成图片 1/8: Web安全防护指南...
[02:30:40]   ✅ tech_home_1.png (131KB)
[02:30:40] 🖼️  生成图片 2/8: Web安全防护指南...
[02:30:52]   ✅ tech_home_2.png (146KB)
[02:30:52] 🖼️  生成图片 3/8: Web安全防护指南...
[02:31:04]   ✅ tech_home_3.png (136KB)
[02:31:04] 🖼️  生成图片 4/8: Web安全防护指南...
[02:31:12]   ✅ tech_home_4.png (146KB)
[02:31:12] 🖼️  生成图片 5/8: Web安全防护指南...
[02:31:25]   ✅ tech_home_5.png (143KB)
[02:31:25] 🖼️  生成图片 6/8: Web安全防护指南...
[02:31:37]   ✅ tech_home_6.png (136KB)
[02:31:37] 🖼️  生成图片 7/8: Web安全防护指南...
[02:31:45]   ✅ tech_home_7.png (153KB)
[02:31:45] 🖼️  生成图片 8/8: Web安全防护指南...
[02:31:56]   ✅ tech_home_8.png (141KB)
[02:31:56] ✅ 图片生成完成: 8/8 成功
[02:31:56] 🔄 步骤 3/4: 更新首页
[02:31:56] ✅ 首页已更新
[02:31:56] 🖼️ 步骤 3.5/4: 归档页插入配图
[02:31:56] ✅ 归档页配图已插入: /home/swg/.openclaw/workspace/tech/history/2026/10/20261003.html
[02:31:56] 📝 正在提交到Git...
[02:31:56] ✅ Git提交成功
[02:31:56] 🔄 git pull --rebase origin master ...
[02:32:00] 📤 git push origin master ...
[02:32:06] ✅ 推送到GitHub成功
[02:32:06] ============================================================
[02:32:06] ✅ 技术文档自动更新完成！
[02:32:06] 📅 日期: 2026年10月03日
[02:32:06] 🎯 主题: Web安全防护指南
[02:32:06] 🖼️  图片: ✅ 已生成 8 张
[02:32:06] ============================================================
[02:32:06] ❌ 发送飞书通知失败: [Errno 2] No such file or directory: '/home/swg/.openclaw/openclaw.json'
