[02:30:04] ============================================================
[02:30:04] 开始更新技术文档 - 2026-09-06 02:30:04.528761
[02:30:04] ============================================================
[02:30:04] ============================================================
[02:30:04] 📝 技术文档自动更新（优化版）
[02:30:04] 📅 日期: 2026年09月06日
[02:30:04] ============================================================
[02:30:04] 🎯 主题: DevOps自动化流程
[02:30:04] 📝 步骤 1/4: 生成HTML文档 (归档页)
[02:30:04] ✅ HTML文档已生成: /home/swg/.openclaw/workspace/tech/history/2026/09/20260906.html
[02:30:04] 📋 步骤 1.5/4: 更新月份归档索引
[02:30:04] ✅ 月份归档索引已更新: 2026年09月06日 (13篇)
[02:30:04] 🎨 步骤 2/4: 生成 8 张配图
[02:30:04] 🖼️  生成图片 1/8: DevOps自动化流程...
[02:30:13]   ✅ tech_home_1.png (134KB)
[02:30:13] 🖼️  生成图片 2/8: DevOps自动化流程...
[02:30:23]   ✅ tech_home_2.png (151KB)
[02:30:23] 🖼️  生成图片 3/8: DevOps自动化流程...
[02:30:32]   ✅ tech_home_3.png (133KB)
[02:30:32] 🖼️  生成图片 4/8: DevOps自动化流程...
[02:30:40]   ✅ tech_home_4.png (155KB)
[02:30:40] 🖼️  生成图片 5/8: DevOps自动化流程...
[02:30:53]   ✅ tech_home_5.png (170KB)
[02:30:53] 🖼️  生成图片 6/8: DevOps自动化流程...
[02:31:04]   ✅ tech_home_6.png (132KB)
[02:31:04] 🖼️  生成图片 7/8: DevOps自动化流程...
[02:31:12]   ✅ tech_home_7.png (159KB)
[02:31:12] 🖼️  生成图片 8/8: DevOps自动化流程...
[02:31:21]   ✅ tech_home_8.png (177KB)
[02:31:21] ✅ 图片生成完成: 8/8 成功
[02:31:21] 🔄 步骤 3/4: 更新首页
[02:31:21] ✅ 首页已更新
[02:31:21] 📝 正在提交到Git...
