[02:30:27] ============================================================
[02:30:27] 开始更新技术文档 - 2026-07-21 02:30:27.594133
[02:30:27] ============================================================
[02:30:27] ============================================================
[02:30:27] 📝 技术文档自动更新（优化版）
[02:30:27] 📅 日期: 2026年07月21日
[02:30:27] ============================================================
[02:30:27] 🎯 主题: Docker容器化部署指南
[02:30:27] 📝 步骤 1/4: 生成HTML文档 (归档页)
[02:30:27] ✅ HTML文档已生成: /home/swg/.openclaw/workspace/tech/history/2026/07/20260721.html
[02:30:27] 📋 步骤 1.5/4: 更新月份归档索引
[02:30:27] ✅ 月份归档索引已更新: 2026年07月21日 (13篇)
[02:30:27] 🎨 步骤 2/4: 生成 8 张配图
[02:30:27] 🖼️  生成图片 1/8: Docker容器化部署指南...
[02:30:36]   ✅ tech_home_1.png (138KB)
[02:30:36] 🖼️  生成图片 2/8: Docker容器化部署指南...
[02:30:45]   ✅ tech_home_2.png (153KB)
[02:30:45] 🖼️  生成图片 3/8: Docker容器化部署指南...
[02:30:54]   ✅ tech_home_3.png (125KB)
[02:30:54] 🖼️  生成图片 4/8: Docker容器化部署指南...
[02:31:03]   ✅ tech_home_4.png (149KB)
[02:31:03] 🖼️  生成图片 5/8: Docker容器化部署指南...
[02:31:11]   ✅ tech_home_5.png (114KB)
[02:31:11] 🖼️  生成图片 6/8: Docker容器化部署指南...
[02:31:21]   ✅ tech_home_6.png (142KB)
[02:31:21] 🖼️  生成图片 7/8: Docker容器化部署指南...
[02:31:31]   ✅ tech_home_7.png (156KB)
[02:31:31] 🖼️  生成图片 8/8: Docker容器化部署指南...
[02:31:40]   ✅ tech_home_8.png (150KB)
[02:31:40] ✅ 图片生成完成: 8/8 成功
[02:31:40] 🔄 步骤 3/4: 更新首页
[02:31:40] ✅ 首页已更新
[02:31:40] 📝 正在提交到Git...
