[10:02:52] ============================================================
[10:02:52] 开始更新技术文档 - 2026-05-18 10:02:52.497940
[10:02:52] ============================================================
[10:03:21] ============================================================
[10:03:21] 开始更新技术文档 - 2026-05-18 10:03:21.822964
[10:03:21] ============================================================
[10:03:21] ============================================================
[10:03:21] 📝 技术文档自动更新（优化版）
[10:03:21] 📅 日期: 2026年05月18日
[10:03:21] ============================================================
[10:03:21] 🎯 主题: 云原生技术实践
[10:03:21] 📝 步骤 1/3: 生成HTML文档 (归档页)
[10:03:21] ✅ HTML文档已生成: /home/swg/.openclaw/workspace/tech/history/2026/05/20260518.html
[10:03:21] 🎨 步骤 2/3: 生成图片
[10:03:21] 📊 质量标准: 文件200KB-800KB, 分辨率≥1280x720, 比例16:9
[10:03:21] 🖼️  生成图片: 云原生技术实践... (尝试 1)
[10:03:23] ⚠️  图片生成失败，重试...
[10:03:26] 🖼️  生成图片: 云原生技术实践... (尝试 2)
[10:03:28] ⚠️  图片生成失败，重试...
[10:03:31] 🖼️  生成图片: 云原生技术实践... (尝试 3)
[10:03:32] ❌ 图片生成失败
[10:03:32] 🔄 步骤 3/3: 更新首页
[10:03:32] ✅ 首页已更新
[10:03:32] 📝 正在提交到Git...
[10:03:32] ✅ Git提交成功
[10:03:36] ✅ 推送到GitHub成功
[10:03:36] ============================================================
[10:03:36] ✅ 技术文档自动更新完成！
[10:03:36] 📅 日期: 2026年05月18日
[10:03:36] 🎯 主题: 云原生技术实践
[10:03:36] 🖼️  图片: ❌ 生成失败
[10:03:36] ============================================================
[10:03:36] ❌ 发送飞书通知失败: [Errno 2] No such file or directory: '/home/swg/.openclaw/openclaw.json'
[10:30:03] ============================================================
[10:30:03] 开始更新技术文档 - 2026-05-18 10:30:03.369807
[10:30:03] ============================================================
[10:30:03] ============================================================
[10:30:03] 📝 技术文档自动更新（优化版）
[10:30:03] 📅 日期: 2026年05月18日
[10:30:03] ============================================================
[10:30:03] 🎯 主题: 云原生技术实践
[10:30:03] 📝 步骤 1/3: 生成HTML文档 (归档页)
[10:30:03] ✅ HTML文档已生成: /home/swg/.openclaw/workspace/tech/history/2026/05/20260518.html
[10:30:03] 🎨 步骤 2/3: 生成图片
[10:30:03] 📊 质量标准: 文件200KB-800KB, 分辨率≥1280x720, 比例16:9
[10:30:03] 🖼️  生成图片: 云原生技术实践... (尝试 1)
[10:30:06] ⚠️  图片生成失败，重试...
[10:30:09] 🖼️  生成图片: 云原生技术实践... (尝试 2)
[10:31:36] ⚠️  图片生成失败，重试...
[10:31:39] 🖼️  生成图片: 云原生技术实践... (尝试 3)
[10:33:05] ❌ 图片生成失败
[10:33:05] 🔄 步骤 3/3: 更新首页
[10:33:05] ✅ 首页已更新
[10:33:05] 📝 正在提交到Git...
[10:33:05] ✅ Git提交成功
[10:33:11] ✅ 推送到GitHub成功
[10:33:11] ============================================================
[10:33:11] ✅ 技术文档自动更新完成！
[10:33:11] 📅 日期: 2026年05月18日
[10:33:11] 🎯 主题: 云原生技术实践
[10:33:11] 🖼️  图片: ❌ 生成失败
[10:33:11] ============================================================
[10:33:12] ❌ 发送飞书通知失败: [Errno 2] No such file or directory: '/home/swg/.openclaw/openclaw.json'
[11:02:27] ============================================================
[11:02:27] 开始更新技术文档 - 2026-05-18 11:02:27.499388
[11:02:27] ============================================================
[11:02:27] ============================================================
[11:02:27] 📝 技术文档自动更新（优化版）
[11:02:27] 📅 日期: 2026年05月18日
[11:02:27] ============================================================
[11:02:27] 🎯 主题: 云原生技术实践
[11:02:27] 📝 步骤 1/3: 生成HTML文档 (归档页)
[11:02:27] ✅ HTML文档已生成: /home/swg/.openclaw/workspace/tech/history/2026/05/20260518.html
[11:02:27] 🎨 步骤 2/3: 生成图片
[11:02:27] 📊 质量标准: 文件200KB-800KB, 分辨率≥1280x720, 比例16:9
[11:02:27] 🖼️  生成图片: 云原生技术实践... (尝试 1)
[11:02:29] ⚠️  图片生成失败，重试...
[11:02:32] 🖼️  生成图片: 云原生技术实践... (尝试 2)
[11:02:33] ⚠️  图片生成失败，重试...
[11:02:36] 🖼️  生成图片: 云原生技术实践... (尝试 3)
[11:02:38] ❌ 图片生成失败
[11:02:38] 🔄 步骤 3/3: 更新首页
[11:02:38] ✅ 首页已更新
[11:02:38] 📝 正在提交到Git...
[11:02:38] ✅ Git提交成功
[11:02:42] ✅ 推送到GitHub成功
[11:02:42] ============================================================
[11:02:42] ✅ 技术文档自动更新完成！
[11:02:42] 📅 日期: 2026年05月18日
[11:02:42] 🎯 主题: 云原生技术实践
[11:02:42] 🖼️  图片: ❌ 生成失败
[11:02:42] ============================================================
[11:02:42] ❌ 发送飞书通知失败: [Errno 2] No such file or directory: '/home/swg/.openclaw/openclaw.json'
