[02:30:53] ============================================================
[02:30:53] 开始更新技术文档 - 2026-08-08 02:30:53.096757
[02:30:53] ============================================================
[02:30:53] ============================================================
[02:30:53] 📝 技术文档自动更新（优化版）
[02:30:53] 📅 日期: 2026年08月08日
[02:30:53] ============================================================
[02:30:53] 🎯 主题: 人工智能应用开发
[02:30:53] 📝 步骤 1/4: 生成HTML文档 (归档页)
[02:30:53] ✅ HTML文档已生成: /home/swg/.openclaw/workspace/tech/history/2026/08/20260808.html
[02:30:53] 📋 步骤 1.5/4: 更新月份归档索引
[02:30:53] ✅ 月份归档索引已更新: 2026年08月08日 (13篇)
[02:30:53] 🎨 步骤 2/4: 生成 8 张配图
[02:30:53] 🖼️  生成图片 1/8: 人工智能应用开发...
[02:31:03]   ✅ tech_home_1.png (145KB)
[02:31:03] 🖼️  生成图片 2/8: 人工智能应用开发...
[02:31:15]   ✅ tech_home_2.png (146KB)
[02:31:15] 🖼️  生成图片 3/8: 人工智能应用开发...
[02:31:24]   ✅ tech_home_3.png (157KB)
[02:31:24] 🖼️  生成图片 4/8: 人工智能应用开发...
[02:31:32]   ✅ tech_home_4.png (174KB)
[02:31:32] 🖼️  生成图片 5/8: 人工智能应用开发...
[02:31:41]   ✅ tech_home_5.png (160KB)
[02:31:41] 🖼️  生成图片 6/8: 人工智能应用开发...
[02:31:49]   ✅ tech_home_6.png (90KB)
[02:31:49] 🖼️  生成图片 7/8: 人工智能应用开发...
[02:31:58]   ✅ tech_home_7.png (158KB)
[02:31:58] 🖼️  生成图片 8/8: 人工智能应用开发...
[02:32:08]   ✅ tech_home_8.png (147KB)
[02:32:08] ✅ 图片生成完成: 8/8 成功
[02:32:08] 🔄 步骤 3/4: 更新首页
[02:32:08] ✅ 首页已更新
[02:32:08] 📝 正在提交到Git...
