[02:30:54] ============================================================
[02:30:54] 开始更新技术文档 - 2026-06-03 02:30:54.889364
[02:30:54] ============================================================
[02:30:54] ============================================================
[02:30:54] 📝 技术文档自动更新（优化版）
[02:30:54] 📅 日期: 2026年06月03日
[02:30:54] ============================================================
[02:30:54] 🎯 主题: Linux系统管理技巧
[02:30:54] 📝 步骤 1/4: 生成HTML文档 (归档页)
[02:30:54] ✅ HTML文档已生成: /home/swg/.openclaw/workspace/tech/history/2026/06/20260603.html
[02:30:54] 📋 步骤 1.5/4: 更新月份归档索引
[02:30:54] ✅ 月份归档索引已更新: 2026年06月03日 (13篇)
[02:30:54] 🎨 步骤 2/4: 生成 8 张配图
[02:30:54] 🖼️  生成图片 1/8: Linux系统管理技巧...
[02:31:06]   ✅ tech_home_1.png (136KB)
[02:31:06] 🖼️  生成图片 2/8: Linux系统管理技巧...
[02:31:14]   ✅ tech_home_2.png (185KB)
[02:31:14] 🖼️  生成图片 3/8: Linux系统管理技巧...
[02:31:22]   ✅ tech_home_3.png (125KB)
[02:31:22] 🖼️  生成图片 4/8: Linux系统管理技巧...
[02:31:35]   ✅ tech_home_4.png (104KB)
[02:31:35] 🖼️  生成图片 5/8: Linux系统管理技巧...
[02:31:44]   ✅ tech_home_5.png (108KB)
[02:31:44] 🖼️  生成图片 6/8: Linux系统管理技巧...
[02:31:52]   ✅ tech_home_6.png (125KB)
[02:31:52] 🖼️  生成图片 7/8: Linux系统管理技巧...
[02:32:04]   ✅ tech_home_7.png (158KB)
[02:32:04] 🖼️  生成图片 8/8: Linux系统管理技巧...
[02:32:12]   ✅ tech_home_8.png (146KB)
[02:32:12] ✅ 图片生成完成: 8/8 成功
[02:32:12] 🔄 步骤 3/4: 更新首页
[02:32:12] ✅ 首页已更新
[02:32:12] 📝 正在提交到Git...
