[02:30:25] ============================================================
[02:30:25] 开始更新技术文档 - 2026-10-04 02:30:25.755867
[02:30:25] ============================================================
[02:30:25] ============================================================
[02:30:25] 📝 技术文档自动更新（优化版）
[02:30:25] 📅 日期: 2026年10月04日
[02:30:25] ============================================================
[02:30:25] 🎯 主题: 微服务架构设计
[02:30:25] 📝 步骤 1/4: 生成HTML文档 (归档页)
[02:30:25] ✅ HTML文档已生成: /home/swg/.openclaw/workspace/tech/history/2026/10/20261004.html
[02:30:25] 📋 步骤 1.5/4: 更新月份归档索引
[02:30:25] ✅ 月份归档索引已更新: 2026年10月04日 (13篇)
[02:30:25] 🎨 步骤 2/4: 生成 8 张配图
[02:30:25] 🖼️  生成图片 1/8: 微服务架构设计...
[02:30:34]   ✅ tech_home_1.png (139KB)
[02:30:34] 🖼️  生成图片 2/8: 微服务架构设计...
[02:30:42]   ✅ tech_home_2.png (162KB)
[02:30:42] 🖼️  生成图片 3/8: 微服务架构设计...
[02:30:51]   ✅ tech_home_3.png (162KB)
[02:30:51] 🖼️  生成图片 4/8: 微服务架构设计...
[02:30:59]   ✅ tech_home_4.png (202KB)
[02:30:59] 🖼️  生成图片 5/8: 微服务架构设计...
[02:31:07]   ✅ tech_home_5.png (138KB)
[02:31:07] 🖼️  生成图片 6/8: 微服务架构设计...
[02:31:19]   ✅ tech_home_6.png (141KB)
[02:31:19] 🖼️  生成图片 7/8: 微服务架构设计...
[02:31:30]   ✅ tech_home_7.png (122KB)
[02:31:30] 🖼️  生成图片 8/8: 微服务架构设计...
[02:31:39]   ✅ tech_home_8.png (167KB)
[02:31:39] ✅ 图片生成完成: 8/8 成功
[02:31:39] 🔄 步骤 3/4: 更新首页
[02:31:39] ✅ 首页已更新
[02:31:39] 🖼️ 步骤 3.5/4: 归档页插入配图
[02:31:39] ✅ 归档页配图已插入: /home/swg/.openclaw/workspace/tech/history/2026/10/20261004.html
[02:31:39] 📝 正在提交到Git...
[02:31:39] ✅ Git提交成功
[02:31:39] 🔄 git pull --rebase origin master ...
[02:31:43] 📤 git push origin master ...
[02:31:48] ✅ 推送到GitHub成功
[02:31:48] ============================================================
[02:31:48] ✅ 技术文档自动更新完成！
[02:31:48] 📅 日期: 2026年10月04日
[02:31:48] 🎯 主题: 微服务架构设计
[02:31:48] 🖼️  图片: ✅ 已生成 8 张
[02:31:48] ============================================================
[02:31:49] ❌ 发送飞书通知失败: [Errno 2] No such file or directory: '/home/swg/.openclaw/openclaw.json'
