[02:30:12] ============================================================
[02:30:12] 开始更新技术文档 - 2026-08-19 02:30:12.381347
[02:30:12] ============================================================
[02:30:12] ============================================================
[02:30:12] 📝 技术文档自动更新（优化版）
[02:30:12] 📅 日期: 2026年08月19日
[02:30:12] ============================================================
[02:30:12] 🎯 主题: Python编程技巧与最佳实践
[02:30:12] 📝 步骤 1/4: 生成HTML文档 (归档页)
[02:30:12] ✅ HTML文档已生成: /home/swg/.openclaw/workspace/tech/history/2026/08/20260819.html
[02:30:12] 📋 步骤 1.5/4: 更新月份归档索引
[02:30:12] ✅ 月份归档索引已更新: 2026年08月19日 (14篇)
[02:30:12] 🎨 步骤 2/4: 生成 8 张配图
[02:30:12] 🖼️  生成图片 1/8: Python编程技巧与最佳实践...
[02:30:25]   ✅ tech_home_1.png (131KB)
[02:30:25] 🖼️  生成图片 2/8: Python编程技巧与最佳实践...
[02:30:34]   ✅ tech_home_2.png (142KB)
[02:30:34] 🖼️  生成图片 3/8: Python编程技巧与最佳实践...
[02:30:45]   ✅ tech_home_3.png (127KB)
[02:30:45] 🖼️  生成图片 4/8: Python编程技巧与最佳实践...
[02:30:58]   ✅ tech_home_4.png (120KB)
[02:30:58] 🖼️  生成图片 5/8: Python编程技巧与最佳实践...
[02:31:06]   ✅ tech_home_5.png (142KB)
[02:31:06] 🖼️  生成图片 6/8: Python编程技巧与最佳实践...
[02:31:15]   ✅ tech_home_6.png (101KB)
[02:31:15] 🖼️  生成图片 7/8: Python编程技巧与最佳实践...
[02:31:27]   ✅ tech_home_7.png (151KB)
[02:31:27] 🖼️  生成图片 8/8: Python编程技巧与最佳实践...
[02:31:38]   ✅ tech_home_8.png (119KB)
[02:31:38] ✅ 图片生成完成: 8/8 成功
[02:31:38] 🔄 步骤 3/4: 更新首页
[02:31:38] ✅ 首页已更新
[02:31:38] 📝 正在提交到Git...
[02:31:38] ✅ Git提交成功
[02:31:38] 🔄 git pull --rebase origin master ...
[02:31:41] 📤 git push origin master ...
[02:31:47] ✅ 推送到GitHub成功
[02:31:47] ============================================================
[02:31:47] ✅ 技术文档自动更新完成！
[02:31:47] 📅 日期: 2026年08月19日
[02:31:47] 🎯 主题: Python编程技巧与最佳实践
[02:31:47] 🖼️  图片: ✅ 已生成 8 张
[02:31:47] ============================================================
[02:31:48] ❌ 发送飞书通知失败: [Errno 2] No such file or directory: '/home/swg/.openclaw/openclaw.json'
