[02:30:27] ============================================================
[02:30:27] 开始更新技术文档 - 2026-06-01 02:30:27.830857
[02:30:27] ============================================================
[02:30:27] ============================================================
[02:30:27] 📝 技术文档自动更新（优化版）
[02:30:27] 📅 日期: 2026年06月01日
[02:30:27] ============================================================
[02:30:27] 🎯 主题: Docker容器化部署指南
[02:30:27] 📝 步骤 1/4: 生成HTML文档 (归档页)
[02:30:27] ✅ HTML文档已生成: /home/swg/.openclaw/workspace/tech/history/2026/06/20260601.html
[02:30:27] 📋 步骤 1.5/4: 更新月份归档索引
[02:30:27] ⚠️  月份索引不存在，跳过: /home/swg/.openclaw/workspace/tech/history/2026/06/index.html
[02:30:27] 🎨 步骤 2/4: 生成 8 张配图
[02:30:27] 🖼️  生成图片 1/8: Docker容器化部署指南...
[02:30:39]   ✅ tech_home_1.png (138KB)
[02:30:39] 🖼️  生成图片 2/8: Docker容器化部署指南...
[02:30:47]   ✅ tech_home_2.png (169KB)
[02:30:47] 🖼️  生成图片 3/8: Docker容器化部署指南...
[02:30:56]   ✅ tech_home_3.png (144KB)
[02:30:56] 🖼️  生成图片 4/8: Docker容器化部署指南...
[02:31:05]   ✅ tech_home_4.png (142KB)
[02:31:05] 🖼️  生成图片 5/8: Docker容器化部署指南...
[02:31:14]   ✅ tech_home_5.png (132KB)
[02:31:14] 🖼️  生成图片 6/8: Docker容器化部署指南...
[02:31:26]   ✅ tech_home_6.png (158KB)
[02:31:26] 🖼️  生成图片 7/8: Docker容器化部署指南...
[02:31:35]   ✅ tech_home_7.png (192KB)
[02:31:35] 🖼️  生成图片 8/8: Docker容器化部署指南...
[02:31:46]   ✅ tech_home_8.png (111KB)
[02:31:46] ✅ 图片生成完成: 8/8 成功
[02:31:46] 🔄 步骤 3/4: 更新首页
[02:31:46] ✅ 首页已更新
[02:31:46] 📝 正在提交到Git...
