[02:30:09] ============================================================
[02:30:09] 开始更新技术文档 - 2026-08-27 02:30:09.070007
[02:30:09] ============================================================
[02:30:09] ============================================================
[02:30:09] 📝 技术文档自动更新（优化版）
[02:30:09] 📅 日期: 2026年08月27日
[02:30:09] ============================================================
[02:30:09] 🎯 主题: DevOps自动化流程
[02:30:09] 📝 步骤 1/4: 生成HTML文档 (归档页)
[02:30:09] ✅ HTML文档已生成: /home/swg/.openclaw/workspace/tech/history/2026/08/20260827.html
[02:30:09] 📋 步骤 1.5/4: 更新月份归档索引
[02:30:09] ✅ 月份归档索引已更新: 2026年08月27日 (13篇)
[02:30:09] 🎨 步骤 2/4: 生成 8 张配图
[02:30:09] 🖼️  生成图片 1/8: DevOps自动化流程...
[02:30:17]   ✅ tech_home_1.png (134KB)
[02:30:17] 🖼️  生成图片 2/8: DevOps自动化流程...
[02:30:26]   ✅ tech_home_2.png (158KB)
[02:30:26] 🖼️  生成图片 3/8: DevOps自动化流程...
[02:30:34]   ✅ tech_home_3.png (114KB)
[02:30:34] 🖼️  生成图片 4/8: DevOps自动化流程...
[02:30:43]   ✅ tech_home_4.png (152KB)
[02:30:43] 🖼️  生成图片 5/8: DevOps自动化流程...
[02:30:53]   ✅ tech_home_5.png (155KB)
[02:30:53] 🖼️  生成图片 6/8: DevOps自动化流程...
[02:31:01]   ✅ tech_home_6.png (128KB)
[02:31:01] 🖼️  生成图片 7/8: DevOps自动化流程...
[02:31:11]   ✅ tech_home_7.png (163KB)
[02:31:11] 🖼️  生成图片 8/8: DevOps自动化流程...
[02:31:20]   ✅ tech_home_8.png (149KB)
[02:31:20] ✅ 图片生成完成: 8/8 成功
[02:31:20] 🔄 步骤 3/4: 更新首页
[02:31:20] ✅ 首页已更新
[02:31:20] 📝 正在提交到Git...
[02:31:20] ✅ Git提交成功
[02:31:20] 🔄 git pull --rebase origin master ...
[02:31:24] 📤 git push origin master ...
[02:31:30] ✅ 推送到GitHub成功
[02:31:30] ============================================================
[02:31:30] ✅ 技术文档自动更新完成！
[02:31:30] 📅 日期: 2026年08月27日
[02:31:30] 🎯 主题: DevOps自动化流程
[02:31:30] 🖼️  图片: ✅ 已生成 8 张
[02:31:30] ============================================================
[02:31:30] ❌ 发送飞书通知失败: [Errno 2] No such file or directory: '/home/swg/.openclaw/openclaw.json'
