[02:30:27] ============================================================
[02:30:27] 开始更新技术文档 - 2026-06-09 02:30:27.643034
[02:30:27] ============================================================
[02:30:27] ============================================================
[02:30:27] 📝 技术文档自动更新（优化版）
[02:30:27] 📅 日期: 2026年06月09日
[02:30:27] ============================================================
[02:30:27] 🎯 主题: 人工智能应用开发
[02:30:27] 📝 步骤 1/4: 生成HTML文档 (归档页)
[02:30:27] ✅ HTML文档已生成: /home/swg/.openclaw/workspace/tech/history/2026/06/20260609.html
[02:30:27] 📋 步骤 1.5/4: 更新月份归档索引
[02:30:27] ✅ 月份归档索引已更新: 2026年06月09日 (13篇)
[02:30:27] 🎨 步骤 2/4: 生成 8 张配图
[02:30:27] 🖼️  生成图片 1/8: 人工智能应用开发...
[02:30:37]   ✅ tech_home_1.png (155KB)
[02:30:37] 🖼️  生成图片 2/8: 人工智能应用开发...
[02:30:46]   ✅ tech_home_2.png (150KB)
[02:30:46] 🖼️  生成图片 3/8: 人工智能应用开发...
[02:30:59]   ✅ tech_home_3.png (155KB)
[02:30:59] 🖼️  生成图片 4/8: 人工智能应用开发...
[02:31:07]   ✅ tech_home_4.png (190KB)
[02:31:07] 🖼️  生成图片 5/8: 人工智能应用开发...
[02:31:16]   ✅ tech_home_5.png (168KB)
[02:31:16] 🖼️  生成图片 6/8: 人工智能应用开发...
[02:31:27]   ✅ tech_home_6.png (136KB)
[02:31:27] 🖼️  生成图片 7/8: 人工智能应用开发...
[02:31:35]   ✅ tech_home_7.png (151KB)
[02:31:35] 🖼️  生成图片 8/8: 人工智能应用开发...
[02:31:44]   ✅ tech_home_8.png (171KB)
[02:31:44] ✅ 图片生成完成: 8/8 成功
[02:31:44] 🔄 步骤 3/4: 更新首页
[02:31:44] ✅ 首页已更新
[02:31:44] 📝 正在提交到Git...
[02:31:44] ✅ Git提交成功
[02:31:52] ✅ 推送到GitHub成功
[02:31:52] ============================================================
[02:31:52] ✅ 技术文档自动更新完成！
[02:31:52] 📅 日期: 2026年06月09日
[02:31:52] 🎯 主题: 人工智能应用开发
[02:31:52] 🖼️  图片: ✅ 已生成 8 张
[02:31:52] ============================================================
[02:31:52] ❌ 发送飞书通知失败: [Errno 2] No such file or directory: '/home/swg/.openclaw/openclaw.json'
