[02:30:44] ============================================================
[02:30:44] 开始更新技术文档 - 2026-06-17 02:30:44.528020
[02:30:44] ============================================================
[02:30:44] ============================================================
[02:30:44] 📝 技术文档自动更新（优化版）
[02:30:44] 📅 日期: 2026年06月17日
[02:30:44] ============================================================
[02:30:44] 🎯 主题: 云原生技术实践
[02:30:44] 📝 步骤 1/4: 生成HTML文档 (归档页)
[02:30:44] ✅ HTML文档已生成: /home/swg/.openclaw/workspace/tech/history/2026/06/20260617.html
[02:30:44] 📋 步骤 1.5/4: 更新月份归档索引
[02:30:44] ✅ 月份归档索引已更新: 2026年06月17日 (13篇)
[02:30:44] 🎨 步骤 2/4: 生成 8 张配图
[02:30:44] 🖼️  生成图片 1/8: 云原生技术实践...
[02:30:53]   ✅ tech_home_1.png (145KB)
[02:30:53] 🖼️  生成图片 2/8: 云原生技术实践...
[02:31:01]   ✅ tech_home_2.png (163KB)
[02:31:01] 🖼️  生成图片 3/8: 云原生技术实践...
[02:31:10]   ✅ tech_home_3.png (157KB)
[02:31:10] 🖼️  生成图片 4/8: 云原生技术实践...
[02:31:19]   ✅ tech_home_4.png (137KB)
[02:31:19] 🖼️  生成图片 5/8: 云原生技术实践...
[02:31:27]   ✅ tech_home_5.png (123KB)
[02:31:27] 🖼️  生成图片 6/8: 云原生技术实践...
[02:31:36]   ✅ tech_home_6.png (184KB)
[02:31:36] 🖼️  生成图片 7/8: 云原生技术实践...
[02:31:46]   ✅ tech_home_7.png (159KB)
[02:31:46] 🖼️  生成图片 8/8: 云原生技术实践...
[02:31:54]   ✅ tech_home_8.png (159KB)
[02:31:54] ✅ 图片生成完成: 8/8 成功
[02:31:54] 🔄 步骤 3/4: 更新首页
[02:31:54] ✅ 首页已更新
[02:31:54] 📝 正在提交到Git...
