[02:30:40] ============================================================
[02:30:40] 开始更新技术文档 - 2026-09-08 02:30:40.872856
[02:30:40] ============================================================
[02:30:40] ============================================================
[02:30:40] 📝 技术文档自动更新（优化版）
[02:30:40] 📅 日期: 2026年09月08日
[02:30:40] ============================================================
[02:30:40] 🎯 主题: Python编程技巧与最佳实践
[02:30:40] 📝 步骤 1/4: 生成HTML文档 (归档页)
[02:30:40] ✅ HTML文档已生成: /home/swg/.openclaw/workspace/tech/history/2026/09/20260908.html
[02:30:40] 📋 步骤 1.5/4: 更新月份归档索引
[02:30:40] ✅ 月份归档索引已更新: 2026年09月08日 (14篇)
[02:30:40] 🎨 步骤 2/4: 生成 8 张配图
[02:30:40] 🖼️  生成图片 1/8: Python编程技巧与最佳实践...
[02:30:49]   ✅ tech_home_1.png (164KB)
[02:30:49] 🖼️  生成图片 2/8: Python编程技巧与最佳实践...
[02:31:02]   ✅ tech_home_2.png (123KB)
[02:31:02] 🖼️  生成图片 3/8: Python编程技巧与最佳实践...
[02:31:10]   ✅ tech_home_3.png (133KB)
[02:31:10] 🖼️  生成图片 4/8: Python编程技巧与最佳实践...
[02:31:19]   ✅ tech_home_4.png (119KB)
[02:31:19] 🖼️  生成图片 5/8: Python编程技巧与最佳实践...
[02:31:27]   ✅ tech_home_5.png (134KB)
[02:31:27] 🖼️  生成图片 6/8: Python编程技巧与最佳实践...
[02:31:36]   ✅ tech_home_6.png (109KB)
[02:31:36] 🖼️  生成图片 7/8: Python编程技巧与最佳实践...
[02:31:44]   ✅ tech_home_7.png (175KB)
[02:31:44] 🖼️  生成图片 8/8: Python编程技巧与最佳实践...
[02:31:58]   ✅ tech_home_8.png (124KB)
[02:31:58] ✅ 图片生成完成: 8/8 成功
[02:31:58] 🔄 步骤 3/4: 更新首页
[02:31:58] ✅ 首页已更新
[02:31:58] 📝 正在提交到Git...
[02:31:58] ✅ Git提交成功
[02:31:58] 🔄 git pull --rebase origin master ...
[02:32:02] 📤 git push origin master ...
[02:32:08] ✅ 推送到GitHub成功
[02:32:08] ============================================================
[02:32:08] ✅ 技术文档自动更新完成！
[02:32:08] 📅 日期: 2026年09月08日
[02:32:08] 🎯 主题: Python编程技巧与最佳实践
[02:32:08] 🖼️  图片: ✅ 已生成 8 张
[02:32:08] ============================================================
[02:32:08] ❌ 发送飞书通知失败: [Errno 2] No such file or directory: '/home/swg/.openclaw/openclaw.json'
