[02:30:34] ============================================================
[02:30:34] 开始更新技术文档 - 2026-09-18 02:30:34.961353
[02:30:34] ============================================================
[02:30:34] ============================================================
[02:30:34] 📝 技术文档自动更新（优化版）
[02:30:34] 📅 日期: 2026年09月18日
[02:30:34] ============================================================
[02:30:34] 🎯 主题: Python编程技巧与最佳实践
[02:30:34] 📝 步骤 1/4: 生成HTML文档 (归档页)
[02:30:34] ✅ HTML文档已生成: /home/swg/.openclaw/workspace/tech/history/2026/09/20260918.html
[02:30:34] 📋 步骤 1.5/4: 更新月份归档索引
[02:30:34] ✅ 月份归档索引已更新: 2026年09月18日 (14篇)
[02:30:34] 🎨 步骤 2/4: 生成 8 张配图
[02:30:34] 🖼️  生成图片 1/8: Python编程技巧与最佳实践...
[02:30:43]   ✅ tech_home_1.png (156KB)
[02:30:43] 🖼️  生成图片 2/8: Python编程技巧与最佳实践...
[02:30:51]   ✅ tech_home_2.png (136KB)
[02:30:51] 🖼️  生成图片 3/8: Python编程技巧与最佳实践...
[02:31:00]   ✅ tech_home_3.png (119KB)
[02:31:00] 🖼️  生成图片 4/8: Python编程技巧与最佳实践...
[02:31:09]   ✅ tech_home_4.png (136KB)
[02:31:09] 🖼️  生成图片 5/8: Python编程技巧与最佳实践...
[02:31:17]   ✅ tech_home_5.png (138KB)
[02:31:17] 🖼️  生成图片 6/8: Python编程技巧与最佳实践...
[02:31:27]   ✅ tech_home_6.png (122KB)
[02:31:27] 🖼️  生成图片 7/8: Python编程技巧与最佳实践...
[02:31:35]   ✅ tech_home_7.png (149KB)
[02:31:35] 🖼️  生成图片 8/8: Python编程技巧与最佳实践...
[02:31:44]   ✅ tech_home_8.png (124KB)
[02:31:44] ✅ 图片生成完成: 8/8 成功
[02:31:44] 🔄 步骤 3/4: 更新首页
[02:31:44] ✅ 首页已更新
[02:31:44] 🖼️ 步骤 3.5/4: 归档页插入配图
[02:31:44] ✅ 归档页配图已插入: /home/swg/.openclaw/workspace/tech/history/2026/09/20260918.html
[02:31:44] 📝 正在提交到Git...
