[02:30:33] ============================================================
[02:30:33] 开始更新技术文档 - 2026-06-06 02:30:33.160229
[02:30:33] ============================================================
[02:30:33] ============================================================
[02:30:33] 📝 技术文档自动更新（优化版）
[02:30:33] 📅 日期: 2026年06月06日
[02:30:33] ============================================================
[02:30:33] 🎯 主题: 微服务架构设计
[02:30:33] 📝 步骤 1/4: 生成HTML文档 (归档页)
[02:30:33] ✅ HTML文档已生成: /home/swg/.openclaw/workspace/tech/history/2026/06/20260606.html
[02:30:33] 📋 步骤 1.5/4: 更新月份归档索引
[02:30:33] ✅ 月份归档索引已更新: 2026年06月06日 (13篇)
[02:30:33] 🎨 步骤 2/4: 生成 8 张配图
[02:30:33] 🖼️  生成图片 1/8: 微服务架构设计...
[02:30:42]   ✅ tech_home_1.png (112KB)
[02:30:42] 🖼️  生成图片 2/8: 微服务架构设计...
[02:30:54]   ✅ tech_home_2.png (143KB)
[02:30:54] 🖼️  生成图片 3/8: 微服务架构设计...
[02:31:02]   ✅ tech_home_3.png (156KB)
[02:31:02] 🖼️  生成图片 4/8: 微服务架构设计...
[02:31:12]   ✅ tech_home_4.png (209KB)
[02:31:12] 🖼️  生成图片 5/8: 微服务架构设计...
[02:31:20]   ✅ tech_home_5.png (151KB)
[02:31:20] 🖼️  生成图片 6/8: 微服务架构设计...
[02:31:33]   ✅ tech_home_6.png (133KB)
[02:31:33] 🖼️  生成图片 7/8: 微服务架构设计...
[02:31:44]   ✅ tech_home_7.png (158KB)
[02:31:44] 🖼️  生成图片 8/8: 微服务架构设计...
[02:31:55]   ✅ tech_home_8.png (178KB)
[02:31:55] ✅ 图片生成完成: 8/8 成功
[02:31:55] 🔄 步骤 3/4: 更新首页
[02:31:55] ✅ 首页已更新
[02:31:55] 📝 正在提交到Git...
[02:31:56] ✅ Git提交成功
[02:32:01] ✅ 推送到GitHub成功
[02:32:01] ============================================================
[02:32:01] ✅ 技术文档自动更新完成！
[02:32:01] 📅 日期: 2026年06月06日
[02:32:01] 🎯 主题: 微服务架构设计
[02:32:01] 🖼️  图片: ✅ 已生成 8 张
[02:32:01] ============================================================
[02:32:01] ❌ 发送飞书通知失败: [Errno 2] No such file or directory: '/home/swg/.openclaw/openclaw.json'
