[02:30:29] ============================================================
[02:30:29] 开始更新技术文档 - 2026-08-17 02:30:29.869647
[02:30:29] ============================================================
[02:30:29] ============================================================
[02:30:29] 📝 技术文档自动更新（优化版）
[02:30:29] 📅 日期: 2026年08月17日
[02:30:29] ============================================================
[02:30:29] 🎯 主题: DevOps自动化流程
[02:30:29] 📝 步骤 1/4: 生成HTML文档 (归档页)
[02:30:29] ✅ HTML文档已生成: /home/swg/.openclaw/workspace/tech/history/2026/08/20260817.html
[02:30:29] 📋 步骤 1.5/4: 更新月份归档索引
[02:30:29] ✅ 月份归档索引已更新: 2026年08月17日 (13篇)
[02:30:29] 🎨 步骤 2/4: 生成 8 张配图
[02:30:29] 🖼️  生成图片 1/8: DevOps自动化流程...
[02:30:42]   ✅ tech_home_1.png (139KB)
[02:30:42] 🖼️  生成图片 2/8: DevOps自动化流程...
[02:30:55]   ✅ tech_home_2.png (149KB)
[02:30:55] 🖼️  生成图片 3/8: DevOps自动化流程...
[02:31:03]   ✅ tech_home_3.png (117KB)
[02:31:03] 🖼️  生成图片 4/8: DevOps自动化流程...
[02:31:11]   ✅ tech_home_4.png (157KB)
[02:31:11] 🖼️  生成图片 5/8: DevOps自动化流程...
[02:31:22]   ✅ tech_home_5.png (138KB)
[02:31:22] 🖼️  生成图片 6/8: DevOps自动化流程...
[02:31:31]   ✅ tech_home_6.png (97KB)
[02:31:31] 🖼️  生成图片 7/8: DevOps自动化流程...
[02:31:39]   ✅ tech_home_7.png (144KB)
[02:31:39] 🖼️  生成图片 8/8: DevOps自动化流程...
[02:31:52]   ✅ tech_home_8.png (148KB)
[02:31:52] ✅ 图片生成完成: 8/8 成功
[02:31:52] 🔄 步骤 3/4: 更新首页
[02:31:52] ✅ 首页已更新
[02:31:52] 📝 正在提交到Git...
