[02:30:55] ============================================================
[02:30:55] 开始更新技术文档 - 2026-09-20 02:30:55.920111
[02:30:55] ============================================================
[02:30:55] ============================================================
[02:30:55] 📝 技术文档自动更新（优化版）
[02:30:55] 📅 日期: 2026年09月20日
[02:30:55] ============================================================
[02:30:55] 🎯 主题: Git版本控制高级用法
[02:30:55] 📝 步骤 1/4: 生成HTML文档 (归档页)
[02:30:55] ✅ HTML文档已生成: /home/swg/.openclaw/workspace/tech/history/2026/09/20260920.html
[02:30:55] 📋 步骤 1.5/4: 更新月份归档索引
[02:30:55] ✅ 月份归档索引已更新: 2026年09月20日 (13篇)
[02:30:55] 🎨 步骤 2/4: 生成 8 张配图
[02:30:55] 🖼️  生成图片 1/8: Git版本控制高级用法...
[02:31:05]   ✅ tech_home_1.png (115KB)
[02:31:05] 🖼️  生成图片 2/8: Git版本控制高级用法...
[02:31:14]   ✅ tech_home_2.png (134KB)
[02:31:14] 🖼️  生成图片 3/8: Git版本控制高级用法...
[02:31:23]   ✅ tech_home_3.png (119KB)
[02:31:23] 🖼️  生成图片 4/8: Git版本控制高级用法...
[02:31:41]   ✅ tech_home_4.png (146KB)
[02:31:41] 🖼️  生成图片 5/8: Git版本控制高级用法...
[02:31:49]   ✅ tech_home_5.png (95KB)
[02:31:49] 🖼️  生成图片 6/8: Git版本控制高级用法...
[02:32:00]   ✅ tech_home_6.png (133KB)
[02:32:00] 🖼️  生成图片 7/8: Git版本控制高级用法...
[02:32:09]   ✅ tech_home_7.png (137KB)
[02:32:09] 🖼️  生成图片 8/8: Git版本控制高级用法...
[02:32:22]   ✅ tech_home_8.png (140KB)
[02:32:22] ✅ 图片生成完成: 8/8 成功
[02:32:22] 🔄 步骤 3/4: 更新首页
[02:32:22] ✅ 首页已更新
[02:32:22] 🖼️ 步骤 3.5/4: 归档页插入配图
[02:32:22] ✅ 归档页配图已插入: /home/swg/.openclaw/workspace/tech/history/2026/09/20260920.html
[02:32:22] 📝 正在提交到Git...
[02:32:22] ✅ Git提交成功
[02:32:22] 🔄 git pull --rebase origin master ...
[02:32:26] 📤 git push origin master ...
[02:32:32] ✅ 推送到GitHub成功
[02:32:32] ============================================================
[02:32:32] ✅ 技术文档自动更新完成！
[02:32:32] 📅 日期: 2026年09月20日
[02:32:32] 🎯 主题: Git版本控制高级用法
[02:32:32] 🖼️  图片: ✅ 已生成 8 张
[02:32:32] ============================================================
[02:32:32] ❌ 发送飞书通知失败: [Errno 2] No such file or directory: '/home/swg/.openclaw/openclaw.json'
