[02:30:13] ============================================================
[02:30:13] 开始更新技术文档 - 2026-08-26 02:30:13.798869
[02:30:13] ============================================================
[02:30:13] ============================================================
[02:30:13] 📝 技术文档自动更新（优化版）
[02:30:13] 📅 日期: 2026年08月26日
[02:30:13] ============================================================
[02:30:13] 🎯 主题: 云原生技术实践
[02:30:13] 📝 步骤 1/4: 生成HTML文档 (归档页)
[02:30:13] ✅ HTML文档已生成: /home/swg/.openclaw/workspace/tech/history/2026/08/20260826.html
[02:30:13] 📋 步骤 1.5/4: 更新月份归档索引
[02:30:13] ✅ 月份归档索引已更新: 2026年08月26日 (13篇)
[02:30:13] 🎨 步骤 2/4: 生成 8 张配图
[02:30:13] 🖼️  生成图片 1/8: 云原生技术实践...
[02:30:22]   ✅ tech_home_1.png (130KB)
[02:30:22] 🖼️  生成图片 2/8: 云原生技术实践...
[02:30:33]   ✅ tech_home_2.png (168KB)
[02:30:33] 🖼️  生成图片 3/8: 云原生技术实践...
[02:30:43]   ✅ tech_home_3.png (140KB)
[02:30:43] 🖼️  生成图片 4/8: 云原生技术实践...
[02:30:56]   ✅ tech_home_4.png (164KB)
[02:30:56] 🖼️  生成图片 5/8: 云原生技术实践...
[02:31:05]   ✅ tech_home_5.png (138KB)
[02:31:05] 🖼️  生成图片 6/8: 云原生技术实践...
[02:31:17]   ✅ tech_home_6.png (121KB)
[02:31:17] 🖼️  生成图片 7/8: 云原生技术实践...
[02:31:25]   ✅ tech_home_7.png (169KB)
[02:31:25] 🖼️  生成图片 8/8: 云原生技术实践...
[02:31:38]   ✅ tech_home_8.png (125KB)
[02:31:38] ✅ 图片生成完成: 8/8 成功
[02:31:38] 🔄 步骤 3/4: 更新首页
[02:31:38] ✅ 首页已更新
[02:31:38] 📝 正在提交到Git...
[02:31:38] ✅ Git提交成功
[02:31:38] 🔄 git pull --rebase origin master ...
[02:31:42] 📤 git push origin master ...
[02:31:47] ✅ 推送到GitHub成功
[02:31:47] ============================================================
[02:31:47] ✅ 技术文档自动更新完成！
[02:31:47] 📅 日期: 2026年08月26日
[02:31:47] 🎯 主题: 云原生技术实践
[02:31:47] 🖼️  图片: ✅ 已生成 8 张
[02:31:47] ============================================================
[02:31:48] ❌ 发送飞书通知失败: [Errno 2] No such file or directory: '/home/swg/.openclaw/openclaw.json'
