[02:30:27] ============================================================
[02:30:27] 开始更新技术文档 - 2026-05-25 02:30:27.570354
[02:30:27] ============================================================
[02:30:27] ============================================================
[02:30:27] 📝 技术文档自动更新（优化版）
[02:30:27] 📅 日期: 2026年05月25日
[02:30:27] ============================================================
[02:30:27] 🎯 主题: 数据库优化策略
[02:30:27] 📝 步骤 1/4: 生成HTML文档 (归档页)
[02:30:27] ✅ HTML文档已生成: /home/swg/.openclaw/workspace/tech/history/2026/05/20260525.html
[02:30:27] 📋 步骤 1.5/4: 更新月份归档索引
[02:30:27] ✅ 月份归档索引已更新: 2026年05月25日 (13篇)
[02:30:27] 🎨 步骤 2/4: 生成 8 张配图
[02:30:27] 🖼️  生成图片 1/8: 数据库优化策略...
[02:30:36]   ✅ tech_home_1.png (142KB)
[02:30:36] 🖼️  生成图片 2/8: 数据库优化策略...
[02:30:44]   ✅ tech_home_2.png (183KB)
[02:30:44] 🖼️  生成图片 3/8: 数据库优化策略...
[02:30:53]   ✅ tech_home_3.png (158KB)
[02:30:53] 🖼️  生成图片 4/8: 数据库优化策略...
[02:31:02]   ✅ tech_home_4.png (135KB)
[02:31:02] 🖼️  生成图片 5/8: 数据库优化策略...
[02:31:12]   ✅ tech_home_5.png (168KB)
[02:31:12] 🖼️  生成图片 6/8: 数据库优化策略...
[02:31:20]   ✅ tech_home_6.png (159KB)
[02:31:20] 🖼️  生成图片 7/8: 数据库优化策略...
[02:31:29]   ✅ tech_home_7.png (122KB)
[02:31:29] 🖼️  生成图片 8/8: 数据库优化策略...
[02:31:41]   ✅ tech_home_8.png (165KB)
[02:31:41] ✅ 图片生成完成: 8/8 成功
[02:31:41] 🔄 步骤 3/4: 更新首页
[02:31:41] ✅ 首页已更新
[02:31:41] 📝 正在提交到Git...
