[02:30:12] ============================================================
[02:30:12] 开始更新技术文档 - 2026-09-24 02:30:12.642557
[02:30:12] ============================================================
[02:30:12] ============================================================
[02:30:12] 📝 技术文档自动更新（优化版）
[02:30:12] 📅 日期: 2026年09月24日
[02:30:12] ============================================================
[02:30:12] 🎯 主题: 微服务架构设计
[02:30:12] 📝 步骤 1/4: 生成HTML文档 (归档页)
[02:30:12] ✅ HTML文档已生成: /home/swg/.openclaw/workspace/tech/history/2026/09/20260924.html
[02:30:12] 📋 步骤 1.5/4: 更新月份归档索引
[02:30:12] ✅ 月份归档索引已更新: 2026年09月24日 (13篇)
[02:30:12] 🎨 步骤 2/4: 生成 8 张配图
[02:30:12] 🖼️  生成图片 1/8: 微服务架构设计...
[02:30:21]   ✅ tech_home_1.png (144KB)
[02:30:21] 🖼️  生成图片 2/8: 微服务架构设计...
[02:30:33]   ✅ tech_home_2.png (153KB)
[02:30:33] 🖼️  生成图片 3/8: 微服务架构设计...
[02:30:42]   ✅ tech_home_3.png (149KB)
[02:30:42] 🖼️  生成图片 4/8: 微服务架构设计...
[02:30:50]   ✅ tech_home_4.png (149KB)
[02:30:50] 🖼️  生成图片 5/8: 微服务架构设计...
[02:31:07]   ✅ tech_home_5.png (193KB)
[02:31:07] 🖼️  生成图片 6/8: 微服务架构设计...
[02:31:15]   ✅ tech_home_6.png (179KB)
[02:31:15] 🖼️  生成图片 7/8: 微服务架构设计...
[02:31:24]   ✅ tech_home_7.png (145KB)
[02:31:24] 🖼️  生成图片 8/8: 微服务架构设计...
[02:31:35]   ✅ tech_home_8.png (178KB)
[02:31:35] ✅ 图片生成完成: 8/8 成功
[02:31:35] 🔄 步骤 3/4: 更新首页
[02:31:35] ✅ 首页已更新
[02:31:35] 🖼️ 步骤 3.5/4: 归档页插入配图
[02:31:35] ✅ 归档页配图已插入: /home/swg/.openclaw/workspace/tech/history/2026/09/20260924.html
[02:31:35] 📝 正在提交到Git...
[02:31:35] ✅ Git提交成功
[02:31:35] 🔄 git pull --rebase origin master ...
[02:31:39] 📤 git push origin master ...
[02:31:49] ✅ 推送到GitHub成功
[02:31:49] ============================================================
[02:31:49] ✅ 技术文档自动更新完成！
[02:31:49] 📅 日期: 2026年09月24日
[02:31:49] 🎯 主题: 微服务架构设计
[02:31:49] 🖼️  图片: ✅ 已生成 8 张
[02:31:49] ============================================================
[02:31:49] ❌ 发送飞书通知失败: [Errno 2] No such file or directory: '/home/swg/.openclaw/openclaw.json'
