[02:30:18] ============================================================
[02:30:18] 开始更新技术文档 - 2026-07-01 02:30:18.108003
[02:30:18] ============================================================
[02:30:18] ============================================================
[02:30:18] 📝 技术文档自动更新（优化版）
[02:30:18] 📅 日期: 2026年07月01日
[02:30:18] ============================================================
[02:30:18] 🎯 主题: Docker容器化部署指南
[02:30:18] 📝 步骤 1/4: 生成HTML文档 (归档页)
[02:30:18] ✅ HTML文档已生成: /home/swg/.openclaw/workspace/tech/history/2026/07/20260701.html
[02:30:18] 📋 步骤 1.5/4: 更新月份归档索引
[02:30:18] ⚠️  月份索引不存在，跳过: /home/swg/.openclaw/workspace/tech/history/2026/07/index.html
[02:30:18] 🎨 步骤 2/4: 生成 8 张配图
[02:30:18] 🖼️  生成图片 1/8: Docker容器化部署指南...
[02:30:26]   ✅ tech_home_1.png (132KB)
[02:30:26] 🖼️  生成图片 2/8: Docker容器化部署指南...
[02:30:35]   ✅ tech_home_2.png (164KB)
[02:30:35] 🖼️  生成图片 3/8: Docker容器化部署指南...
[02:30:48]   ✅ tech_home_3.png (125KB)
[02:30:48] 🖼️  生成图片 4/8: Docker容器化部署指南...
[02:30:58]   ✅ tech_home_4.png (143KB)
[02:30:58] 🖼️  生成图片 5/8: Docker容器化部署指南...
[02:31:06]   ✅ tech_home_5.png (141KB)
[02:31:06] 🖼️  生成图片 6/8: Docker容器化部署指南...
[02:31:15]   ✅ tech_home_6.png (132KB)
[02:31:15] 🖼️  生成图片 7/8: Docker容器化部署指南...
[02:31:23]   ✅ tech_home_7.png (152KB)
[02:31:23] 🖼️  生成图片 8/8: Docker容器化部署指南...
[02:31:32]   ✅ tech_home_8.png (160KB)
[02:31:32] ✅ 图片生成完成: 8/8 成功
[02:31:32] 🔄 步骤 3/4: 更新首页
[02:31:32] ✅ 首页已更新
[02:31:32] 📝 正在提交到Git...
