[02:30:21] ============================================================
[02:30:21] 开始更新技术文档 - 2026-09-14 02:30:21.188012
[02:30:21] ============================================================
[02:30:21] ============================================================
[02:30:21] 📝 技术文档自动更新（优化版）
[02:30:21] 📅 日期: 2026年09月14日
[02:30:21] ============================================================
[02:30:21] 🎯 主题: 微服务架构设计
[02:30:21] 📝 步骤 1/4: 生成HTML文档 (归档页)
[02:30:21] ✅ HTML文档已生成: /home/swg/.openclaw/workspace/tech/history/2026/09/20260914.html
[02:30:21] 📋 步骤 1.5/4: 更新月份归档索引
[02:30:21] ✅ 月份归档索引已更新: 2026年09月14日 (13篇)
[02:30:21] 🎨 步骤 2/4: 生成 8 张配图
[02:30:21] 🖼️  生成图片 1/8: 微服务架构设计...
[02:30:29]   ✅ tech_home_1.png (134KB)
[02:30:29] 🖼️  生成图片 2/8: 微服务架构设计...
[02:30:40]   ✅ tech_home_2.png (179KB)
[02:30:40] 🖼️  生成图片 3/8: 微服务架构设计...
[02:30:48]   ✅ tech_home_3.png (145KB)
[02:30:48] 🖼️  生成图片 4/8: 微服务架构设计...
[02:30:59]   ✅ tech_home_4.png (175KB)
[02:30:59] 🖼️  生成图片 5/8: 微服务架构设计...
[02:31:08]   ✅ tech_home_5.png (182KB)
[02:31:08] 🖼️  生成图片 6/8: 微服务架构设计...
[02:31:16]   ✅ tech_home_6.png (149KB)
[02:31:16] 🖼️  生成图片 7/8: 微服务架构设计...
[02:31:25]   ✅ tech_home_7.png (162KB)
[02:31:25] 🖼️  生成图片 8/8: 微服务架构设计...
[02:31:34]   ✅ tech_home_8.png (172KB)
[02:31:34] ✅ 图片生成完成: 8/8 成功
[02:31:34] 🔄 步骤 3/4: 更新首页
[02:31:34] ✅ 首页已更新
[02:31:34] 📝 正在提交到Git...
[02:31:34] ✅ Git提交成功
[02:31:34] 🔄 git pull --rebase origin master ...
[02:31:38] 📤 git push origin master ...
[02:31:44] ✅ 推送到GitHub成功
[02:31:44] ============================================================
[02:31:44] ✅ 技术文档自动更新完成！
[02:31:44] 📅 日期: 2026年09月14日
[02:31:44] 🎯 主题: 微服务架构设计
[02:31:44] 🖼️  图片: ✅ 已生成 8 张
[02:31:44] ============================================================
[02:31:44] ❌ 发送飞书通知失败: [Errno 2] No such file or directory: '/home/swg/.openclaw/openclaw.json'
