[02:30:35] ============================================================
[02:30:35] 开始更新技术文档 - 2026-05-30 02:30:35.204186
[02:30:35] ============================================================
[02:30:35] ============================================================
[02:30:35] 📝 技术文档自动更新（优化版）
[02:30:35] 📅 日期: 2026年05月30日
[02:30:35] ============================================================
[02:30:35] 🎯 主题: 人工智能应用开发
[02:30:35] 📝 步骤 1/4: 生成HTML文档 (归档页)
[02:30:35] ✅ HTML文档已生成: /home/swg/.openclaw/workspace/tech/history/2026/05/20260530.html
[02:30:35] 📋 步骤 1.5/4: 更新月份归档索引
[02:30:35] ✅ 月份归档索引已更新: 2026年05月30日 (13篇)
[02:30:35] 🎨 步骤 2/4: 生成 8 张配图
[02:30:35] 🖼️  生成图片 1/8: 人工智能应用开发...
[02:30:44]   ✅ tech_home_1.png (136KB)
[02:30:44] 🖼️  生成图片 2/8: 人工智能应用开发...
[02:30:55]   ✅ tech_home_2.png (165KB)
[02:30:55] 🖼️  生成图片 3/8: 人工智能应用开发...
[02:31:04]   ✅ tech_home_3.png (153KB)
[02:31:04] 🖼️  生成图片 4/8: 人工智能应用开发...
[02:31:12]   ✅ tech_home_4.png (171KB)
[02:31:12] 🖼️  生成图片 5/8: 人工智能应用开发...
[02:31:23]   ✅ tech_home_5.png (180KB)
[02:31:23] 🖼️  生成图片 6/8: 人工智能应用开发...
[02:31:34]   ✅ tech_home_6.png (116KB)
[02:31:34] 🖼️  生成图片 7/8: 人工智能应用开发...
[02:31:44]   ✅ tech_home_7.png (180KB)
[02:31:44] 🖼️  生成图片 8/8: 人工智能应用开发...
[02:31:58]   ✅ tech_home_8.png (150KB)
[02:31:58] ✅ 图片生成完成: 8/8 成功
[02:31:58] 🔄 步骤 3/4: 更新首页
[02:31:58] ✅ 首页已更新
[02:31:58] 📝 正在提交到Git...
[02:31:58] ✅ Git提交成功
[02:32:04] ✅ 推送到GitHub成功
[02:32:04] ============================================================
[02:32:04] ✅ 技术文档自动更新完成！
[02:32:04] 📅 日期: 2026年05月30日
[02:32:04] 🎯 主题: 人工智能应用开发
[02:32:04] 🖼️  图片: ✅ 已生成 8 张
[02:32:04] ============================================================
[02:32:04] ❌ 发送飞书通知失败: [Errno 2] No such file or directory: '/home/swg/.openclaw/openclaw.json'
