[02:30:46] ============================================================
[02:30:46] 开始更新技术文档 - 2026-06-25 02:30:46.130666
[02:30:46] ============================================================
[02:30:46] ============================================================
[02:30:46] 📝 技术文档自动更新（优化版）
[02:30:46] 📅 日期: 2026年06月25日
[02:30:46] ============================================================
[02:30:46] 🎯 主题: Web安全防护指南
[02:30:46] 📝 步骤 1/4: 生成HTML文档 (归档页)
[02:30:46] ✅ HTML文档已生成: /home/swg/.openclaw/workspace/tech/history/2026/06/20260625.html
[02:30:46] 📋 步骤 1.5/4: 更新月份归档索引
[02:30:46] ✅ 月份归档索引已更新: 2026年06月25日 (13篇)
[02:30:46] 🎨 步骤 2/4: 生成 8 张配图
[02:30:46] 🖼️  生成图片 1/8: Web安全防护指南...
[02:30:55]   ✅ tech_home_1.png (134KB)
[02:30:55] 🖼️  生成图片 2/8: Web安全防护指南...
[02:31:05]   ✅ tech_home_2.png (156KB)
[02:31:05] 🖼️  生成图片 3/8: Web安全防护指南...
[02:31:14]   ✅ tech_home_3.png (130KB)
[02:31:14] 🖼️  生成图片 4/8: Web安全防护指南...
[02:31:26]   ✅ tech_home_4.png (127KB)
[02:31:26] 🖼️  生成图片 5/8: Web安全防护指南...
[02:31:35]   ✅ tech_home_5.png (148KB)
[02:31:35] 🖼️  生成图片 6/8: Web安全防护指南...
[02:31:48]   ✅ tech_home_6.png (156KB)
[02:31:48] 🖼️  生成图片 7/8: Web安全防护指南...
[02:31:57]   ✅ tech_home_7.png (176KB)
[02:31:57] 🖼️  生成图片 8/8: Web安全防护指南...
[02:32:05]   ✅ tech_home_8.png (146KB)
[02:32:05] ✅ 图片生成完成: 8/8 成功
[02:32:05] 🔄 步骤 3/4: 更新首页
[02:32:05] ✅ 首页已更新
[02:32:05] 📝 正在提交到Git...
