[02:30:19] ============================================================
[02:30:19] 开始更新技术文档 - 2026-07-03 02:30:19.580591
[02:30:19] ============================================================
[02:30:19] ============================================================
[02:30:19] 📝 技术文档自动更新（优化版）
[02:30:19] 📅 日期: 2026年07月03日
[02:30:19] ============================================================
[02:30:19] 🎯 主题: Linux系统管理技巧
[02:30:19] 📝 步骤 1/4: 生成HTML文档 (归档页)
[02:30:19] ✅ HTML文档已生成: /home/swg/.openclaw/workspace/tech/history/2026/07/20260703.html
[02:30:19] 📋 步骤 1.5/4: 更新月份归档索引
[02:30:19] ⚠️  月份索引不存在，跳过: /home/swg/.openclaw/workspace/tech/history/2026/07/index.html
[02:30:19] 🎨 步骤 2/4: 生成 8 张配图
[02:30:19] 🖼️  生成图片 1/8: Linux系统管理技巧...
[02:30:28]   ✅ tech_home_1.png (157KB)
[02:30:28] 🖼️  生成图片 2/8: Linux系统管理技巧...
[02:30:37]   ✅ tech_home_2.png (160KB)
[02:30:37] 🖼️  生成图片 3/8: Linux系统管理技巧...
[02:30:46]   ✅ tech_home_3.png (113KB)
[02:30:46] 🖼️  生成图片 4/8: Linux系统管理技巧...
[02:30:55]   ✅ tech_home_4.png (132KB)
[02:30:55] 🖼️  生成图片 5/8: Linux系统管理技巧...
[02:31:08]   ✅ tech_home_5.png (126KB)
[02:31:08] 🖼️  生成图片 6/8: Linux系统管理技巧...
[02:31:16]   ✅ tech_home_6.png (129KB)
[02:31:16] 🖼️  生成图片 7/8: Linux系统管理技巧...
[02:31:25]   ✅ tech_home_7.png (142KB)
[02:31:25] 🖼️  生成图片 8/8: Linux系统管理技巧...
[02:31:33]   ✅ tech_home_8.png (117KB)
[02:31:33] ✅ 图片生成完成: 8/8 成功
[02:31:33] 🔄 步骤 3/4: 更新首页
[02:31:33] ✅ 首页已更新
[02:31:33] 📝 正在提交到Git...
[02:31:34] ✅ Git提交成功
[02:31:39] ✅ 推送到GitHub成功
[02:31:39] ============================================================
[02:31:39] ✅ 技术文档自动更新完成！
[02:31:39] 📅 日期: 2026年07月03日
[02:31:39] 🎯 主题: Linux系统管理技巧
[02:31:39] 🖼️  图片: ✅ 已生成 8 张
[02:31:39] ============================================================
[02:31:39] ❌ 发送飞书通知失败: [Errno 2] No such file or directory: '/home/swg/.openclaw/openclaw.json'
