[02:30:29] ============================================================
[02:30:29] 开始更新技术文档 - 2026-09-04 02:30:29.428239
[02:30:29] ============================================================
[02:30:29] ============================================================
[02:30:29] 📝 技术文档自动更新（优化版）
[02:30:29] 📅 日期: 2026年09月04日
[02:30:29] ============================================================
[02:30:29] 🎯 主题: 微服务架构设计
[02:30:29] 📝 步骤 1/4: 生成HTML文档 (归档页)
[02:30:29] ✅ HTML文档已生成: /home/swg/.openclaw/workspace/tech/history/2026/09/20260904.html
[02:30:29] 📋 步骤 1.5/4: 更新月份归档索引
[02:30:29] ✅ 月份归档索引已更新: 2026年09月04日 (13篇)
[02:30:29] 🎨 步骤 2/4: 生成 8 张配图
[02:30:29] 🖼️  生成图片 1/8: 微服务架构设计...
[02:30:42]   ✅ tech_home_1.png (122KB)
[02:30:42] 🖼️  生成图片 2/8: 微服务架构设计...
[02:30:53]   ✅ tech_home_2.png (120KB)
[02:30:53] 🖼️  生成图片 3/8: 微服务架构设计...
[02:31:03]   ✅ tech_home_3.png (177KB)
[02:31:03] 🖼️  生成图片 4/8: 微服务架构设计...
[02:31:12]   ✅ tech_home_4.png (164KB)
[02:31:12] 🖼️  生成图片 5/8: 微服务架构设计...
[02:31:20]   ✅ tech_home_5.png (157KB)
[02:31:20] 🖼️  生成图片 6/8: 微服务架构设计...
[02:31:29]   ✅ tech_home_6.png (176KB)
[02:31:29] 🖼️  生成图片 7/8: 微服务架构设计...
[02:31:41]   ✅ tech_home_7.png (147KB)
[02:31:41] 🖼️  生成图片 8/8: 微服务架构设计...
[02:31:49]   ✅ tech_home_8.png (148KB)
[02:31:49] ✅ 图片生成完成: 8/8 成功
[02:31:49] 🔄 步骤 3/4: 更新首页
[02:31:49] ✅ 首页已更新
[02:31:49] 📝 正在提交到Git...
