[02:30:09] ============================================================
[02:30:09] 开始更新技术文档 - 2026-08-31 02:30:09.354115
[02:30:09] ============================================================
[02:30:09] ============================================================
[02:30:09] 📝 技术文档自动更新（优化版）
[02:30:09] 📅 日期: 2026年08月31日
[02:30:09] ============================================================
[02:30:09] 🎯 主题: Git版本控制高级用法
[02:30:09] 📝 步骤 1/4: 生成HTML文档 (归档页)
[02:30:09] ✅ HTML文档已生成: /home/swg/.openclaw/workspace/tech/history/2026/08/20260831.html
[02:30:09] 📋 步骤 1.5/4: 更新月份归档索引
[02:30:09] ✅ 月份归档索引已更新: 2026年08月31日 (13篇)
[02:30:09] 🎨 步骤 2/4: 生成 8 张配图
[02:30:09] 🖼️  生成图片 1/8: Git版本控制高级用法...
[02:30:17]   ✅ tech_home_1.png (129KB)
[02:30:17] 🖼️  生成图片 2/8: Git版本控制高级用法...
[02:30:25]   ✅ tech_home_2.png (131KB)
[02:30:25] 🖼️  生成图片 3/8: Git版本控制高级用法...
[02:30:39]   ✅ tech_home_3.png (132KB)
[02:30:39] 🖼️  生成图片 4/8: Git版本控制高级用法...
[02:30:49]   ✅ tech_home_4.png (161KB)
[02:30:49] 🖼️  生成图片 5/8: Git版本控制高级用法...
[02:30:57]   ✅ tech_home_5.png (104KB)
[02:30:57] 🖼️  生成图片 6/8: Git版本控制高级用法...
[02:31:10]   ✅ tech_home_6.png (132KB)
[02:31:10] 🖼️  生成图片 7/8: Git版本控制高级用法...
[02:31:21]   ✅ tech_home_7.png (125KB)
[02:31:21] 🖼️  生成图片 8/8: Git版本控制高级用法...
[02:31:32]   ✅ tech_home_8.png (125KB)
[02:31:32] ✅ 图片生成完成: 8/8 成功
[02:31:32] 🔄 步骤 3/4: 更新首页
[02:31:32] ✅ 首页已更新
[02:31:32] 📝 正在提交到Git...
