[02:30:54] ============================================================
[02:30:54] 开始更新技术文档 - 2026-06-24 02:30:54.095408
[02:30:54] ============================================================
[02:30:54] ============================================================
[02:30:54] 📝 技术文档自动更新（优化版）
[02:30:54] 📅 日期: 2026年06月24日
[02:30:54] ============================================================
[02:30:54] 🎯 主题: 数据库优化策略
[02:30:54] 📝 步骤 1/4: 生成HTML文档 (归档页)
[02:30:54] ✅ HTML文档已生成: /home/swg/.openclaw/workspace/tech/history/2026/06/20260624.html
[02:30:54] 📋 步骤 1.5/4: 更新月份归档索引
[02:30:54] ✅ 月份归档索引已更新: 2026年06月24日 (13篇)
[02:30:54] 🎨 步骤 2/4: 生成 8 张配图
[02:30:54] 🖼️  生成图片 1/8: 数据库优化策略...
[02:31:05]   ✅ tech_home_1.png (138KB)
[02:31:05] 🖼️  生成图片 2/8: 数据库优化策略...
[02:31:13]   ✅ tech_home_2.png (149KB)
[02:31:13] 🖼️  生成图片 3/8: 数据库优化策略...
[02:31:26]   ✅ tech_home_3.png (175KB)
[02:31:26] 🖼️  生成图片 4/8: 数据库优化策略...
[02:31:38]   ✅ tech_home_4.png (163KB)
[02:31:38] 🖼️  生成图片 5/8: 数据库优化策略...
[02:31:48]   ✅ tech_home_5.png (196KB)
[02:31:48] 🖼️  生成图片 6/8: 数据库优化策略...
[02:31:57]   ✅ tech_home_6.png (141KB)
[02:31:57] 🖼️  生成图片 7/8: 数据库优化策略...
[02:32:06]   ✅ tech_home_7.png (127KB)
[02:32:06] 🖼️  生成图片 8/8: 数据库优化策略...
[02:32:15]   ✅ tech_home_8.png (131KB)
[02:32:15] ✅ 图片生成完成: 8/8 成功
[02:32:15] 🔄 步骤 3/4: 更新首页
[02:32:15] ✅ 首页已更新
[02:32:15] 📝 正在提交到Git...
[02:32:15] ✅ Git提交成功
[02:32:21] ✅ 推送到GitHub成功
[02:32:21] ============================================================
[02:32:21] ✅ 技术文档自动更新完成！
[02:32:21] 📅 日期: 2026年06月24日
[02:32:21] 🎯 主题: 数据库优化策略
[02:32:21] 🖼️  图片: ✅ 已生成 8 张
[02:32:21] ============================================================
[02:32:22] ❌ 发送飞书通知失败: [Errno 2] No such file or directory: '/home/swg/.openclaw/openclaw.json'
