[02:30:02] ============================================================
[02:30:02] 开始更新技术文档 - 2026-10-09 02:30:02.642088
[02:30:02] ============================================================
[02:30:02] ============================================================
[02:30:02] 📝 技术文档自动更新（优化版）
[02:30:02] 📅 日期: 2026年10月09日
[02:30:02] ============================================================
[02:30:02] 🎯 主题: Docker容器化部署指南
[02:30:02] 📝 步骤 1/4: 生成HTML文档 (归档页)
[02:30:02] ✅ HTML文档已生成: /home/swg/.openclaw/workspace/tech/history/2026/10/20261009.html
[02:30:02] 📋 步骤 1.5/4: 更新月份归档索引
[02:30:02] ✅ 月份归档索引已更新: 2026年10月09日 (13篇)
[02:30:02] 🎨 步骤 2/4: 生成 8 张配图
[02:30:02] 🖼️  生成图片 1/8: Docker容器化部署指南...
[02:30:11]   ✅ tech_home_1.png (146KB)
[02:30:11] 🖼️  生成图片 2/8: Docker容器化部署指南...
[02:30:22]   ✅ tech_home_2.png (196KB)
[02:30:22] 🖼️  生成图片 3/8: Docker容器化部署指南...
[02:30:31]   ✅ tech_home_3.png (138KB)
[02:30:31] 🖼️  生成图片 4/8: Docker容器化部署指南...
[02:30:39]   ✅ tech_home_4.png (153KB)
[02:30:39] 🖼️  生成图片 5/8: Docker容器化部署指南...
[02:30:50]   ✅ tech_home_5.png (158KB)
[02:30:50] 🖼️  生成图片 6/8: Docker容器化部署指南...
[02:30:58]   ✅ tech_home_6.png (198KB)
[02:30:58] 🖼️  生成图片 7/8: Docker容器化部署指南...
[02:31:07]   ✅ tech_home_7.png (173KB)
[02:31:07] 🖼️  生成图片 8/8: Docker容器化部署指南...
[02:31:15]   ✅ tech_home_8.png (154KB)
[02:31:15] ✅ 图片生成完成: 8/8 成功
[02:31:15] 🔄 步骤 3/4: 更新首页
[02:31:15] ✅ 首页已更新
[02:31:15] 🖼️ 步骤 3.5/4: 归档页插入配图
[02:31:15] ✅ 归档页配图已插入: /home/swg/.openclaw/workspace/tech/history/2026/10/20261009.html
[02:31:15] 📝 正在提交到Git...
