[02:30:35] ============================================================
[02:30:35] 开始更新技术文档 - 2026-07-10 02:30:35.997418
[02:30:35] ============================================================
[02:30:36] ============================================================
[02:30:36] 📝 技术文档自动更新（优化版）
[02:30:36] 📅 日期: 2026年07月10日
[02:30:36] ============================================================
[02:30:36] 🎯 主题: Python编程技巧与最佳实践
[02:30:36] 📝 步骤 1/4: 生成HTML文档 (归档页)
[02:30:36] ✅ HTML文档已生成: /home/swg/.openclaw/workspace/tech/history/2026/07/20260710.html
[02:30:36] 📋 步骤 1.5/4: 更新月份归档索引
[02:30:36] ⚠️  月份索引不存在，跳过: /home/swg/.openclaw/workspace/tech/history/2026/07/index.html
[02:30:36] 🎨 步骤 2/4: 生成 8 张配图
[02:30:36] 🖼️  生成图片 1/8: Python编程技巧与最佳实践...
[02:30:44]   ✅ tech_home_1.png (162KB)
[02:30:44] 🖼️  生成图片 2/8: Python编程技巧与最佳实践...
[02:30:52]   ✅ tech_home_2.png (115KB)
[02:30:52] 🖼️  生成图片 3/8: Python编程技巧与最佳实践...
[02:31:01]   ✅ tech_home_3.png (124KB)
[02:31:01] 🖼️  生成图片 4/8: Python编程技巧与最佳实践...
[02:31:11]   ✅ tech_home_4.png (122KB)
[02:31:11] 🖼️  生成图片 5/8: Python编程技巧与最佳实践...
[02:31:20]   ✅ tech_home_5.png (183KB)
[02:31:20] 🖼️  生成图片 6/8: Python编程技巧与最佳实践...
[02:31:30]   ✅ tech_home_6.png (95KB)
[02:31:30] 🖼️  生成图片 7/8: Python编程技巧与最佳实践...
[02:31:39]   ✅ tech_home_7.png (165KB)
[02:31:39] 🖼️  生成图片 8/8: Python编程技巧与最佳实践...
[02:31:52]   ✅ tech_home_8.png (133KB)
[02:31:52] ✅ 图片生成完成: 8/8 成功
[02:31:52] 🔄 步骤 3/4: 更新首页
[02:31:52] ✅ 首页已更新
[02:31:52] 📝 正在提交到Git...
[02:31:52] ✅ Git提交成功
[02:31:57] ✅ 推送到GitHub成功
[02:31:57] ============================================================
[02:31:57] ✅ 技术文档自动更新完成！
[02:31:57] 📅 日期: 2026年07月10日
[02:31:57] 🎯 主题: Python编程技巧与最佳实践
[02:31:57] 🖼️  图片: ✅ 已生成 8 张
[02:31:57] ============================================================
[02:31:57] ❌ 发送飞书通知失败: [Errno 2] No such file or directory: '/home/swg/.openclaw/openclaw.json'
