[02:30:03] ============================================================
[02:30:03] 开始更新技术文档 - 2026-06-15 02:30:03.927725
[02:30:03] ============================================================
[02:30:03] ============================================================
[02:30:03] 📝 技术文档自动更新（优化版）
[02:30:03] 📅 日期: 2026年06月15日
[02:30:03] ============================================================
[02:30:03] 🎯 主题: Web安全防护指南
[02:30:03] 📝 步骤 1/4: 生成HTML文档 (归档页)
[02:30:03] ✅ HTML文档已生成: /home/swg/.openclaw/workspace/tech/history/2026/06/20260615.html
[02:30:03] 📋 步骤 1.5/4: 更新月份归档索引
[02:30:03] ✅ 月份归档索引已更新: 2026年06月15日 (13篇)
[02:30:03] 🎨 步骤 2/4: 生成 8 张配图
[02:30:03] 🖼️  生成图片 1/8: Web安全防护指南...
[02:30:12]   ✅ tech_home_1.png (138KB)
[02:30:12] 🖼️  生成图片 2/8: Web安全防护指南...
[02:30:21]   ✅ tech_home_2.png (182KB)
[02:30:21] 🖼️  生成图片 3/8: Web安全防护指南...
[02:30:30]   ✅ tech_home_3.png (150KB)
[02:30:30] 🖼️  生成图片 4/8: Web安全防护指南...
[02:30:39]   ✅ tech_home_4.png (154KB)
[02:30:39] 🖼️  生成图片 5/8: Web安全防护指南...
[02:30:47]   ✅ tech_home_5.png (165KB)
[02:30:47] 🖼️  生成图片 6/8: Web安全防护指南...
[02:30:59]   ✅ tech_home_6.png (176KB)
[02:30:59] 🖼️  生成图片 7/8: Web安全防护指南...
[02:31:12]   ✅ tech_home_7.png (158KB)
[02:31:12] 🖼️  生成图片 8/8: Web安全防护指南...
[02:31:21]   ✅ tech_home_8.png (141KB)
[02:31:21] ✅ 图片生成完成: 8/8 成功
[02:31:21] 🔄 步骤 3/4: 更新首页
[02:31:21] ✅ 首页已更新
[02:31:21] 📝 正在提交到Git...
[02:31:21] ✅ Git提交成功
[02:31:26] ✅ 推送到GitHub成功
[02:31:26] ============================================================
[02:31:26] ✅ 技术文档自动更新完成！
[02:31:26] 📅 日期: 2026年06月15日
[02:31:26] 🎯 主题: Web安全防护指南
[02:31:26] 🖼️  图片: ✅ 已生成 8 张
[02:31:26] ============================================================
[02:31:27] ❌ 发送飞书通知失败: [Errno 2] No such file or directory: '/home/swg/.openclaw/openclaw.json'
