[02:30:50] ============================================================
[02:30:50] 开始更新技术文档 - 2026-06-05 02:30:50.872001
[02:30:50] ============================================================
[02:30:50] ============================================================
[02:30:50] 📝 技术文档自动更新（优化版）
[02:30:50] 📅 日期: 2026年06月05日
[02:30:50] ============================================================
[02:30:50] 🎯 主题: Web安全防护指南
[02:30:50] 📝 步骤 1/4: 生成HTML文档 (归档页)
[02:30:50] ✅ HTML文档已生成: /home/swg/.openclaw/workspace/tech/history/2026/06/20260605.html
[02:30:50] 📋 步骤 1.5/4: 更新月份归档索引
[02:30:50] ✅ 月份归档索引已更新: 2026年06月05日 (13篇)
[02:30:50] 🎨 步骤 2/4: 生成 8 张配图
[02:30:50] 🖼️  生成图片 1/8: Web安全防护指南...
[02:30:59]   ✅ tech_home_1.png (144KB)
[02:30:59] 🖼️  生成图片 2/8: Web安全防护指南...
[02:31:11]   ✅ tech_home_2.png (147KB)
[02:31:11] 🖼️  生成图片 3/8: Web安全防护指南...
[02:31:19]   ✅ tech_home_3.png (138KB)
[02:31:19] 🖼️  生成图片 4/8: Web安全防护指南...
[02:31:32]   ✅ tech_home_4.png (128KB)
[02:31:32] 🖼️  生成图片 5/8: Web安全防护指南...
[02:31:40]   ✅ tech_home_5.png (127KB)
[02:31:40] 🖼️  生成图片 6/8: Web安全防护指南...
[02:31:48]   ✅ tech_home_6.png (145KB)
[02:31:48] 🖼️  生成图片 7/8: Web安全防护指南...
[02:31:56]   ✅ tech_home_7.png (150KB)
[02:31:56] 🖼️  生成图片 8/8: Web安全防护指南...
[02:32:05]   ✅ tech_home_8.png (141KB)
[02:32:05] ✅ 图片生成完成: 8/8 成功
[02:32:05] 🔄 步骤 3/4: 更新首页
[02:32:05] ✅ 首页已更新
[02:32:05] 📝 正在提交到Git...
