[02:30:56] ============================================================
[02:30:56] 开始更新技术文档 - 2026-05-23 02:30:56.974659
[02:30:56] ============================================================
[02:30:56] ============================================================
[02:30:56] 📝 技术文档自动更新（优化版）
[02:30:56] 📅 日期: 2026年05月23日
[02:30:56] ============================================================
[02:30:56] 🎯 主题: Git版本控制高级用法
[02:30:56] 📝 步骤 1/3: 生成HTML文档 (归档页)
[02:30:56] ✅ HTML文档已生成: /home/swg/.openclaw/workspace/tech/history/2026/05/20260523.html
[02:30:56] 🎨 步骤 2/3: 生成 8 张配图
[02:30:56] 🖼️  生成图片 1/8: Git版本控制高级用法...
[02:31:06]   ✅ tech_home_1.png (135KB)
[02:31:06] 🖼️  生成图片 2/8: Git版本控制高级用法...
[02:31:15]   ✅ tech_home_2.png (165KB)
[02:31:15] 🖼️  生成图片 3/8: Git版本控制高级用法...
[02:31:23]   ✅ tech_home_3.png (154KB)
[02:31:23] 🖼️  生成图片 4/8: Git版本控制高级用法...
[02:31:34]   ✅ tech_home_4.png (130KB)
[02:31:34] 🖼️  生成图片 5/8: Git版本控制高级用法...
[02:31:43]   ✅ tech_home_5.png (89KB)
[02:31:43] 🖼️  生成图片 6/8: Git版本控制高级用法...
[02:31:51]   ✅ tech_home_6.png (101KB)
[02:31:51] 🖼️  生成图片 7/8: Git版本控制高级用法...
[02:32:03]   ✅ tech_home_7.png (137KB)
[02:32:03] 🖼️  生成图片 8/8: Git版本控制高级用法...
[02:32:13]   ✅ tech_home_8.png (134KB)
[02:32:13] ✅ 图片生成完成: 8/8 成功
[02:32:13] 🔄 步骤 3/3: 更新首页
[02:32:13] ✅ 首页已更新
[02:32:13] 📝 正在提交到Git...
[02:32:13] ✅ Git提交成功
[02:32:18] ✅ 推送到GitHub成功
[02:32:18] ============================================================
[02:32:18] ✅ 技术文档自动更新完成！
[02:32:18] 📅 日期: 2026年05月23日
[02:32:18] 🎯 主题: Git版本控制高级用法
[02:32:18] 🖼️  图片: ✅ 已生成 8 张
[02:32:18] ============================================================
[02:32:19] ❌ 发送飞书通知失败: [Errno 2] No such file or directory: '/home/swg/.openclaw/openclaw.json'
