[02:30:00] ============================================================
[02:30:00] 开始更新技术文档 - 2026-09-26 02:30:00.390866
[02:30:00] ============================================================
[02:30:00] ============================================================
[02:30:00] 📝 技术文档自动更新（优化版）
[02:30:00] 📅 日期: 2026年09月26日
[02:30:00] ============================================================
[02:30:00] 🎯 主题: DevOps自动化流程
[02:30:00] 📝 步骤 1/4: 生成HTML文档 (归档页)
[02:30:00] ✅ HTML文档已生成: /home/swg/.openclaw/workspace/tech/history/2026/09/20260926.html
[02:30:00] 📋 步骤 1.5/4: 更新月份归档索引
[02:30:00] ✅ 月份归档索引已更新: 2026年09月26日 (13篇)
[02:30:00] 🎨 步骤 2/4: 生成 8 张配图
[02:30:00] 🖼️  生成图片 1/8: DevOps自动化流程...
[02:30:13]   ✅ tech_home_1.png (152KB)
[02:30:13] 🖼️  生成图片 2/8: DevOps自动化流程...
[02:30:24]   ✅ tech_home_2.png (163KB)
[02:30:24] 🖼️  生成图片 3/8: DevOps自动化流程...
[02:30:32]   ✅ tech_home_3.png (125KB)
[02:30:32] 🖼️  生成图片 4/8: DevOps自动化流程...
[02:30:41]   ✅ tech_home_4.png (155KB)
[02:30:41] 🖼️  生成图片 5/8: DevOps自动化流程...
[02:30:50]   ✅ tech_home_5.png (143KB)
[02:30:50] 🖼️  生成图片 6/8: DevOps自动化流程...
[02:30:58]   ✅ tech_home_6.png (132KB)
[02:30:58] 🖼️  生成图片 7/8: DevOps自动化流程...
[02:31:07]   ✅ tech_home_7.png (169KB)
[02:31:07] 🖼️  生成图片 8/8: DevOps自动化流程...
[02:31:16]   ✅ tech_home_8.png (137KB)
[02:31:16] ✅ 图片生成完成: 8/8 成功
[02:31:16] 🔄 步骤 3/4: 更新首页
[02:31:16] ✅ 首页已更新
[02:31:16] 🖼️ 步骤 3.5/4: 归档页插入配图
[02:31:16] ✅ 归档页配图已插入: /home/swg/.openclaw/workspace/tech/history/2026/09/20260926.html
[02:31:16] 📝 正在提交到Git...
[02:31:16] ✅ Git提交成功
[02:31:16] 🔄 git pull --rebase origin master ...
[02:31:19] 📤 git push origin master ...
[02:31:25] ✅ 推送到GitHub成功
[02:31:25] ============================================================
[02:31:25] ✅ 技术文档自动更新完成！
[02:31:25] 📅 日期: 2026年09月26日
[02:31:25] 🎯 主题: DevOps自动化流程
[02:31:25] 🖼️  图片: ✅ 已生成 8 张
[02:31:25] ============================================================
[02:31:25] ❌ 发送飞书通知失败: [Errno 2] No such file or directory: '/home/swg/.openclaw/openclaw.json'
