[02:30:44] ============================================================
[02:30:44] 开始更新技术文档 - 2026-06-29 02:30:44.061661
[02:30:44] ============================================================
[02:30:44] ============================================================
[02:30:44] 📝 技术文档自动更新（优化版）
[02:30:44] 📅 日期: 2026年06月29日
[02:30:44] ============================================================
[02:30:44] 🎯 主题: 人工智能应用开发
[02:30:44] 📝 步骤 1/4: 生成HTML文档 (归档页)
[02:30:44] ✅ HTML文档已生成: /home/swg/.openclaw/workspace/tech/history/2026/06/20260629.html
[02:30:44] 📋 步骤 1.5/4: 更新月份归档索引
[02:30:44] ✅ 月份归档索引已更新: 2026年06月29日 (13篇)
[02:30:44] 🎨 步骤 2/4: 生成 8 张配图
[02:30:44] 🖼️  生成图片 1/8: 人工智能应用开发...
[02:30:52]   ✅ tech_home_1.png (161KB)
[02:30:52] 🖼️  生成图片 2/8: 人工智能应用开发...
[02:31:01]   ✅ tech_home_2.png (161KB)
[02:31:01] 🖼️  生成图片 3/8: 人工智能应用开发...
[02:31:12]   ✅ tech_home_3.png (138KB)
[02:31:12] 🖼️  生成图片 4/8: 人工智能应用开发...
[02:31:21]   ✅ tech_home_4.png (161KB)
[02:31:21] 🖼️  生成图片 5/8: 人工智能应用开发...
[02:31:30]   ✅ tech_home_5.png (205KB)
[02:31:30] 🖼️  生成图片 6/8: 人工智能应用开发...
[02:31:41]   ✅ tech_home_6.png (137KB)
[02:31:41] 🖼️  生成图片 7/8: 人工智能应用开发...
[02:31:50]   ✅ tech_home_7.png (140KB)
[02:31:50] 🖼️  生成图片 8/8: 人工智能应用开发...
[02:32:02]   ✅ tech_home_8.png (149KB)
[02:32:02] ✅ 图片生成完成: 8/8 成功
[02:32:02] 🔄 步骤 3/4: 更新首页
[02:32:02] ✅ 首页已更新
[02:32:02] 📝 正在提交到Git...
