[02:30:25] ============================================================
[02:30:25] 开始更新技术文档 - 2026-06-21 02:30:25.283404
[02:30:25] ============================================================
[02:30:25] ============================================================
[02:30:25] 📝 技术文档自动更新（优化版）
[02:30:25] 📅 日期: 2026年06月21日
[02:30:25] ============================================================
[02:30:25] 🎯 主题: Docker容器化部署指南
[02:30:25] 📝 步骤 1/4: 生成HTML文档 (归档页)
[02:30:25] ✅ HTML文档已生成: /home/swg/.openclaw/workspace/tech/history/2026/06/20260621.html
[02:30:25] 📋 步骤 1.5/4: 更新月份归档索引
[02:30:25] ✅ 月份归档索引已更新: 2026年06月21日 (13篇)
[02:30:25] 🎨 步骤 2/4: 生成 8 张配图
[02:30:25] 🖼️  生成图片 1/8: Docker容器化部署指南...
[02:30:33]   ✅ tech_home_1.png (138KB)
[02:30:33] 🖼️  生成图片 2/8: Docker容器化部署指南...
[02:30:42]   ✅ tech_home_2.png (158KB)
[02:30:42] 🖼️  生成图片 3/8: Docker容器化部署指南...
[02:30:53]   ✅ tech_home_3.png (131KB)
[02:30:53] 🖼️  生成图片 4/8: Docker容器化部署指南...
[02:31:02]   ✅ tech_home_4.png (157KB)
[02:31:02] 🖼️  生成图片 5/8: Docker容器化部署指南...
[02:31:11]   ✅ tech_home_5.png (141KB)
[02:31:11] 🖼️  生成图片 6/8: Docker容器化部署指南...
[02:31:23]   ✅ tech_home_6.png (137KB)
[02:31:23] 🖼️  生成图片 7/8: Docker容器化部署指南...
[02:31:36]   ✅ tech_home_7.png (196KB)
[02:31:36] 🖼️  生成图片 8/8: Docker容器化部署指南...
[02:31:48]   ✅ tech_home_8.png (129KB)
[02:31:48] ✅ 图片生成完成: 8/8 成功
[02:31:48] 🔄 步骤 3/4: 更新首页
[02:31:48] ✅ 首页已更新
[02:31:48] 📝 正在提交到Git...
[02:31:48] ✅ Git提交成功
[02:31:54] ✅ 推送到GitHub成功
[02:31:54] ============================================================
[02:31:54] ✅ 技术文档自动更新完成！
[02:31:54] 📅 日期: 2026年06月21日
[02:31:54] 🎯 主题: Docker容器化部署指南
[02:31:54] 🖼️  图片: ✅ 已生成 8 张
[02:31:54] ============================================================
[02:31:54] ❌ 发送飞书通知失败: [Errno 2] No such file or directory: '/home/swg/.openclaw/openclaw.json'
