[02:30:15] ============================================================
[02:30:15] 开始更新技术文档 - 2026-05-20 02:30:15.563425
[02:30:15] ============================================================
[02:30:15] ============================================================
[02:30:15] 📝 技术文档自动更新（优化版）
[02:30:15] 📅 日期: 2026年05月20日
[02:30:15] ============================================================
[02:30:15] 🎯 主题: 人工智能应用开发
[02:30:15] 📝 步骤 1/3: 生成HTML文档 (归档页)
[02:30:15] ✅ HTML文档已生成: /home/swg/.openclaw/workspace/tech/history/2026/05/20260520.html
[02:30:15] 🎨 步骤 2/3: 生成 8 张配图
[02:30:15] 🖼️  生成图片 1/8: 人工智能应用开发...
[02:30:24]   ✅ tech_home_1.png (151KB)
[02:30:24] 🖼️  生成图片 2/8: 人工智能应用开发...
[02:30:32]   ✅ tech_home_2.png (138KB)
[02:30:32] 🖼️  生成图片 3/8: 人工智能应用开发...
[02:30:44]   ✅ tech_home_3.png (138KB)
[02:30:44] 🖼️  生成图片 4/8: 人工智能应用开发...
[02:30:53]   ✅ tech_home_4.png (165KB)
[02:30:53] 🖼️  生成图片 5/8: 人工智能应用开发...
[02:31:05]   ✅ tech_home_5.png (183KB)
[02:31:05] 🖼️  生成图片 6/8: 人工智能应用开发...
[02:31:13]   ✅ tech_home_6.png (130KB)
[02:31:13] 🖼️  生成图片 7/8: 人工智能应用开发...
[02:31:22]   ✅ tech_home_7.png (176KB)
[02:31:22] 🖼️  生成图片 8/8: 人工智能应用开发...
[02:31:33]   ✅ tech_home_8.png (155KB)
[02:31:33] ✅ 图片生成完成: 8/8 成功
[02:31:33] 🔄 步骤 3/3: 更新首页
[02:31:33] ✅ 首页已更新
[02:31:33] 📝 正在提交到Git...
[02:31:34] ✅ Git提交成功
[02:31:39] ✅ 推送到GitHub成功
[02:31:39] ============================================================
[02:31:39] ✅ 技术文档自动更新完成！
[02:31:39] 📅 日期: 2026年05月20日
[02:31:39] 🎯 主题: 人工智能应用开发
[02:31:39] 🖼️  图片: ✅ 已生成 8 张
[02:31:39] ============================================================
[02:31:39] ❌ 发送飞书通知失败: [Errno 2] No such file or directory: '/home/swg/.openclaw/openclaw.json'
