[02:30:04] ============================================================
[02:30:04] 开始更新技术文档 - 2026-05-21 02:30:04.063651
[02:30:04] ============================================================
[02:30:04] ============================================================
[02:30:04] 📝 技术文档自动更新（优化版）
[02:30:04] 📅 日期: 2026年05月21日
[02:30:04] ============================================================
[02:30:04] 🎯 主题: Python编程技巧与最佳实践
[02:30:04] 📝 步骤 1/3: 生成HTML文档 (归档页)
[02:30:04] ✅ HTML文档已生成: /home/swg/.openclaw/workspace/tech/history/2026/05/20260521.html
[02:30:04] 🎨 步骤 2/3: 生成 8 张配图
[02:30:04] 🖼️  生成图片 1/8: Python编程技巧与最佳实践...
[02:30:16]   ✅ tech_home_1.png (124KB)
[02:30:16] 🖼️  生成图片 2/8: Python编程技巧与最佳实践...
[02:30:27]   ✅ tech_home_2.png (162KB)
[02:30:27] 🖼️  生成图片 3/8: Python编程技巧与最佳实践...
[02:30:39]   ✅ tech_home_3.png (115KB)
[02:30:39] 🖼️  生成图片 4/8: Python编程技巧与最佳实践...
[02:30:51]   ✅ tech_home_4.png (131KB)
[02:30:51] 🖼️  生成图片 5/8: Python编程技巧与最佳实践...
[02:30:59]   ✅ tech_home_5.png (184KB)
[02:30:59] 🖼️  生成图片 6/8: Python编程技巧与最佳实践...
[02:31:09]   ✅ tech_home_6.png (126KB)
[02:31:09] 🖼️  生成图片 7/8: Python编程技巧与最佳实践...
[02:31:22]   ✅ tech_home_7.png (164KB)
[02:31:22] 🖼️  生成图片 8/8: Python编程技巧与最佳实践...
[02:31:31]   ✅ tech_home_8.png (116KB)
[02:31:31] ✅ 图片生成完成: 8/8 成功
[02:31:31] 🔄 步骤 3/3: 更新首页
[02:31:31] ✅ 首页已更新
[02:31:31] 📝 正在提交到Git...
[02:31:31] ✅ Git提交成功
[02:31:36] ✅ 推送到GitHub成功
[02:31:36] ============================================================
[02:31:36] ✅ 技术文档自动更新完成！
[02:31:36] 📅 日期: 2026年05月21日
[02:31:36] 🎯 主题: Python编程技巧与最佳实践
[02:31:36] 🖼️  图片: ✅ 已生成 8 张
[02:31:36] ============================================================
[02:31:36] ❌ 发送飞书通知失败: [Errno 2] No such file or directory: '/home/swg/.openclaw/openclaw.json'
