[02:30:30] ============================================================
[02:30:30] 开始更新技术文档 - 2026-06-30 02:30:30.858012
[02:30:30] ============================================================
[02:30:30] ============================================================
[02:30:30] 📝 技术文档自动更新（优化版）
[02:30:30] 📅 日期: 2026年06月30日
[02:30:30] ============================================================
[02:30:30] 🎯 主题: Python编程技巧与最佳实践
[02:30:30] 📝 步骤 1/4: 生成HTML文档 (归档页)
[02:30:30] ✅ HTML文档已生成: /home/swg/.openclaw/workspace/tech/history/2026/06/20260630.html
[02:30:30] 📋 步骤 1.5/4: 更新月份归档索引
[02:30:30] ✅ 月份归档索引已更新: 2026年06月30日 (14篇)
[02:30:30] 🎨 步骤 2/4: 生成 8 张配图
[02:30:30] 🖼️  生成图片 1/8: Python编程技巧与最佳实践...
[02:30:39]   ✅ tech_home_1.png (151KB)
[02:30:39] 🖼️  生成图片 2/8: Python编程技巧与最佳实践...
[02:30:55]   ✅ tech_home_2.png (134KB)
[02:30:55] 🖼️  生成图片 3/8: Python编程技巧与最佳实践...
[02:31:04]   ✅ tech_home_3.png (117KB)
[02:31:04] 🖼️  生成图片 4/8: Python编程技巧与最佳实践...
[02:31:12]   ✅ tech_home_4.png (117KB)
[02:31:12] 🖼️  生成图片 5/8: Python编程技巧与最佳实践...
[02:31:21]   ✅ tech_home_5.png (156KB)
[02:31:21] 🖼️  生成图片 6/8: Python编程技巧与最佳实践...
[02:31:29]   ✅ tech_home_6.png (91KB)
[02:31:29] 🖼️  生成图片 7/8: Python编程技巧与最佳实践...
[02:31:40]   ✅ tech_home_7.png (161KB)
[02:31:40] 🖼️  生成图片 8/8: Python编程技巧与最佳实践...
[02:31:49]   ✅ tech_home_8.png (136KB)
[02:31:49] ✅ 图片生成完成: 8/8 成功
[02:31:49] 🔄 步骤 3/4: 更新首页
[02:31:49] ✅ 首页已更新
[02:31:49] 📝 正在提交到Git...
[02:31:49] ✅ Git提交成功
[02:31:55] ✅ 推送到GitHub成功
[02:31:55] ============================================================
[02:31:55] ✅ 技术文档自动更新完成！
[02:31:55] 📅 日期: 2026年06月30日
[02:31:55] 🎯 主题: Python编程技巧与最佳实践
[02:31:55] 🖼️  图片: ✅ 已生成 8 张
[02:31:55] ============================================================
[02:31:55] ❌ 发送飞书通知失败: [Errno 2] No such file or directory: '/home/swg/.openclaw/openclaw.json'
