[02:30:36] ============================================================
[02:30:36] 开始更新技术文档 - 2026-06-27 02:30:36.440809
[02:30:36] ============================================================
[02:30:36] ============================================================
[02:30:36] 📝 技术文档自动更新（优化版）
[02:30:36] 📅 日期: 2026年06月27日
[02:30:36] ============================================================
[02:30:36] 🎯 主题: 云原生技术实践
[02:30:36] 📝 步骤 1/4: 生成HTML文档 (归档页)
[02:30:36] ✅ HTML文档已生成: /home/swg/.openclaw/workspace/tech/history/2026/06/20260627.html
[02:30:36] 📋 步骤 1.5/4: 更新月份归档索引
[02:30:36] ✅ 月份归档索引已更新: 2026年06月27日 (13篇)
[02:30:36] 🎨 步骤 2/4: 生成 8 张配图
[02:30:36] 🖼️  生成图片 1/8: 云原生技术实践...
[02:30:47]   ✅ tech_home_1.png (126KB)
[02:30:47] 🖼️  生成图片 2/8: 云原生技术实践...
[02:31:00]   ✅ tech_home_2.png (169KB)
[02:31:00] 🖼️  生成图片 3/8: 云原生技术实践...
[02:31:09]   ✅ tech_home_3.png (161KB)
[02:31:09] 🖼️  生成图片 4/8: 云原生技术实践...
[02:31:19]   ⚠️  尝试 1 失败
[02:31:31]   ⚠️  尝试 2 失败
[02:31:32]   ❌ tech_home_4.png 生成失败
[02:31:32] 🖼️  生成图片 5/8: 云原生技术实践...
[02:31:40]   ✅ tech_home_5.png (124KB)
[02:31:40] 🖼️  生成图片 6/8: 云原生技术实践...
[02:31:52]   ✅ tech_home_6.png (165KB)
[02:31:52] 🖼️  生成图片 7/8: 云原生技术实践...
[02:32:03]   ✅ tech_home_7.png (159KB)
[02:32:03] 🖼️  生成图片 8/8: 云原生技术实践...
[02:32:16]   ⚠️  尝试 1 失败
[02:32:26]   ✅ tech_home_8.png (171KB)
[02:32:26] ✅ 图片生成完成: 7/8 成功
[02:32:26] 🔄 步骤 3/4: 更新首页
[02:32:26] ✅ 首页已更新
[02:32:26] 📝 正在提交到Git...
[02:32:26] ✅ Git提交成功
[02:32:31] ✅ 推送到GitHub成功
[02:32:31] ============================================================
[02:32:31] ✅ 技术文档自动更新完成！
[02:32:31] 📅 日期: 2026年06月27日
[02:32:31] 🎯 主题: 云原生技术实践
[02:32:31] 🖼️  图片: ✅ 已生成 8 张
[02:32:31] ============================================================
[02:32:32] ❌ 发送飞书通知失败: [Errno 2] No such file or directory: '/home/swg/.openclaw/openclaw.json'
