[02:30:28] ============================================================
[02:30:28] 开始更新技术文档 - 2026-09-28 02:30:28.341824
[02:30:28] ============================================================
[02:30:28] ============================================================
[02:30:28] 📝 技术文档自动更新（优化版）
[02:30:28] 📅 日期: 2026年09月28日
[02:30:28] ============================================================
[02:30:28] 🎯 主题: Python编程技巧与最佳实践
[02:30:28] 📝 步骤 1/4: 生成HTML文档 (归档页)
[02:30:28] ✅ HTML文档已生成: /home/swg/.openclaw/workspace/tech/history/2026/09/20260928.html
[02:30:28] 📋 步骤 1.5/4: 更新月份归档索引
[02:30:28] ✅ 月份归档索引已更新: 2026年09月28日 (14篇)
[02:30:28] 🎨 步骤 2/4: 生成 8 张配图
[02:30:28] 🖼️  生成图片 1/8: Python编程技巧与最佳实践...
[02:30:40]   ✅ tech_home_1.png (125KB)
[02:30:40] 🖼️  生成图片 2/8: Python编程技巧与最佳实践...
[02:30:49]   ✅ tech_home_2.png (115KB)
[02:30:49] 🖼️  生成图片 3/8: Python编程技巧与最佳实践...
[02:30:57]   ✅ tech_home_3.png (127KB)
[02:30:57] 🖼️  生成图片 4/8: Python编程技巧与最佳实践...
[02:31:06]   ✅ tech_home_4.png (118KB)
[02:31:06] 🖼️  生成图片 5/8: Python编程技巧与最佳实践...
[02:31:14]   ✅ tech_home_5.png (132KB)
[02:31:14] 🖼️  生成图片 6/8: Python编程技巧与最佳实践...
[02:31:24]   ✅ tech_home_6.png (92KB)
[02:31:24] 🖼️  生成图片 7/8: Python编程技巧与最佳实践...
[02:31:33]   ✅ tech_home_7.png (164KB)
[02:31:33] 🖼️  生成图片 8/8: Python编程技巧与最佳实践...
[02:31:42]   ✅ tech_home_8.png (131KB)
[02:31:42] ✅ 图片生成完成: 8/8 成功
[02:31:42] 🔄 步骤 3/4: 更新首页
[02:31:42] ✅ 首页已更新
[02:31:42] 🖼️ 步骤 3.5/4: 归档页插入配图
[02:31:42] ✅ 归档页配图已插入: /home/swg/.openclaw/workspace/tech/history/2026/09/20260928.html
[02:31:42] 📝 正在提交到Git...
[02:31:42] ✅ Git提交成功
[02:31:42] 🔄 git pull --rebase origin master ...
[02:31:48] 📤 git push origin master ...
[02:31:53] ✅ 推送到GitHub成功
[02:31:53] ============================================================
[02:31:53] ✅ 技术文档自动更新完成！
[02:31:53] 📅 日期: 2026年09月28日
[02:31:53] 🎯 主题: Python编程技巧与最佳实践
[02:31:53] 🖼️  图片: ✅ 已生成 8 张
[02:31:53] ============================================================
[02:31:54] ❌ 发送飞书通知失败: [Errno 2] No such file or directory: '/home/swg/.openclaw/openclaw.json'
