[02:30:01] ============================================================
[02:30:01] 开始更新技术文档 - 2026-08-21 02:30:01.139746
[02:30:01] ============================================================
[02:30:01] ============================================================
[02:30:01] 📝 技术文档自动更新（优化版）
[02:30:01] 📅 日期: 2026年08月21日
[02:30:01] ============================================================
[02:30:01] 🎯 主题: Git版本控制高级用法
[02:30:01] 📝 步骤 1/4: 生成HTML文档 (归档页)
[02:30:01] ✅ HTML文档已生成: /home/swg/.openclaw/workspace/tech/history/2026/08/20260821.html
[02:30:01] 📋 步骤 1.5/4: 更新月份归档索引
[02:30:01] ✅ 月份归档索引已更新: 2026年08月21日 (13篇)
[02:30:01] 🎨 步骤 2/4: 生成 8 张配图
[02:30:01] 🖼️  生成图片 1/8: Git版本控制高级用法...
[02:30:09]   ✅ tech_home_1.png (144KB)
[02:30:09] 🖼️  生成图片 2/8: Git版本控制高级用法...
[02:30:17]   ✅ tech_home_2.png (124KB)
[02:30:17] 🖼️  生成图片 3/8: Git版本控制高级用法...
[02:30:27]   ✅ tech_home_3.png (115KB)
[02:30:27] 🖼️  生成图片 4/8: Git版本控制高级用法...
[02:30:35]   ✅ tech_home_4.png (167KB)
[02:30:35] 🖼️  生成图片 5/8: Git版本控制高级用法...
[02:30:43]   ✅ tech_home_5.png (87KB)
[02:30:43] 🖼️  生成图片 6/8: Git版本控制高级用法...
[02:30:52]   ✅ tech_home_6.png (109KB)
[02:30:52] 🖼️  生成图片 7/8: Git版本控制高级用法...
[02:31:00]   ✅ tech_home_7.png (197KB)
[02:31:00] 🖼️  生成图片 8/8: Git版本控制高级用法...
[02:31:09]   ✅ tech_home_8.png (135KB)
[02:31:09] ✅ 图片生成完成: 8/8 成功
[02:31:09] 🔄 步骤 3/4: 更新首页
[02:31:09] ✅ 首页已更新
[02:31:09] 📝 正在提交到Git...
