[02:30:27] ============================================================
[02:30:27] 开始更新技术文档 - 2026-09-09 02:30:27.183848
[02:30:27] ============================================================
[02:30:27] ============================================================
[02:30:27] 📝 技术文档自动更新（优化版）
[02:30:27] 📅 日期: 2026年09月09日
[02:30:27] ============================================================
[02:30:27] 🎯 主题: Docker容器化部署指南
[02:30:27] 📝 步骤 1/4: 生成HTML文档 (归档页)
[02:30:27] ✅ HTML文档已生成: /home/swg/.openclaw/workspace/tech/history/2026/09/20260909.html
[02:30:27] 📋 步骤 1.5/4: 更新月份归档索引
[02:30:27] ✅ 月份归档索引已更新: 2026年09月09日 (13篇)
[02:30:27] 🎨 步骤 2/4: 生成 8 张配图
[02:30:27] 🖼️  生成图片 1/8: Docker容器化部署指南...
[02:30:38]   ✅ tech_home_1.png (143KB)
[02:30:38] 🖼️  生成图片 2/8: Docker容器化部署指南...
[02:30:51]   ✅ tech_home_2.png (174KB)
[02:30:51] 🖼️  生成图片 3/8: Docker容器化部署指南...
[02:30:59]   ✅ tech_home_3.png (146KB)
[02:30:59] 🖼️  生成图片 4/8: Docker容器化部署指南...
[02:31:08]   ✅ tech_home_4.png (128KB)
[02:31:08] 🖼️  生成图片 5/8: Docker容器化部署指南...
[02:31:16]   ✅ tech_home_5.png (132KB)
[02:31:16] 🖼️  生成图片 6/8: Docker容器化部署指南...
[02:31:25]   ✅ tech_home_6.png (141KB)
[02:31:25] 🖼️  生成图片 7/8: Docker容器化部署指南...
[02:31:34]   ✅ tech_home_7.png (143KB)
[02:31:34] 🖼️  生成图片 8/8: Docker容器化部署指南...
[02:31:47]   ✅ tech_home_8.png (136KB)
[02:31:47] ✅ 图片生成完成: 8/8 成功
[02:31:47] 🔄 步骤 3/4: 更新首页
[02:31:47] ✅ 首页已更新
[02:31:47] 📝 正在提交到Git...
[02:31:47] ✅ Git提交成功
[02:31:47] 🔄 git pull --rebase origin master ...
[02:31:51] 📤 git push origin master ...
[02:31:57] ✅ 推送到GitHub成功
[02:31:57] ============================================================
[02:31:57] ✅ 技术文档自动更新完成！
[02:31:57] 📅 日期: 2026年09月09日
[02:31:57] 🎯 主题: Docker容器化部署指南
[02:31:57] 🖼️  图片: ✅ 已生成 8 张
[02:31:57] ============================================================
[02:31:57] ❌ 发送飞书通知失败: [Errno 2] No such file or directory: '/home/swg/.openclaw/openclaw.json'
