[02:30:31] ============================================================
[02:30:31] 开始更新技术文档 - 2026-07-20 02:30:31.675162
[02:30:31] ============================================================
[02:30:31] ============================================================
[02:30:31] 📝 技术文档自动更新（优化版）
[02:30:31] 📅 日期: 2026年07月20日
[02:30:31] ============================================================
[02:30:31] 🎯 主题: Python编程技巧与最佳实践
[02:30:31] 📝 步骤 1/4: 生成HTML文档 (归档页)
[02:30:31] ✅ HTML文档已生成: /home/swg/.openclaw/workspace/tech/history/2026/07/20260720.html
[02:30:31] 📋 步骤 1.5/4: 更新月份归档索引
[02:30:31] ✅ 月份归档索引已更新: 2026年07月20日 (14篇)
[02:30:31] 🎨 步骤 2/4: 生成 8 张配图
[02:30:31] 🖼️  生成图片 1/8: Python编程技巧与最佳实践...
[02:30:42]   ✅ tech_home_1.png (153KB)
[02:30:42] 🖼️  生成图片 2/8: Python编程技巧与最佳实践...
[02:30:51]   ✅ tech_home_2.png (131KB)
[02:30:51] 🖼️  生成图片 3/8: Python编程技巧与最佳实践...
[02:31:00]   ✅ tech_home_3.png (139KB)
[02:31:00] 🖼️  生成图片 4/8: Python编程技巧与最佳实践...
[02:31:08]   ✅ tech_home_4.png (124KB)
[02:31:08] 🖼️  生成图片 5/8: Python编程技巧与最佳实践...
[02:31:20]   ✅ tech_home_5.png (172KB)
[02:31:20] 🖼️  生成图片 6/8: Python编程技巧与最佳实践...
[02:31:32]   ✅ tech_home_6.png (101KB)
[02:31:32] 🖼️  生成图片 7/8: Python编程技巧与最佳实践...
[02:31:41]   ✅ tech_home_7.png (146KB)
[02:31:41] 🖼️  生成图片 8/8: Python编程技巧与最佳实践...
[02:31:54]   ✅ tech_home_8.png (142KB)
[02:31:54] ✅ 图片生成完成: 8/8 成功
[02:31:54] 🔄 步骤 3/4: 更新首页
[02:31:54] ✅ 首页已更新
[02:31:54] 📝 正在提交到Git...
[02:31:54] ✅ Git提交成功
[02:31:57] ⚠️  推送到GitHub失败
[02:31:57] ============================================================
[02:31:57] ✅ 技术文档自动更新完成！
[02:31:57] 📅 日期: 2026年07月20日
[02:31:57] 🎯 主题: Python编程技巧与最佳实践
[02:31:57] 🖼️  图片: ✅ 已生成 8 张
[02:31:57] ============================================================
[02:31:57] ❌ 发送飞书通知失败: [Errno 2] No such file or directory: '/home/swg/.openclaw/openclaw.json'
