[02:30:28] ============================================================
[02:30:28] 开始更新技术文档 - 2026-08-23 02:30:28.358759
[02:30:28] ============================================================
[02:30:28] ============================================================
[02:30:28] 📝 技术文档自动更新（优化版）
[02:30:28] 📅 日期: 2026年08月23日
[02:30:28] ============================================================
[02:30:28] 🎯 主题: 数据库优化策略
[02:30:28] 📝 步骤 1/4: 生成HTML文档 (归档页)
[02:30:28] ✅ HTML文档已生成: /home/swg/.openclaw/workspace/tech/history/2026/08/20260823.html
[02:30:28] 📋 步骤 1.5/4: 更新月份归档索引
[02:30:28] ✅ 月份归档索引已更新: 2026年08月23日 (13篇)
[02:30:28] 🎨 步骤 2/4: 生成 8 张配图
[02:30:28] 🖼️  生成图片 1/8: 数据库优化策略...
[02:30:37]   ✅ tech_home_1.png (142KB)
[02:30:37] 🖼️  生成图片 2/8: 数据库优化策略...
[02:30:45]   ✅ tech_home_2.png (160KB)
[02:30:45] 🖼️  生成图片 3/8: 数据库优化策略...
[02:30:58]   ✅ tech_home_3.png (158KB)
[02:30:58] 🖼️  生成图片 4/8: 数据库优化策略...
[02:31:06]   ✅ tech_home_4.png (153KB)
[02:31:06] 🖼️  生成图片 5/8: 数据库优化策略...
[02:31:20]   ✅ tech_home_5.png (147KB)
[02:31:20] 🖼️  生成图片 6/8: 数据库优化策略...
[02:31:28]   ✅ tech_home_6.png (120KB)
[02:31:28] 🖼️  生成图片 7/8: 数据库优化策略...
[02:31:37]   ✅ tech_home_7.png (192KB)
[02:31:37] 🖼️  生成图片 8/8: 数据库优化策略...
[02:31:46]   ✅ tech_home_8.png (183KB)
[02:31:46] ✅ 图片生成完成: 8/8 成功
[02:31:46] 🔄 步骤 3/4: 更新首页
[02:31:46] ✅ 首页已更新
[02:31:46] 📝 正在提交到Git...
