[02:30:34] ============================================================
[02:30:34] 开始更新技术文档 - 2026-08-09 02:30:34.492684
[02:30:34] ============================================================
[02:30:34] ============================================================
[02:30:34] 📝 技术文档自动更新（优化版）
[02:30:34] 📅 日期: 2026年08月09日
[02:30:34] ============================================================
[02:30:34] 🎯 主题: Python编程技巧与最佳实践
[02:30:34] 📝 步骤 1/4: 生成HTML文档 (归档页)
[02:30:34] ✅ HTML文档已生成: /home/swg/.openclaw/workspace/tech/history/2026/08/20260809.html
[02:30:34] 📋 步骤 1.5/4: 更新月份归档索引
[02:30:34] ✅ 月份归档索引已更新: 2026年08月09日 (14篇)
[02:30:34] 🎨 步骤 2/4: 生成 8 张配图
[02:30:34] 🖼️  生成图片 1/8: Python编程技巧与最佳实践...
[02:30:46]   ✅ tech_home_1.png (125KB)
[02:30:46] 🖼️  生成图片 2/8: Python编程技巧与最佳实践...
[02:30:54]   ✅ tech_home_2.png (105KB)
[02:30:54] 🖼️  生成图片 3/8: Python编程技巧与最佳实践...
[02:31:03]   ✅ tech_home_3.png (118KB)
[02:31:03] 🖼️  生成图片 4/8: Python编程技巧与最佳实践...
[02:31:12]   ✅ tech_home_4.png (119KB)
[02:31:12] 🖼️  生成图片 5/8: Python编程技巧与最佳实践...
[02:31:22]   ✅ tech_home_5.png (173KB)
[02:31:22] 🖼️  生成图片 6/8: Python编程技巧与最佳实践...
[02:31:30]   ✅ tech_home_6.png (114KB)
[02:31:30] 🖼️  生成图片 7/8: Python编程技巧与最佳实践...
[02:31:39]   ✅ tech_home_7.png (162KB)
[02:31:39] 🖼️  生成图片 8/8: Python编程技巧与最佳实践...
[02:31:52]   ✅ tech_home_8.png (135KB)
[02:31:52] ✅ 图片生成完成: 8/8 成功
[02:31:52] 🔄 步骤 3/4: 更新首页
[02:31:52] ✅ 首页已更新
[02:31:52] 📝 正在提交到Git...
[02:31:53] ✅ Git提交成功
[02:31:58] ✅ 推送到GitHub成功
[02:31:58] ============================================================
[02:31:58] ✅ 技术文档自动更新完成！
[02:31:58] 📅 日期: 2026年08月09日
[02:31:58] 🎯 主题: Python编程技巧与最佳实践
[02:31:58] 🖼️  图片: ✅ 已生成 8 张
[02:31:58] ============================================================
[02:31:58] ❌ 发送飞书通知失败: [Errno 2] No such file or directory: '/home/swg/.openclaw/openclaw.json'
