[02:30:45] ============================================================
[02:30:45] 开始更新技术文档 - 2026-10-10 02:30:45.286383
[02:30:45] ============================================================
[02:30:45] ============================================================
[02:30:45] 📝 技术文档自动更新（优化版）
[02:30:45] 📅 日期: 2026年10月10日
[02:30:45] ============================================================
[02:30:45] 🎯 主题: Git版本控制高级用法
[02:30:45] 📝 步骤 1/4: 生成HTML文档 (归档页)
[02:30:45] ✅ HTML文档已生成: /home/swg/.openclaw/workspace/tech/history/2026/10/20261010.html
[02:30:45] 📋 步骤 1.5/4: 更新月份归档索引
[02:30:45] ✅ 月份归档索引已更新: 2026年10月10日 (13篇)
[02:30:45] 🎨 步骤 2/4: 生成 8 张配图
[02:30:45] 🖼️  生成图片 1/8: Git版本控制高级用法...
[02:30:54]   ✅ tech_home_1.png (127KB)
[02:30:54] 🖼️  生成图片 2/8: Git版本控制高级用法...
[02:31:03]   ✅ tech_home_2.png (131KB)
[02:31:03] 🖼️  生成图片 3/8: Git版本控制高级用法...
[02:31:12]   ✅ tech_home_3.png (139KB)
[02:31:12] 🖼️  生成图片 4/8: Git版本控制高级用法...
[02:31:21]   ✅ tech_home_4.png (152KB)
[02:31:21] 🖼️  生成图片 5/8: Git版本控制高级用法...
[02:31:33]   ✅ tech_home_5.png (94KB)
[02:31:33] 🖼️  生成图片 6/8: Git版本控制高级用法...
[02:31:45]   ✅ tech_home_6.png (91KB)
[02:31:45] 🖼️  生成图片 7/8: Git版本控制高级用法...
[02:31:56]   ✅ tech_home_7.png (126KB)
[02:31:56] 🖼️  生成图片 8/8: Git版本控制高级用法...
[02:32:04]   ✅ tech_home_8.png (150KB)
[02:32:04] ✅ 图片生成完成: 8/8 成功
[02:32:04] 🔄 步骤 3/4: 更新首页
[02:32:04] ✅ 首页已更新
[02:32:04] 🖼️ 步骤 3.5/4: 归档页插入配图
[02:32:04] ✅ 归档页配图已插入: /home/swg/.openclaw/workspace/tech/history/2026/10/20261010.html
[02:32:04] 📝 正在提交到Git...
