[02:30:32] ============================================================
[02:30:32] 开始更新技术文档 - 2026-08-03 02:30:32.394095
[02:30:32] ============================================================
[02:30:32] ============================================================
[02:30:32] 📝 技术文档自动更新（优化版）
[02:30:32] 📅 日期: 2026年08月03日
[02:30:32] ============================================================
[02:30:32] 🎯 主题: 数据库优化策略
[02:30:32] 📝 步骤 1/4: 生成HTML文档 (归档页)
[02:30:32] ✅ HTML文档已生成: /home/swg/.openclaw/workspace/tech/history/2026/08/20260803.html
[02:30:32] 📋 步骤 1.5/4: 更新月份归档索引
[02:30:32] ✅ 月份归档索引已更新: 2026年08月03日 (13篇)
[02:30:32] 🎨 步骤 2/4: 生成 8 张配图
[02:30:32] 🖼️  生成图片 1/8: 数据库优化策略...
[02:30:44]   ✅ tech_home_1.png (155KB)
[02:30:44] 🖼️  生成图片 2/8: 数据库优化策略...
[02:30:53]   ✅ tech_home_2.png (137KB)
[02:30:53] 🖼️  生成图片 3/8: 数据库优化策略...
[02:31:02]   ✅ tech_home_3.png (164KB)
[02:31:02] 🖼️  生成图片 4/8: 数据库优化策略...
[02:31:10]   ✅ tech_home_4.png (155KB)
[02:31:10] 🖼️  生成图片 5/8: 数据库优化策略...
[02:31:19]   ✅ tech_home_5.png (154KB)
[02:31:19] 🖼️  生成图片 6/8: 数据库优化策略...
[02:31:27]   ✅ tech_home_6.png (134KB)
[02:31:27] 🖼️  生成图片 7/8: 数据库优化策略...
[02:31:36]   ✅ tech_home_7.png (128KB)
[02:31:36] 🖼️  生成图片 8/8: 数据库优化策略...
[02:31:45]   ✅ tech_home_8.png (126KB)
[02:31:45] ✅ 图片生成完成: 8/8 成功
[02:31:45] 🔄 步骤 3/4: 更新首页
[02:31:45] ✅ 首页已更新
[02:31:45] 📝 正在提交到Git...
