[02:30:32] ============================================================
[02:30:32] 开始更新技术文档 - 2026-07-25 02:30:32.755136
[02:30:32] ============================================================
[02:30:32] ============================================================
[02:30:32] 📝 技术文档自动更新（优化版）
[02:30:32] 📅 日期: 2026年07月25日
[02:30:32] ============================================================
[02:30:32] 🎯 主题: Web安全防护指南
[02:30:32] 📝 步骤 1/4: 生成HTML文档 (归档页)
[02:30:32] ✅ HTML文档已生成: /home/swg/.openclaw/workspace/tech/history/2026/07/20260725.html
[02:30:32] 📋 步骤 1.5/4: 更新月份归档索引
[02:30:32] ✅ 月份归档索引已更新: 2026年07月25日 (13篇)
[02:30:32] 🎨 步骤 2/4: 生成 8 张配图
[02:30:32] 🖼️  生成图片 1/8: Web安全防护指南...
[02:30:41]   ✅ tech_home_1.png (150KB)
[02:30:41] 🖼️  生成图片 2/8: Web安全防护指南...
[02:30:51]   ✅ tech_home_2.png (130KB)
[02:30:51] 🖼️  生成图片 3/8: Web安全防护指南...
[02:31:05]   ✅ tech_home_3.png (134KB)
[02:31:05] 🖼️  生成图片 4/8: Web安全防护指南...
[02:31:16]   ✅ tech_home_4.png (153KB)
[02:31:16] 🖼️  生成图片 5/8: Web安全防护指南...
[02:31:27]   ✅ tech_home_5.png (159KB)
[02:31:27] 🖼️  生成图片 6/8: Web安全防护指南...
[02:31:36]   ✅ tech_home_6.png (167KB)
[02:31:36] 🖼️  生成图片 7/8: Web安全防护指南...
[02:31:49]   ✅ tech_home_7.png (153KB)
[02:31:49] 🖼️  生成图片 8/8: Web安全防护指南...
[02:31:57]   ✅ tech_home_8.png (135KB)
[02:31:57] ✅ 图片生成完成: 8/8 成功
[02:31:57] 🔄 步骤 3/4: 更新首页
[02:31:57] ✅ 首页已更新
[02:31:57] 📝 正在提交到Git...
[02:31:57] ✅ Git提交成功
[02:32:01] ⚠️  推送到GitHub失败
[02:32:01] ============================================================
[02:32:01] ✅ 技术文档自动更新完成！
[02:32:01] 📅 日期: 2026年07月25日
[02:32:01] 🎯 主题: Web安全防护指南
[02:32:01] 🖼️  图片: ✅ 已生成 8 张
[02:32:01] ============================================================
[02:32:02] ❌ 发送飞书通知失败: [Errno 2] No such file or directory: '/home/swg/.openclaw/openclaw.json'
