[02:30:44] ============================================================
[02:30:44] 开始更新技术文档 - 2026-08-05 02:30:44.410084
[02:30:44] ============================================================
[02:30:44] ============================================================
[02:30:44] 📝 技术文档自动更新（优化版）
[02:30:44] 📅 日期: 2026年08月05日
[02:30:44] ============================================================
[02:30:44] 🎯 主题: 微服务架构设计
[02:30:44] 📝 步骤 1/4: 生成HTML文档 (归档页)
[02:30:44] ✅ HTML文档已生成: /home/swg/.openclaw/workspace/tech/history/2026/08/20260805.html
[02:30:44] 📋 步骤 1.5/4: 更新月份归档索引
[02:30:44] ✅ 月份归档索引已更新: 2026年08月05日 (13篇)
[02:30:44] 🎨 步骤 2/4: 生成 8 张配图
[02:30:44] 🖼️  生成图片 1/8: 微服务架构设计...
[02:30:54]   ✅ tech_home_1.png (131KB)
[02:30:54] 🖼️  生成图片 2/8: 微服务架构设计...
[02:31:07]   ✅ tech_home_2.png (140KB)
[02:31:07] 🖼️  生成图片 3/8: 微服务架构设计...
[02:31:16]   ✅ tech_home_3.png (144KB)
[02:31:16] 🖼️  生成图片 4/8: 微服务架构设计...
[02:31:24]   ✅ tech_home_4.png (183KB)
[02:31:24] 🖼️  生成图片 5/8: 微服务架构设计...
[02:31:34]   ✅ tech_home_5.png (108KB)
[02:31:34] 🖼️  生成图片 6/8: 微服务架构设计...
[02:31:42]   ✅ tech_home_6.png (171KB)
[02:31:42] 🖼️  生成图片 7/8: 微服务架构设计...
[02:31:51]   ✅ tech_home_7.png (139KB)
[02:31:51] 🖼️  生成图片 8/8: 微服务架构设计...
[02:32:00]   ✅ tech_home_8.png (153KB)
[02:32:00] ✅ 图片生成完成: 8/8 成功
[02:32:00] 🔄 步骤 3/4: 更新首页
[02:32:00] ✅ 首页已更新
[02:32:00] 📝 正在提交到Git...
