[02:30:18] ============================================================
[02:30:18] 开始更新技术文档 - 2026-07-07 02:30:18.627318
[02:30:18] ============================================================
[02:30:18] ============================================================
[02:30:18] 📝 技术文档自动更新（优化版）
[02:30:18] 📅 日期: 2026年07月07日
[02:30:18] ============================================================
[02:30:18] 🎯 主题: 云原生技术实践
[02:30:18] 📝 步骤 1/4: 生成HTML文档 (归档页)
[02:30:18] ✅ HTML文档已生成: /home/swg/.openclaw/workspace/tech/history/2026/07/20260707.html
[02:30:18] 📋 步骤 1.5/4: 更新月份归档索引
[02:30:18] ⚠️  月份索引不存在，跳过: /home/swg/.openclaw/workspace/tech/history/2026/07/index.html
[02:30:18] 🎨 步骤 2/4: 生成 8 张配图
[02:30:18] 🖼️  生成图片 1/8: 云原生技术实践...
[02:30:27]   ✅ tech_home_1.png (143KB)
[02:30:27] 🖼️  生成图片 2/8: 云原生技术实践...
[02:30:35]   ✅ tech_home_2.png (142KB)
[02:30:35] 🖼️  生成图片 3/8: 云原生技术实践...
[02:30:47]   ✅ tech_home_3.png (157KB)
[02:30:47] 🖼️  生成图片 4/8: 云原生技术实践...
[02:30:58]   ✅ tech_home_4.png (162KB)
[02:30:58] 🖼️  生成图片 5/8: 云原生技术实践...
[02:31:11]   ✅ tech_home_5.png (124KB)
[02:31:11] 🖼️  生成图片 6/8: 云原生技术实践...
[02:31:19]   ✅ tech_home_6.png (153KB)
[02:31:19] 🖼️  生成图片 7/8: 云原生技术实践...
[02:31:31]   ✅ tech_home_7.png (138KB)
[02:31:31] 🖼️  生成图片 8/8: 云原生技术实践...
[02:31:39]   ✅ tech_home_8.png (124KB)
[02:31:39] ✅ 图片生成完成: 8/8 成功
[02:31:39] 🔄 步骤 3/4: 更新首页
[02:31:39] ✅ 首页已更新
[02:31:39] 📝 正在提交到Git...
