[02:30:43] ============================================================
[02:30:43] 开始更新技术文档 - 2026-08-16 02:30:43.255094
[02:30:43] ============================================================
[02:30:43] ============================================================
[02:30:43] 📝 技术文档自动更新（优化版）
[02:30:43] 📅 日期: 2026年08月16日
[02:30:43] ============================================================
[02:30:43] 🎯 主题: 云原生技术实践
[02:30:43] 📝 步骤 1/4: 生成HTML文档 (归档页)
[02:30:43] ✅ HTML文档已生成: /home/swg/.openclaw/workspace/tech/history/2026/08/20260816.html
[02:30:43] 📋 步骤 1.5/4: 更新月份归档索引
[02:30:43] ✅ 月份归档索引已更新: 2026年08月16日 (13篇)
[02:30:43] 🎨 步骤 2/4: 生成 8 张配图
[02:30:43] 🖼️  生成图片 1/8: 云原生技术实践...
[02:30:52]   ✅ tech_home_1.png (135KB)
[02:30:52] 🖼️  生成图片 2/8: 云原生技术实践...
[02:31:02]   ✅ tech_home_2.png (148KB)
[02:31:02] 🖼️  生成图片 3/8: 云原生技术实践...
[02:31:11]   ✅ tech_home_3.png (132KB)
[02:31:11] 🖼️  生成图片 4/8: 云原生技术实践...
[02:31:22]   ✅ tech_home_4.png (142KB)
[02:31:22] 🖼️  生成图片 5/8: 云原生技术实践...
[02:31:32]   ✅ tech_home_5.png (137KB)
[02:31:32] 🖼️  生成图片 6/8: 云原生技术实践...
[02:31:41]   ✅ tech_home_6.png (127KB)
[02:31:41] 🖼️  生成图片 7/8: 云原生技术实践...
[02:31:49]   ✅ tech_home_7.png (167KB)
[02:31:49] 🖼️  生成图片 8/8: 云原生技术实践...
[02:32:01]   ✅ tech_home_8.png (143KB)
[02:32:01] ✅ 图片生成完成: 8/8 成功
[02:32:01] 🔄 步骤 3/4: 更新首页
[02:32:01] ✅ 首页已更新
[02:32:01] 📝 正在提交到Git...
