[02:30:38] ============================================================
[02:30:38] 开始更新技术文档 - 2026-07-30 02:30:38.110897
[02:30:38] ============================================================
[02:30:38] ============================================================
[02:30:38] 📝 技术文档自动更新（优化版）
[02:30:38] 📅 日期: 2026年07月30日
[02:30:38] ============================================================
[02:30:38] 🎯 主题: Python编程技巧与最佳实践
[02:30:38] 📝 步骤 1/4: 生成HTML文档 (归档页)
[02:30:38] ✅ HTML文档已生成: /home/swg/.openclaw/workspace/tech/history/2026/07/20260730.html
[02:30:38] 📋 步骤 1.5/4: 更新月份归档索引
[02:30:38] ✅ 月份归档索引已更新: 2026年07月30日 (14篇)
[02:30:38] 🎨 步骤 2/4: 生成 8 张配图
[02:30:38] 🖼️  生成图片 1/8: Python编程技巧与最佳实践...
[02:30:48]   ✅ tech_home_1.png (128KB)
[02:30:48] 🖼️  生成图片 2/8: Python编程技巧与最佳实践...
[02:30:57]   ✅ tech_home_2.png (115KB)
[02:30:57] 🖼️  生成图片 3/8: Python编程技巧与最佳实践...
[02:31:05]   ✅ tech_home_3.png (119KB)
[02:31:05] 🖼️  生成图片 4/8: Python编程技巧与最佳实践...
[02:31:19]   ✅ tech_home_4.png (107KB)
[02:31:19] 🖼️  生成图片 5/8: Python编程技巧与最佳实践...
[02:31:31]   ✅ tech_home_5.png (204KB)
[02:31:31] 🖼️  生成图片 6/8: Python编程技巧与最佳实践...
[02:31:39]   ✅ tech_home_6.png (120KB)
[02:31:39] 🖼️  生成图片 7/8: Python编程技巧与最佳实践...
[02:31:51]   ✅ tech_home_7.png (174KB)
[02:31:51] 🖼️  生成图片 8/8: Python编程技巧与最佳实践...
[02:32:00]   ✅ tech_home_8.png (138KB)
[02:32:00] ✅ 图片生成完成: 8/8 成功
[02:32:00] 🔄 步骤 3/4: 更新首页
[02:32:00] ✅ 首页已更新
[02:32:00] 📝 正在提交到Git...
[02:32:01] ✅ Git提交成功
[02:32:03] ⚠️  推送到GitHub失败
[02:32:03] ============================================================
[02:32:03] ✅ 技术文档自动更新完成！
[02:32:03] 📅 日期: 2026年07月30日
[02:32:03] 🎯 主题: Python编程技巧与最佳实践
[02:32:03] 🖼️  图片: ✅ 已生成 8 张
[02:32:03] ============================================================
[02:32:04] ❌ 发送飞书通知失败: [Errno 2] No such file or directory: '/home/swg/.openclaw/openclaw.json'
