[02:30:06] ============================================================
[02:30:06] 开始更新技术文档 - 2026-08-04 02:30:06.336420
[02:30:06] ============================================================
[02:30:06] ============================================================
[02:30:06] 📝 技术文档自动更新（优化版）
[02:30:06] 📅 日期: 2026年08月04日
[02:30:06] ============================================================
[02:30:06] 🎯 主题: Web安全防护指南
[02:30:06] 📝 步骤 1/4: 生成HTML文档 (归档页)
[02:30:06] ✅ HTML文档已生成: /home/swg/.openclaw/workspace/tech/history/2026/08/20260804.html
[02:30:06] 📋 步骤 1.5/4: 更新月份归档索引
[02:30:06] ✅ 月份归档索引已更新: 2026年08月04日 (13篇)
[02:30:06] 🎨 步骤 2/4: 生成 8 张配图
[02:30:06] 🖼️  生成图片 1/8: Web安全防护指南...
[02:30:16]   ✅ tech_home_1.png (140KB)
[02:30:16] 🖼️  生成图片 2/8: Web安全防护指南...
[02:30:23]   ✅ tech_home_2.png (136KB)
[02:30:23] 🖼️  生成图片 3/8: Web安全防护指南...
[02:30:33]   ✅ tech_home_3.png (136KB)
[02:30:33] 🖼️  生成图片 4/8: Web安全防护指南...
[02:30:41]   ✅ tech_home_4.png (129KB)
[02:30:41] 🖼️  生成图片 5/8: Web安全防护指南...
[02:30:51]   ✅ tech_home_5.png (176KB)
[02:30:51] 🖼️  生成图片 6/8: Web安全防护指南...
[02:31:04]   ✅ tech_home_6.png (133KB)
[02:31:04] 🖼️  生成图片 7/8: Web安全防护指南...
[02:31:13]   ✅ tech_home_7.png (168KB)
[02:31:13] 🖼️  生成图片 8/8: Web安全防护指南...
[02:31:22]   ✅ tech_home_8.png (175KB)
[02:31:22] ✅ 图片生成完成: 8/8 成功
[02:31:22] 🔄 步骤 3/4: 更新首页
[02:31:22] ✅ 首页已更新
[02:31:22] 📝 正在提交到Git...
[02:31:22] ✅ Git提交成功
[02:31:27] ✅ 推送到GitHub成功
[02:31:27] ============================================================
[02:31:27] ✅ 技术文档自动更新完成！
[02:31:27] 📅 日期: 2026年08月04日
[02:31:27] 🎯 主题: Web安全防护指南
[02:31:27] 🖼️  图片: ✅ 已生成 8 张
[02:31:27] ============================================================
[02:31:28] ❌ 发送飞书通知失败: [Errno 2] No such file or directory: '/home/swg/.openclaw/openclaw.json'
