[02:30:16] ============================================================
[02:30:16] 开始更新技术文档 - 2026-07-18 02:30:16.145207
[02:30:16] ============================================================
[02:30:16] ============================================================
[02:30:16] 📝 技术文档自动更新（优化版）
[02:30:16] 📅 日期: 2026年07月18日
[02:30:16] ============================================================
[02:30:16] 🎯 主题: DevOps自动化流程
[02:30:16] 📝 步骤 1/4: 生成HTML文档 (归档页)
[02:30:16] ✅ HTML文档已生成: /home/swg/.openclaw/workspace/tech/history/2026/07/20260718.html
[02:30:16] 📋 步骤 1.5/4: 更新月份归档索引
[02:30:16] ✅ 月份归档索引已更新: 2026年07月18日 (13篇)
[02:30:16] 🎨 步骤 2/4: 生成 8 张配图
[02:30:16] 🖼️  生成图片 1/8: DevOps自动化流程...
[02:30:27]   ✅ tech_home_1.png (160KB)
[02:30:27] 🖼️  生成图片 2/8: DevOps自动化流程...
[02:30:35]   ✅ tech_home_2.png (110KB)
[02:30:35] 🖼️  生成图片 3/8: DevOps自动化流程...
[02:30:44]   ✅ tech_home_3.png (116KB)
[02:30:44] 🖼️  生成图片 4/8: DevOps自动化流程...
[02:31:26]   ✅ tech_home_4.png (170KB)
[02:31:26] 🖼️  生成图片 5/8: DevOps自动化流程...
[02:31:35]   ✅ tech_home_5.png (159KB)
[02:31:35] 🖼️  生成图片 6/8: DevOps自动化流程...
[02:31:43]   ✅ tech_home_6.png (109KB)
[02:31:43] 🖼️  生成图片 7/8: DevOps自动化流程...
[02:31:51]   ✅ tech_home_7.png (149KB)
[02:31:51] 🖼️  生成图片 8/8: DevOps自动化流程...
[02:32:00]   ✅ tech_home_8.png (120KB)
[02:32:00] ✅ 图片生成完成: 8/8 成功
[02:32:00] 🔄 步骤 3/4: 更新首页
[02:32:00] ✅ 首页已更新
[02:32:00] 📝 正在提交到Git...
