[02:30:21] ============================================================
[02:30:21] 开始更新技术文档 - 2026-09-23 02:30:21.351670
[02:30:21] ============================================================
[02:30:21] ============================================================
[02:30:21] 📝 技术文档自动更新（优化版）
[02:30:21] 📅 日期: 2026年09月23日
[02:30:21] ============================================================
[02:30:21] 🎯 主题: Web安全防护指南
[02:30:21] 📝 步骤 1/4: 生成HTML文档 (归档页)
[02:30:21] ✅ HTML文档已生成: /home/swg/.openclaw/workspace/tech/history/2026/09/20260923.html
[02:30:21] 📋 步骤 1.5/4: 更新月份归档索引
[02:30:21] ✅ 月份归档索引已更新: 2026年09月23日 (13篇)
[02:30:21] 🎨 步骤 2/4: 生成 8 张配图
[02:30:21] 🖼️  生成图片 1/8: Web安全防护指南...
[02:30:30]   ✅ tech_home_1.png (136KB)
[02:30:30] 🖼️  生成图片 2/8: Web安全防护指南...
[02:30:38]   ✅ tech_home_2.png (153KB)
[02:30:38] 🖼️  生成图片 3/8: Web安全防护指南...
[02:30:51]   ✅ tech_home_3.png (146KB)
[02:30:51] 🖼️  生成图片 4/8: Web安全防护指南...
[02:31:03]   ✅ tech_home_4.png (170KB)
[02:31:03] 🖼️  生成图片 5/8: Web安全防护指南...
[02:31:11]   ✅ tech_home_5.png (156KB)
[02:31:11] 🖼️  生成图片 6/8: Web安全防护指南...
[02:31:24]   ✅ tech_home_6.png (155KB)
[02:31:24] 🖼️  生成图片 7/8: Web安全防护指南...
[02:31:33]   ✅ tech_home_7.png (152KB)
[02:31:33] 🖼️  生成图片 8/8: Web安全防护指南...
[02:31:41]   ✅ tech_home_8.png (168KB)
[02:31:41] ✅ 图片生成完成: 8/8 成功
[02:31:41] 🔄 步骤 3/4: 更新首页
[02:31:41] ✅ 首页已更新
[02:31:41] 🖼️ 步骤 3.5/4: 归档页插入配图
[02:31:41] ✅ 归档页配图已插入: /home/swg/.openclaw/workspace/tech/history/2026/09/20260923.html
[02:31:41] 📝 正在提交到Git...
