[02:30:34] ============================================================
[02:30:34] 开始更新技术文档 - 2026-06-26 02:30:34.044862
[02:30:34] ============================================================
[02:30:34] ============================================================
[02:30:34] 📝 技术文档自动更新（优化版）
[02:30:34] 📅 日期: 2026年06月26日
[02:30:34] ============================================================
[02:30:34] 🎯 主题: 微服务架构设计
[02:30:34] 📝 步骤 1/4: 生成HTML文档 (归档页)
[02:30:34] ✅ HTML文档已生成: /home/swg/.openclaw/workspace/tech/history/2026/06/20260626.html
[02:30:34] 📋 步骤 1.5/4: 更新月份归档索引
[02:30:34] ✅ 月份归档索引已更新: 2026年06月26日 (13篇)
[02:30:34] 🎨 步骤 2/4: 生成 8 张配图
[02:30:34] 🖼️  生成图片 1/8: 微服务架构设计...
[02:30:44]   ✅ tech_home_1.png (127KB)
[02:30:44] 🖼️  生成图片 2/8: 微服务架构设计...
[02:30:55]   ✅ tech_home_2.png (191KB)
[02:30:55] 🖼️  生成图片 3/8: 微服务架构设计...
[02:31:05]   ✅ tech_home_3.png (133KB)
[02:31:05] 🖼️  生成图片 4/8: 微服务架构设计...
[02:31:13]   ✅ tech_home_4.png (158KB)
[02:31:13] 🖼️  生成图片 5/8: 微服务架构设计...
[02:31:27]   ✅ tech_home_5.png (135KB)
[02:31:27] 🖼️  生成图片 6/8: 微服务架构设计...
[02:31:36]   ✅ tech_home_6.png (170KB)
[02:31:36] 🖼️  生成图片 7/8: 微服务架构设计...
[02:31:46]   ✅ tech_home_7.png (124KB)
[02:31:46] 🖼️  生成图片 8/8: 微服务架构设计...
[02:31:57]   ⚠️  尝试 1 失败
[02:32:08]   ✅ tech_home_8.png (165KB)
[02:32:08] ✅ 图片生成完成: 8/8 成功
[02:32:08] 🔄 步骤 3/4: 更新首页
[02:32:08] ✅ 首页已更新
[02:32:08] 📝 正在提交到Git...
