[02:30:34] ============================================================
[02:30:34] 开始更新技术文档 - 2026-06-20 02:30:34.490563
[02:30:34] ============================================================
[02:30:34] ============================================================
[02:30:34] 📝 技术文档自动更新（优化版）
[02:30:34] 📅 日期: 2026年06月20日
[02:30:34] ============================================================
[02:30:34] 🎯 主题: Python编程技巧与最佳实践
[02:30:34] 📝 步骤 1/4: 生成HTML文档 (归档页)
[02:30:34] ✅ HTML文档已生成: /home/swg/.openclaw/workspace/tech/history/2026/06/20260620.html
[02:30:34] 📋 步骤 1.5/4: 更新月份归档索引
[02:30:34] ✅ 月份归档索引已更新: 2026年06月20日 (14篇)
[02:30:34] 🎨 步骤 2/4: 生成 8 张配图
[02:30:34] 🖼️  生成图片 1/8: Python编程技巧与最佳实践...
[02:30:45]   ✅ tech_home_1.png (131KB)
[02:30:45] 🖼️  生成图片 2/8: Python编程技巧与最佳实践...
[02:30:55]   ✅ tech_home_2.png (140KB)
[02:30:55] 🖼️  生成图片 3/8: Python编程技巧与最佳实践...
[02:31:04]   ✅ tech_home_3.png (130KB)
[02:31:04] 🖼️  生成图片 4/8: Python编程技巧与最佳实践...
[02:31:16]   ✅ tech_home_4.png (114KB)
[02:31:16] 🖼️  生成图片 5/8: Python编程技巧与最佳实践...
[02:31:25]   ✅ tech_home_5.png (142KB)
[02:31:25] 🖼️  生成图片 6/8: Python编程技巧与最佳实践...
[02:31:34]   ✅ tech_home_6.png (83KB)
[02:31:34] 🖼️  生成图片 7/8: Python编程技巧与最佳实践...
[02:31:43]   ✅ tech_home_7.png (188KB)
[02:31:43] 🖼️  生成图片 8/8: Python编程技巧与最佳实践...
[02:31:52]   ✅ tech_home_8.png (127KB)
[02:31:52] ✅ 图片生成完成: 8/8 成功
[02:31:52] 🔄 步骤 3/4: 更新首页
[02:31:52] ✅ 首页已更新
[02:31:52] 📝 正在提交到Git...
[02:31:52] ✅ Git提交成功
[02:32:02] ✅ 推送到GitHub成功
[02:32:02] ============================================================
[02:32:02] ✅ 技术文档自动更新完成！
[02:32:02] 📅 日期: 2026年06月20日
[02:32:02] 🎯 主题: Python编程技巧与最佳实践
[02:32:02] 🖼️  图片: ✅ 已生成 8 张
[02:32:02] ============================================================
[02:32:02] ❌ 发送飞书通知失败: [Errno 2] No such file or directory: '/home/swg/.openclaw/openclaw.json'
