[02:30:52] ============================================================
[02:30:52] 开始更新技术文档 - 2026-07-09 02:30:52.787423
[02:30:52] ============================================================
[02:30:52] ============================================================
[02:30:52] 📝 技术文档自动更新（优化版）
[02:30:52] 📅 日期: 2026年07月09日
[02:30:52] ============================================================
[02:30:52] 🎯 主题: 人工智能应用开发
[02:30:52] 📝 步骤 1/4: 生成HTML文档 (归档页)
[02:30:52] ✅ HTML文档已生成: /home/swg/.openclaw/workspace/tech/history/2026/07/20260709.html
[02:30:52] 📋 步骤 1.5/4: 更新月份归档索引
[02:30:52] ⚠️  月份索引不存在，跳过: /home/swg/.openclaw/workspace/tech/history/2026/07/index.html
[02:30:52] 🎨 步骤 2/4: 生成 8 张配图
[02:30:52] 🖼️  生成图片 1/8: 人工智能应用开发...
[02:31:04]   ✅ tech_home_1.png (138KB)
[02:31:04] 🖼️  生成图片 2/8: 人工智能应用开发...
[02:31:12]   ✅ tech_home_2.png (143KB)
[02:31:12] 🖼️  生成图片 3/8: 人工智能应用开发...
[02:31:20]   ✅ tech_home_3.png (151KB)
[02:31:20] 🖼️  生成图片 4/8: 人工智能应用开发...
[02:31:29]   ✅ tech_home_4.png (190KB)
[02:31:29] 🖼️  生成图片 5/8: 人工智能应用开发...
[02:31:38]   ✅ tech_home_5.png (146KB)
[02:31:38] 🖼️  生成图片 6/8: 人工智能应用开发...
[02:31:46]   ✅ tech_home_6.png (118KB)
[02:31:46] 🖼️  生成图片 7/8: 人工智能应用开发...
[02:31:57]   ✅ tech_home_7.png (149KB)
[02:31:57] 🖼️  生成图片 8/8: 人工智能应用开发...
[02:32:06]   ✅ tech_home_8.png (142KB)
[02:32:06] ✅ 图片生成完成: 8/8 成功
[02:32:06] 🔄 步骤 3/4: 更新首页
[02:32:06] ✅ 首页已更新
[02:32:06] 📝 正在提交到Git...
