[02:30:49] ============================================================
[02:30:49] 开始更新技术文档 - 2026-05-28 02:30:49.298657
[02:30:49] ============================================================
[02:30:49] ============================================================
[02:30:49] 📝 技术文档自动更新（优化版）
[02:30:49] 📅 日期: 2026年05月28日
[02:30:49] ============================================================
[02:30:49] 🎯 主题: 云原生技术实践
[02:30:49] 📝 步骤 1/4: 生成HTML文档 (归档页)
[02:30:49] ✅ HTML文档已生成: /home/swg/.openclaw/workspace/tech/history/2026/05/20260528.html
[02:30:49] 📋 步骤 1.5/4: 更新月份归档索引
[02:30:49] ✅ 月份归档索引已更新: 2026年05月28日 (13篇)
[02:30:49] 🎨 步骤 2/4: 生成 8 张配图
[02:30:49] 🖼️  生成图片 1/8: 云原生技术实践...
[02:30:59]   ✅ tech_home_1.png (176KB)
[02:30:59] 🖼️  生成图片 2/8: 云原生技术实践...
[02:31:11]   ✅ tech_home_2.png (146KB)
[02:31:11] 🖼️  生成图片 3/8: 云原生技术实践...
[02:31:20]   ✅ tech_home_3.png (137KB)
[02:31:20] 🖼️  生成图片 4/8: 云原生技术实践...
[02:31:30]   ✅ tech_home_4.png (133KB)
[02:31:30] 🖼️  生成图片 5/8: 云原生技术实践...
[02:31:41]   ✅ tech_home_5.png (112KB)
[02:31:41] 🖼️  生成图片 6/8: 云原生技术实践...
[02:31:49]   ✅ tech_home_6.png (154KB)
[02:31:49] 🖼️  生成图片 7/8: 云原生技术实践...
[02:32:01]   ✅ tech_home_7.png (153KB)
[02:32:01] 🖼️  生成图片 8/8: 云原生技术实践...
[02:32:09]   ✅ tech_home_8.png (145KB)
[02:32:09] ✅ 图片生成完成: 8/8 成功
[02:32:09] 🔄 步骤 3/4: 更新首页
[02:32:09] ✅ 首页已更新
[02:32:09] 📝 正在提交到Git...
