[02:30:01] ============================================================
[02:30:01] 开始更新技术文档 - 2026-09-11 02:30:01.900727
[02:30:01] ============================================================
[02:30:01] ============================================================
[02:30:01] 📝 技术文档自动更新（优化版）
[02:30:01] 📅 日期: 2026年09月11日
[02:30:01] ============================================================
[02:30:01] 🎯 主题: Linux系统管理技巧
[02:30:01] 📝 步骤 1/4: 生成HTML文档 (归档页)
[02:30:01] ✅ HTML文档已生成: /home/swg/.openclaw/workspace/tech/history/2026/09/20260911.html
[02:30:01] 📋 步骤 1.5/4: 更新月份归档索引
[02:30:01] ✅ 月份归档索引已更新: 2026年09月11日 (13篇)
[02:30:01] 🎨 步骤 2/4: 生成 8 张配图
[02:30:01] 🖼️  生成图片 1/8: Linux系统管理技巧...
[02:30:10]   ✅ tech_home_1.png (158KB)
[02:30:10] 🖼️  生成图片 2/8: Linux系统管理技巧...
[02:30:19]   ✅ tech_home_2.png (148KB)
[02:30:19] 🖼️  生成图片 3/8: Linux系统管理技巧...
[02:30:27]   ✅ tech_home_3.png (129KB)
[02:30:27] 🖼️  生成图片 4/8: Linux系统管理技巧...
[02:30:38]   ✅ tech_home_4.png (128KB)
[02:30:38] 🖼️  生成图片 5/8: Linux系统管理技巧...
[02:30:46]   ✅ tech_home_5.png (141KB)
[02:30:46] 🖼️  生成图片 6/8: Linux系统管理技巧...
[02:30:55]   ✅ tech_home_6.png (117KB)
[02:30:55] 🖼️  生成图片 7/8: Linux系统管理技巧...
[02:31:04]   ✅ tech_home_7.png (171KB)
[02:31:04] 🖼️  生成图片 8/8: Linux系统管理技巧...
[02:31:16]   ✅ tech_home_8.png (123KB)
[02:31:16] ✅ 图片生成完成: 8/8 成功
[02:31:16] 🔄 步骤 3/4: 更新首页
[02:31:16] ✅ 首页已更新
[02:31:16] 📝 正在提交到Git...
[02:31:16] ✅ Git提交成功
[02:31:16] 🔄 git pull --rebase origin master ...
[02:31:20] 📤 git push origin master ...
[02:31:27] ✅ 推送到GitHub成功
[02:31:27] ============================================================
[02:31:27] ✅ 技术文档自动更新完成！
[02:31:27] 📅 日期: 2026年09月11日
[02:31:27] 🎯 主题: Linux系统管理技巧
[02:31:27] 🖼️  图片: ✅ 已生成 8 张
[02:31:27] ============================================================
[02:31:27] ❌ 发送飞书通知失败: [Errno 2] No such file or directory: '/home/swg/.openclaw/openclaw.json'
