[02:31:00] ============================================================
[02:31:00] 开始更新技术文档 - 2026-06-28 02:31:00.118631
[02:31:00] ============================================================
[02:31:00] ============================================================
[02:31:00] 📝 技术文档自动更新（优化版）
[02:31:00] 📅 日期: 2026年06月28日
[02:31:00] ============================================================
[02:31:00] 🎯 主题: DevOps自动化流程
[02:31:00] 📝 步骤 1/4: 生成HTML文档 (归档页)
[02:31:00] ✅ HTML文档已生成: /home/swg/.openclaw/workspace/tech/history/2026/06/20260628.html
[02:31:00] 📋 步骤 1.5/4: 更新月份归档索引
[02:31:00] ✅ 月份归档索引已更新: 2026年06月28日 (13篇)
[02:31:00] 🎨 步骤 2/4: 生成 8 张配图
[02:31:00] 🖼️  生成图片 1/8: DevOps自动化流程...
[02:31:12]   ✅ tech_home_1.png (156KB)
[02:31:12] 🖼️  生成图片 2/8: DevOps自动化流程...
[02:31:21]   ✅ tech_home_2.png (144KB)
[02:31:21] 🖼️  生成图片 3/8: DevOps自动化流程...
[02:31:30]   ✅ tech_home_3.png (129KB)
[02:31:30] 🖼️  生成图片 4/8: DevOps自动化流程...
[02:31:38]   ✅ tech_home_4.png (166KB)
[02:31:38] 🖼️  生成图片 5/8: DevOps自动化流程...
[02:31:46]   ✅ tech_home_5.png (148KB)
[02:31:46] 🖼️  生成图片 6/8: DevOps自动化流程...
[02:31:57]   ✅ tech_home_6.png (136KB)
[02:31:57] 🖼️  生成图片 7/8: DevOps自动化流程...
[02:32:06]   ✅ tech_home_7.png (196KB)
[02:32:06] 🖼️  生成图片 8/8: DevOps自动化流程...
[02:32:14]   ✅ tech_home_8.png (142KB)
[02:32:14] ✅ 图片生成完成: 8/8 成功
[02:32:14] 🔄 步骤 3/4: 更新首页
[02:32:14] ✅ 首页已更新
[02:32:14] 📝 正在提交到Git...
[02:32:15] ✅ Git提交成功
[02:32:20] ✅ 推送到GitHub成功
[02:32:20] ============================================================
[02:32:20] ✅ 技术文档自动更新完成！
[02:32:20] 📅 日期: 2026年06月28日
[02:32:20] 🎯 主题: DevOps自动化流程
[02:32:20] 🖼️  图片: ✅ 已生成 8 张
[02:32:20] ============================================================
[02:32:20] ❌ 发送飞书通知失败: [Errno 2] No such file or directory: '/home/swg/.openclaw/openclaw.json'
