[02:30:40] ============================================================
[02:30:40] 开始更新技术文档 - 2026-09-22 02:30:40.988534
[02:30:40] ============================================================
[02:30:41] ============================================================
[02:30:41] 📝 技术文档自动更新（优化版）
[02:30:41] 📅 日期: 2026年09月22日
[02:30:41] ============================================================
[02:30:41] 🎯 主题: 数据库优化策略
[02:30:41] 📝 步骤 1/4: 生成HTML文档 (归档页)
[02:30:41] ✅ HTML文档已生成: /home/swg/.openclaw/workspace/tech/history/2026/09/20260922.html
[02:30:41] 📋 步骤 1.5/4: 更新月份归档索引
[02:30:41] ✅ 月份归档索引已更新: 2026年09月22日 (13篇)
[02:30:41] 🎨 步骤 2/4: 生成 8 张配图
[02:30:41] 🖼️  生成图片 1/8: 数据库优化策略...
[02:30:49]   ✅ tech_home_1.png (144KB)
[02:30:49] 🖼️  生成图片 2/8: 数据库优化策略...
[02:30:57]   ✅ tech_home_2.png (133KB)
[02:30:57] 🖼️  生成图片 3/8: 数据库优化策略...
[02:31:06]   ✅ tech_home_3.png (147KB)
[02:31:06] 🖼️  生成图片 4/8: 数据库优化策略...
[02:31:15]   ✅ tech_home_4.png (142KB)
[02:31:15] 🖼️  生成图片 5/8: 数据库优化策略...
[02:31:23]   ✅ tech_home_5.png (127KB)
[02:31:23] 🖼️  生成图片 6/8: 数据库优化策略...
[02:31:31]   ✅ tech_home_6.png (152KB)
[02:31:31] 🖼️  生成图片 7/8: 数据库优化策略...
[02:31:40]   ✅ tech_home_7.png (172KB)
[02:31:40] 🖼️  生成图片 8/8: 数据库优化策略...
[02:31:52]   ✅ tech_home_8.png (153KB)
[02:31:52] ✅ 图片生成完成: 8/8 成功
[02:31:52] 🔄 步骤 3/4: 更新首页
[02:31:52] ✅ 首页已更新
[02:31:52] 🖼️ 步骤 3.5/4: 归档页插入配图
[02:31:52] ✅ 归档页配图已插入: /home/swg/.openclaw/workspace/tech/history/2026/09/20260922.html
[02:31:52] 📝 正在提交到Git...
[02:31:52] ✅ Git提交成功
[02:31:52] 🔄 git pull --rebase origin master ...
[02:31:55] 📤 git push origin master ...
[02:32:01] ✅ 推送到GitHub成功
[02:32:01] ============================================================
[02:32:01] ✅ 技术文档自动更新完成！
[02:32:01] 📅 日期: 2026年09月22日
[02:32:01] 🎯 主题: 数据库优化策略
[02:32:01] 🖼️  图片: ✅ 已生成 8 张
[02:32:01] ============================================================
[02:32:02] ❌ 发送飞书通知失败: [Errno 2] No such file or directory: '/home/swg/.openclaw/openclaw.json'
