[02:30:03] ============================================================
[02:30:03] 开始更新技术文档 - 2026-07-04 02:30:03.534120
[02:30:03] ============================================================
[02:30:03] ============================================================
[02:30:03] 📝 技术文档自动更新（优化版）
[02:30:03] 📅 日期: 2026年07月04日
[02:30:03] ============================================================
[02:30:03] 🎯 主题: 数据库优化策略
[02:30:03] 📝 步骤 1/4: 生成HTML文档 (归档页)
[02:30:03] ✅ HTML文档已生成: /home/swg/.openclaw/workspace/tech/history/2026/07/20260704.html
[02:30:03] 📋 步骤 1.5/4: 更新月份归档索引
[02:30:03] ⚠️  月份索引不存在，跳过: /home/swg/.openclaw/workspace/tech/history/2026/07/index.html
[02:30:03] 🎨 步骤 2/4: 生成 8 张配图
[02:30:03] 🖼️  生成图片 1/8: 数据库优化策略...
[02:30:12]   ✅ tech_home_1.png (143KB)
[02:30:12] 🖼️  生成图片 2/8: 数据库优化策略...
[02:30:23]   ✅ tech_home_2.png (160KB)
[02:30:23] 🖼️  生成图片 3/8: 数据库优化策略...
[02:30:31]   ✅ tech_home_3.png (146KB)
[02:30:31] 🖼️  生成图片 4/8: 数据库优化策略...
[02:30:43]   ✅ tech_home_4.png (128KB)
[02:30:43] 🖼️  生成图片 5/8: 数据库优化策略...
[02:30:51]   ✅ tech_home_5.png (156KB)
[02:30:51] 🖼️  生成图片 6/8: 数据库优化策略...
[02:30:59]   ✅ tech_home_6.png (171KB)
[02:30:59] 🖼️  生成图片 7/8: 数据库优化策略...
[02:31:08]   ✅ tech_home_7.png (185KB)
[02:31:08] 🖼️  生成图片 8/8: 数据库优化策略...
[02:31:21]   ✅ tech_home_8.png (135KB)
[02:31:21] ✅ 图片生成完成: 8/8 成功
[02:31:21] 🔄 步骤 3/4: 更新首页
[02:31:21] ✅ 首页已更新
[02:31:21] 📝 正在提交到Git...
[02:31:21] ✅ Git提交成功
[02:31:26] ✅ 推送到GitHub成功
[02:31:26] ============================================================
[02:31:26] ✅ 技术文档自动更新完成！
[02:31:26] 📅 日期: 2026年07月04日
[02:31:26] 🎯 主题: 数据库优化策略
[02:31:26] 🖼️  图片: ✅ 已生成 8 张
[02:31:26] ============================================================
[02:31:27] ❌ 发送飞书通知失败: [Errno 2] No such file or directory: '/home/swg/.openclaw/openclaw.json'
