[02:30:12] ============================================================
[02:30:12] 开始更新技术文档 - 2026-08-01 02:30:12.334073
[02:30:12] ============================================================
[02:30:12] ============================================================
[02:30:12] 📝 技术文档自动更新（优化版）
[02:30:12] 📅 日期: 2026年08月01日
[02:30:12] ============================================================
[02:30:12] 🎯 主题: Git版本控制高级用法
[02:30:12] 📝 步骤 1/4: 生成HTML文档 (归档页)
[02:30:12] ✅ HTML文档已生成: /home/swg/.openclaw/workspace/tech/history/2026/08/20260801.html
[02:30:12] 📋 步骤 1.5/4: 更新月份归档索引
[02:30:12] ⚠️  月份索引不存在，跳过: /home/swg/.openclaw/workspace/tech/history/2026/08/index.html
[02:30:12] 🎨 步骤 2/4: 生成 8 张配图
[02:30:12] 🖼️  生成图片 1/8: Git版本控制高级用法...
[02:30:22]   ✅ tech_home_1.png (113KB)
[02:30:22] 🖼️  生成图片 2/8: Git版本控制高级用法...
[02:30:33]   ✅ tech_home_2.png (146KB)
[02:30:33] 🖼️  生成图片 3/8: Git版本控制高级用法...
[02:30:42]   ✅ tech_home_3.png (152KB)
[02:30:42] 🖼️  生成图片 4/8: Git版本控制高级用法...
[02:30:51]   ✅ tech_home_4.png (153KB)
[02:30:51] 🖼️  生成图片 5/8: Git版本控制高级用法...
[02:31:01]   ✅ tech_home_5.png (114KB)
[02:31:01] 🖼️  生成图片 6/8: Git版本控制高级用法...
[02:31:10]   ✅ tech_home_6.png (144KB)
[02:31:10] 🖼️  生成图片 7/8: Git版本控制高级用法...
[02:31:19]   ✅ tech_home_7.png (159KB)
[02:31:19] 🖼️  生成图片 8/8: Git版本控制高级用法...
[02:31:29]   ✅ tech_home_8.png (130KB)
[02:31:29] ✅ 图片生成完成: 8/8 成功
[02:31:29] 🔄 步骤 3/4: 更新首页
[02:31:29] ✅ 首页已更新
[02:31:29] 📝 正在提交到Git...
