[02:30:16] ============================================================
[02:30:16] 开始更新技术文档 - 2026-06-10 02:30:16.539805
[02:30:16] ============================================================
[02:30:16] ============================================================
[02:30:16] 📝 技术文档自动更新（优化版）
[02:30:16] 📅 日期: 2026年06月10日
[02:30:16] ============================================================
[02:30:16] 🎯 主题: Python编程技巧与最佳实践
[02:30:16] 📝 步骤 1/4: 生成HTML文档 (归档页)
[02:30:16] ✅ HTML文档已生成: /home/swg/.openclaw/workspace/tech/history/2026/06/20260610.html
[02:30:16] 📋 步骤 1.5/4: 更新月份归档索引
[02:30:16] ✅ 月份归档索引已更新: 2026年06月10日 (14篇)
[02:30:16] 🎨 步骤 2/4: 生成 8 张配图
[02:30:16] 🖼️  生成图片 1/8: Python编程技巧与最佳实践...
[02:30:25]   ✅ tech_home_1.png (127KB)
[02:30:25] 🖼️  生成图片 2/8: Python编程技巧与最佳实践...
[02:30:33]   ✅ tech_home_2.png (117KB)
[02:30:33] 🖼️  生成图片 3/8: Python编程技巧与最佳实践...
[02:30:42]   ✅ tech_home_3.png (136KB)
[02:30:42] 🖼️  生成图片 4/8: Python编程技巧与最佳实践...
[02:30:51]   ✅ tech_home_4.png (124KB)
[02:30:51] 🖼️  生成图片 5/8: Python编程技巧与最佳实践...
[02:30:59]   ✅ tech_home_5.png (157KB)
[02:30:59] 🖼️  生成图片 6/8: Python编程技巧与最佳实践...
[02:31:09]   ✅ tech_home_6.png (113KB)
[02:31:09] 🖼️  生成图片 7/8: Python编程技巧与最佳实践...
[02:31:20]   ✅ tech_home_7.png (166KB)
[02:31:20] 🖼️  生成图片 8/8: Python编程技巧与最佳实践...
[02:31:29]   ✅ tech_home_8.png (153KB)
[02:31:29] ✅ 图片生成完成: 8/8 成功
[02:31:29] 🔄 步骤 3/4: 更新首页
[02:31:29] ✅ 首页已更新
[02:31:29] 📝 正在提交到Git...
[02:31:29] ✅ Git提交成功
[02:31:34] ✅ 推送到GitHub成功
[02:31:34] ============================================================
[02:31:34] ✅ 技术文档自动更新完成！
[02:31:34] 📅 日期: 2026年06月10日
[02:31:34] 🎯 主题: Python编程技巧与最佳实践
[02:31:34] 🖼️  图片: ✅ 已生成 8 张
[02:31:34] ============================================================
[02:31:35] ❌ 发送飞书通知失败: [Errno 2] No such file or directory: '/home/swg/.openclaw/openclaw.json'
