[02:30:59] ============================================================
[02:30:59] 开始更新技术文档 - 2026-08-13 02:30:59.904093
[02:30:59] ============================================================
[02:30:59] ============================================================
[02:30:59] 📝 技术文档自动更新（优化版）
[02:30:59] 📅 日期: 2026年08月13日
[02:30:59] ============================================================
[02:30:59] 🎯 主题: 数据库优化策略
[02:30:59] 📝 步骤 1/4: 生成HTML文档 (归档页)
[02:30:59] ✅ HTML文档已生成: /home/swg/.openclaw/workspace/tech/history/2026/08/20260813.html
[02:30:59] 📋 步骤 1.5/4: 更新月份归档索引
[02:30:59] ✅ 月份归档索引已更新: 2026年08月13日 (13篇)
[02:30:59] 🎨 步骤 2/4: 生成 8 张配图
[02:30:59] 🖼️  生成图片 1/8: 数据库优化策略...
[02:31:08]   ✅ tech_home_1.png (143KB)
[02:31:08] 🖼️  生成图片 2/8: 数据库优化策略...
[02:31:17]   ✅ tech_home_2.png (164KB)
[02:31:17] 🖼️  生成图片 3/8: 数据库优化策略...
[02:31:25]   ✅ tech_home_3.png (179KB)
[02:31:25] 🖼️  生成图片 4/8: 数据库优化策略...
[02:31:34]   ✅ tech_home_4.png (127KB)
[02:31:34] 🖼️  生成图片 5/8: 数据库优化策略...
[02:31:48]   ✅ tech_home_5.png (134KB)
[02:31:48] 🖼️  生成图片 6/8: 数据库优化策略...
[02:31:56]   ✅ tech_home_6.png (155KB)
[02:31:56] 🖼️  生成图片 7/8: 数据库优化策略...
[02:32:05]   ✅ tech_home_7.png (186KB)
[02:32:05] 🖼️  生成图片 8/8: 数据库优化策略...
[02:32:16]   ✅ tech_home_8.png (131KB)
[02:32:16] ✅ 图片生成完成: 8/8 成功
[02:32:16] 🔄 步骤 3/4: 更新首页
[02:32:16] ✅ 首页已更新
[02:32:16] 📝 正在提交到Git...
