[02:30:26] ============================================================
[02:30:26] 开始更新技术文档 - 2026-07-31 02:30:26.595870
[02:30:26] ============================================================
[02:30:26] ============================================================
[02:30:26] 📝 技术文档自动更新（优化版）
[02:30:26] 📅 日期: 2026年07月31日
[02:30:26] ============================================================
[02:30:26] 🎯 主题: Docker容器化部署指南
[02:30:26] 📝 步骤 1/4: 生成HTML文档 (归档页)
[02:30:26] ✅ HTML文档已生成: /home/swg/.openclaw/workspace/tech/history/2026/07/20260731.html
[02:30:26] 📋 步骤 1.5/4: 更新月份归档索引
[02:30:26] ✅ 月份归档索引已更新: 2026年07月31日 (13篇)
[02:30:26] 🎨 步骤 2/4: 生成 8 张配图
[02:30:26] 🖼️  生成图片 1/8: Docker容器化部署指南...
[02:30:38]   ✅ tech_home_1.png (132KB)
[02:30:38] 🖼️  生成图片 2/8: Docker容器化部署指南...
[02:30:51]   ✅ tech_home_2.png (177KB)
[02:30:51] 🖼️  生成图片 3/8: Docker容器化部署指南...
[02:31:03]   ✅ tech_home_3.png (157KB)
[02:31:03] 🖼️  生成图片 4/8: Docker容器化部署指南...
[02:31:12]   ✅ tech_home_4.png (158KB)
[02:31:12] 🖼️  生成图片 5/8: Docker容器化部署指南...
[02:31:23]   ✅ tech_home_5.png (160KB)
[02:31:23] 🖼️  生成图片 6/8: Docker容器化部署指南...
[02:31:32]   ✅ tech_home_6.png (146KB)
[02:31:32] 🖼️  生成图片 7/8: Docker容器化部署指南...
[02:31:41]   ✅ tech_home_7.png (157KB)
[02:31:41] 🖼️  生成图片 8/8: Docker容器化部署指南...
[02:31:50]   ✅ tech_home_8.png (135KB)
[02:31:50] ✅ 图片生成完成: 8/8 成功
[02:31:50] 🔄 步骤 3/4: 更新首页
[02:31:50] ✅ 首页已更新
[02:31:50] 📝 正在提交到Git...
[02:31:50] ✅ Git提交成功
[02:31:56] ✅ 推送到GitHub成功
[02:31:56] ============================================================
[02:31:56] ✅ 技术文档自动更新完成！
[02:31:56] 📅 日期: 2026年07月31日
[02:31:56] 🎯 主题: Docker容器化部署指南
[02:31:56] 🖼️  图片: ✅ 已生成 8 张
[02:31:56] ============================================================
[02:31:56] ❌ 发送飞书通知失败: [Errno 2] No such file or directory: '/home/swg/.openclaw/openclaw.json'
