[02:30:24] ============================================================
[02:30:24] 开始更新技术文档 - 2026-06-18 02:30:24.852093
[02:30:24] ============================================================
[02:30:24] ============================================================
[02:30:24] 📝 技术文档自动更新（优化版）
[02:30:24] 📅 日期: 2026年06月18日
[02:30:24] ============================================================
[02:30:24] 🎯 主题: DevOps自动化流程
[02:30:24] 📝 步骤 1/4: 生成HTML文档 (归档页)
[02:30:24] ✅ HTML文档已生成: /home/swg/.openclaw/workspace/tech/history/2026/06/20260618.html
[02:30:24] 📋 步骤 1.5/4: 更新月份归档索引
[02:30:24] ✅ 月份归档索引已更新: 2026年06月18日 (13篇)
[02:30:24] 🎨 步骤 2/4: 生成 8 张配图
[02:30:24] 🖼️  生成图片 1/8: DevOps自动化流程...
[02:30:33]   ✅ tech_home_1.png (150KB)
[02:30:33] 🖼️  生成图片 2/8: DevOps自动化流程...
[02:30:43]   ✅ tech_home_2.png (170KB)
[02:30:43] 🖼️  生成图片 3/8: DevOps自动化流程...
[02:30:55]   ✅ tech_home_3.png (110KB)
[02:30:55] 🖼️  生成图片 4/8: DevOps自动化流程...
[02:31:04]   ✅ tech_home_4.png (163KB)
[02:31:04] 🖼️  生成图片 5/8: DevOps自动化流程...
[02:31:17]   ✅ tech_home_5.png (148KB)
[02:31:17] 🖼️  生成图片 6/8: DevOps自动化流程...
[02:31:26]   ✅ tech_home_6.png (139KB)
[02:31:26] 🖼️  生成图片 7/8: DevOps自动化流程...
[02:31:35]   ✅ tech_home_7.png (166KB)
[02:31:35] 🖼️  生成图片 8/8: DevOps自动化流程...
[02:31:43]   ✅ tech_home_8.png (132KB)
[02:31:43] ✅ 图片生成完成: 8/8 成功
[02:31:43] 🔄 步骤 3/4: 更新首页
[02:31:43] ✅ 首页已更新
[02:31:43] 📝 正在提交到Git...
[02:31:44] ✅ Git提交成功
[02:32:14] ✅ 推送到GitHub成功
[02:32:14] ============================================================
[02:32:14] ✅ 技术文档自动更新完成！
[02:32:14] 📅 日期: 2026年06月18日
[02:32:14] 🎯 主题: DevOps自动化流程
[02:32:14] 🖼️  图片: ✅ 已生成 8 张
[02:32:14] ============================================================
[02:32:14] ❌ 发送飞书通知失败: [Errno 2] No such file or directory: '/home/swg/.openclaw/openclaw.json'
