[02:30:10] ============================================================
[02:30:10] 开始更新技术文档 - 2026-09-25 02:30:10.179369
[02:30:10] ============================================================
[02:30:10] ============================================================
[02:30:10] 📝 技术文档自动更新（优化版）
[02:30:10] 📅 日期: 2026年09月25日
[02:30:10] ============================================================
[02:30:10] 🎯 主题: 云原生技术实践
[02:30:10] 📝 步骤 1/4: 生成HTML文档 (归档页)
[02:30:10] ✅ HTML文档已生成: /home/swg/.openclaw/workspace/tech/history/2026/09/20260925.html
[02:30:10] 📋 步骤 1.5/4: 更新月份归档索引
[02:30:10] ✅ 月份归档索引已更新: 2026年09月25日 (13篇)
[02:30:10] 🎨 步骤 2/4: 生成 8 张配图
[02:30:10] 🖼️  生成图片 1/8: 云原生技术实践...
[02:30:19]   ✅ tech_home_1.png (185KB)
[02:30:19] 🖼️  生成图片 2/8: 云原生技术实践...
[02:30:30]   ✅ tech_home_2.png (144KB)
[02:30:30] 🖼️  生成图片 3/8: 云原生技术实践...
[02:30:42]   ✅ tech_home_3.png (169KB)
[02:30:42] 🖼️  生成图片 4/8: 云原生技术实践...
[02:30:51]   ✅ tech_home_4.png (158KB)
[02:30:51] 🖼️  生成图片 5/8: 云原生技术实践...
[02:30:59]   ✅ tech_home_5.png (127KB)
[02:30:59] 🖼️  生成图片 6/8: 云原生技术实践...
[02:31:09]   ✅ tech_home_6.png (122KB)
[02:31:09] 🖼️  生成图片 7/8: 云原生技术实践...
[02:31:18]   ✅ tech_home_7.png (130KB)
[02:31:18] 🖼️  生成图片 8/8: 云原生技术实践...
[02:31:31]   ✅ tech_home_8.png (128KB)
[02:31:31] ✅ 图片生成完成: 8/8 成功
[02:31:31] 🔄 步骤 3/4: 更新首页
[02:31:31] ✅ 首页已更新
[02:31:31] 🖼️ 步骤 3.5/4: 归档页插入配图
[02:31:31] ✅ 归档页配图已插入: /home/swg/.openclaw/workspace/tech/history/2026/09/20260925.html
[02:31:31] 📝 正在提交到Git...
