[02:30:32] ============================================================
[02:30:32] 开始更新技术文档 - 2026-09-13 02:30:32.588365
[02:30:32] ============================================================
[02:30:32] ============================================================
[02:30:32] 📝 技术文档自动更新（优化版）
[02:30:32] 📅 日期: 2026年09月13日
[02:30:32] ============================================================
[02:30:32] 🎯 主题: Web安全防护指南
[02:30:32] 📝 步骤 1/4: 生成HTML文档 (归档页)
[02:30:32] ✅ HTML文档已生成: /home/swg/.openclaw/workspace/tech/history/2026/09/20260913.html
[02:30:32] 📋 步骤 1.5/4: 更新月份归档索引
[02:30:32] ✅ 月份归档索引已更新: 2026年09月13日 (13篇)
[02:30:32] 🎨 步骤 2/4: 生成 8 张配图
[02:30:32] 🖼️  生成图片 1/8: Web安全防护指南...
[02:30:43]   ✅ tech_home_1.png (142KB)
[02:30:43] 🖼️  生成图片 2/8: Web安全防护指南...
[02:30:51]   ✅ tech_home_2.png (147KB)
[02:30:51] 🖼️  生成图片 3/8: Web安全防护指南...
[02:31:00]   ✅ tech_home_3.png (138KB)
[02:31:00] 🖼️  生成图片 4/8: Web安全防护指南...
[02:31:10]   ✅ tech_home_4.png (179KB)
[02:31:10] 🖼️  生成图片 5/8: Web安全防护指南...
[02:31:20]   ✅ tech_home_5.png (145KB)
[02:31:20] 🖼️  生成图片 6/8: Web安全防护指南...
[02:31:29]   ✅ tech_home_6.png (150KB)
[02:31:29] 🖼️  生成图片 7/8: Web安全防护指南...
[02:31:42]   ✅ tech_home_7.png (135KB)
[02:31:42] 🖼️  生成图片 8/8: Web安全防护指南...
[02:31:51]   ✅ tech_home_8.png (141KB)
[02:31:51] ✅ 图片生成完成: 8/8 成功
[02:31:51] 🔄 步骤 3/4: 更新首页
[02:31:51] ✅ 首页已更新
[02:31:51] 📝 正在提交到Git...
