[02:30:17] ============================================================
[02:30:17] 开始更新技术文档 - 2026-06-02 02:30:17.411794
[02:30:17] ============================================================
[02:30:17] ============================================================
[02:30:17] 📝 技术文档自动更新（优化版）
[02:30:17] 📅 日期: 2026年06月02日
[02:30:17] ============================================================
[02:30:17] 🎯 主题: Git版本控制高级用法
[02:30:17] 📝 步骤 1/4: 生成HTML文档 (归档页)
[02:30:17] ✅ HTML文档已生成: /home/swg/.openclaw/workspace/tech/history/2026/06/20260602.html
[02:30:17] 📋 步骤 1.5/4: 更新月份归档索引
[02:30:17] ⚠️  月份索引不存在，跳过: /home/swg/.openclaw/workspace/tech/history/2026/06/index.html
[02:30:17] 🎨 步骤 2/4: 生成 8 张配图
[02:30:17] 🖼️  生成图片 1/8: Git版本控制高级用法...
[02:30:26]   ✅ tech_home_1.png (119KB)
[02:30:26] 🖼️  生成图片 2/8: Git版本控制高级用法...
[02:30:34]   ✅ tech_home_2.png (180KB)
[02:30:34] 🖼️  生成图片 3/8: Git版本控制高级用法...
[02:30:43]   ✅ tech_home_3.png (142KB)
[02:30:43] 🖼️  生成图片 4/8: Git版本控制高级用法...
[02:30:52]   ✅ tech_home_4.png (120KB)
[02:30:52] 🖼️  生成图片 5/8: Git版本控制高级用法...
[02:31:00]   ✅ tech_home_5.png (113KB)
[02:31:00] 🖼️  生成图片 6/8: Git版本控制高级用法...
[02:31:09]   ✅ tech_home_6.png (99KB)
[02:31:09] 🖼️  生成图片 7/8: Git版本控制高级用法...
[02:31:17]   ✅ tech_home_7.png (173KB)
[02:31:17] 🖼️  生成图片 8/8: Git版本控制高级用法...
[02:31:26]   ✅ tech_home_8.png (123KB)
[02:31:26] ✅ 图片生成完成: 8/8 成功
[02:31:26] 🔄 步骤 3/4: 更新首页
[02:31:26] ✅ 首页已更新
[02:31:26] 📝 正在提交到Git...
