[02:30:24] ============================================================
[02:30:24] 开始更新技术文档 - 2026-07-28 02:30:24.572146
[02:30:24] ============================================================
[02:30:24] ============================================================
[02:30:24] 📝 技术文档自动更新（优化版）
[02:30:24] 📅 日期: 2026年07月28日
[02:30:24] ============================================================
[02:30:24] 🎯 主题: DevOps自动化流程
[02:30:24] 📝 步骤 1/4: 生成HTML文档 (归档页)
[02:30:24] ✅ HTML文档已生成: /home/swg/.openclaw/workspace/tech/history/2026/07/20260728.html
[02:30:24] 📋 步骤 1.5/4: 更新月份归档索引
[02:30:24] ✅ 月份归档索引已更新: 2026年07月28日 (13篇)
[02:30:24] 🎨 步骤 2/4: 生成 8 张配图
[02:30:24] 🖼️  生成图片 1/8: DevOps自动化流程...
[02:30:33]   ✅ tech_home_1.png (157KB)
[02:30:33] 🖼️  生成图片 2/8: DevOps自动化流程...
[02:30:41]   ✅ tech_home_2.png (200KB)
[02:30:41] 🖼️  生成图片 3/8: DevOps自动化流程...
[02:30:50]   ✅ tech_home_3.png (120KB)
[02:30:50] 🖼️  生成图片 4/8: DevOps自动化流程...
[02:30:58]   ✅ tech_home_4.png (164KB)
[02:30:58] 🖼️  生成图片 5/8: DevOps自动化流程...
[02:31:07]   ✅ tech_home_5.png (150KB)
[02:31:07] 🖼️  生成图片 6/8: DevOps自动化流程...
[02:31:15]   ✅ tech_home_6.png (132KB)
[02:31:15] 🖼️  生成图片 7/8: DevOps自动化流程...
[02:31:24]   ✅ tech_home_7.png (157KB)
[02:31:24] 🖼️  生成图片 8/8: DevOps自动化流程...
[02:31:33]   ✅ tech_home_8.png (142KB)
[02:31:33] ✅ 图片生成完成: 8/8 成功
[02:31:33] 🔄 步骤 3/4: 更新首页
[02:31:33] ✅ 首页已更新
[02:31:33] 📝 正在提交到Git...
[02:31:33] ✅ Git提交成功
[02:31:36] ⚠️  推送到GitHub失败
[02:31:36] ============================================================
[02:31:36] ✅ 技术文档自动更新完成！
[02:31:36] 📅 日期: 2026年07月28日
[02:31:36] 🎯 主题: DevOps自动化流程
[02:31:36] 🖼️  图片: ✅ 已生成 8 张
[02:31:36] ============================================================
[02:31:36] ❌ 发送飞书通知失败: [Errno 2] No such file or directory: '/home/swg/.openclaw/openclaw.json'
