[02:30:53] ============================================================
[02:30:53] 开始更新技术文档 - 2026-08-02 02:30:53.361973
[02:30:53] ============================================================
[02:30:53] ============================================================
[02:30:53] 📝 技术文档自动更新（优化版）
[02:30:53] 📅 日期: 2026年08月02日
[02:30:53] ============================================================
[02:30:53] 🎯 主题: Linux系统管理技巧
[02:30:53] 📝 步骤 1/4: 生成HTML文档 (归档页)
[02:30:53] ✅ HTML文档已生成: /home/swg/.openclaw/workspace/tech/history/2026/08/20260802.html
[02:30:53] 📋 步骤 1.5/4: 更新月份归档索引
[02:30:53] ✅ 月份归档索引已更新: 2026年08月02日 (13篇)
[02:30:53] 🎨 步骤 2/4: 生成 8 张配图
[02:30:53] 🖼️  生成图片 1/8: Linux系统管理技巧...
[02:31:02]   ✅ tech_home_1.png (138KB)
[02:31:02] 🖼️  生成图片 2/8: Linux系统管理技巧...
[02:31:16]   ✅ tech_home_2.png (190KB)
[02:31:16] 🖼️  生成图片 3/8: Linux系统管理技巧...
[02:31:24]   ✅ tech_home_3.png (138KB)
[02:31:24] 🖼️  生成图片 4/8: Linux系统管理技巧...
[02:31:33]   ✅ tech_home_4.png (113KB)
[02:31:33] 🖼️  生成图片 5/8: Linux系统管理技巧...
[02:31:44]   ✅ tech_home_5.png (129KB)
[02:31:44] 🖼️  生成图片 6/8: Linux系统管理技巧...
[02:31:52]   ✅ tech_home_6.png (118KB)
[02:31:52] 🖼️  生成图片 7/8: Linux系统管理技巧...
[02:32:02]   ✅ tech_home_7.png (181KB)
[02:32:02] 🖼️  生成图片 8/8: Linux系统管理技巧...
[02:32:10]   ✅ tech_home_8.png (129KB)
[02:32:10] ✅ 图片生成完成: 8/8 成功
[02:32:10] 🔄 步骤 3/4: 更新首页
[02:32:10] ✅ 首页已更新
[02:32:10] 📝 正在提交到Git...
