[02:30:29] ============================================================
[02:30:29] 开始更新技术文档 - 2026-06-13 02:30:29.154483
[02:30:29] ============================================================
[02:30:29] ============================================================
[02:30:29] 📝 技术文档自动更新（优化版）
[02:30:29] 📅 日期: 2026年06月13日
[02:30:29] ============================================================
[02:30:29] 🎯 主题: Linux系统管理技巧
[02:30:29] 📝 步骤 1/4: 生成HTML文档 (归档页)
[02:30:29] ✅ HTML文档已生成: /home/swg/.openclaw/workspace/tech/history/2026/06/20260613.html
[02:30:29] 📋 步骤 1.5/4: 更新月份归档索引
[02:30:29] ✅ 月份归档索引已更新: 2026年06月13日 (13篇)
[02:30:29] 🎨 步骤 2/4: 生成 8 张配图
[02:30:29] 🖼️  生成图片 1/8: Linux系统管理技巧...
[02:30:37]   ✅ tech_home_1.png (150KB)
[02:30:37] 🖼️  生成图片 2/8: Linux系统管理技巧...
[02:30:46]   ✅ tech_home_2.png (170KB)
[02:30:46] 🖼️  生成图片 3/8: Linux系统管理技巧...
[02:30:54]   ✅ tech_home_3.png (115KB)
[02:30:54] 🖼️  生成图片 4/8: Linux系统管理技巧...
[02:31:03]   ✅ tech_home_4.png (108KB)
[02:31:03] 🖼️  生成图片 5/8: Linux系统管理技巧...
[02:31:11]   ✅ tech_home_5.png (113KB)
[02:31:11] 🖼️  生成图片 6/8: Linux系统管理技巧...
[02:31:21]   ✅ tech_home_6.png (140KB)
[02:31:21] 🖼️  生成图片 7/8: Linux系统管理技巧...
[02:31:30]   ✅ tech_home_7.png (159KB)
[02:31:30] 🖼️  生成图片 8/8: Linux系统管理技巧...
[02:31:39]   ✅ tech_home_8.png (130KB)
[02:31:39] ✅ 图片生成完成: 8/8 成功
[02:31:39] 🔄 步骤 3/4: 更新首页
[02:31:39] ✅ 首页已更新
[02:31:39] 📝 正在提交到Git...
