[02:30:34] ============================================================
[02:30:34] 开始更新技术文档 - 2026-10-11 02:30:34.392834
[02:30:34] ============================================================
[02:30:34] ============================================================
[02:30:34] 📝 技术文档自动更新（优化版）
[02:30:34] 📅 日期: 2026年10月11日
[02:30:34] ============================================================
[02:30:34] 🎯 主题: Linux系统管理技巧
[02:30:34] 📝 步骤 1/4: 生成HTML文档 (归档页)
[02:30:34] ✅ HTML文档已生成: /home/swg/.openclaw/workspace/tech/history/2026/10/20261011.html
[02:30:34] 📋 步骤 1.5/4: 更新月份归档索引
[02:30:34] ✅ 月份归档索引已更新: 2026年10月11日 (13篇)
[02:30:34] 🎨 步骤 2/4: 生成 8 张配图
[02:30:34] 🖼️  生成图片 1/8: Linux系统管理技巧...
[02:30:43]   ✅ tech_home_1.png (163KB)
[02:30:43] 🖼️  生成图片 2/8: Linux系统管理技巧...
[02:30:51]   ✅ tech_home_2.png (156KB)
[02:30:51] 🖼️  生成图片 3/8: Linux系统管理技巧...
[02:31:00]   ✅ tech_home_3.png (122KB)
[02:31:00] 🖼️  生成图片 4/8: Linux系统管理技巧...
[02:31:08]   ✅ tech_home_4.png (114KB)
[02:31:08] 🖼️  生成图片 5/8: Linux系统管理技巧...
[02:31:18]   ✅ tech_home_5.png (111KB)
[02:31:18] 🖼️  生成图片 6/8: Linux系统管理技巧...
[02:31:27]   ✅ tech_home_6.png (114KB)
[02:31:27] 🖼️  生成图片 7/8: Linux系统管理技巧...
[02:31:36]   ✅ tech_home_7.png (156KB)
[02:31:36] 🖼️  生成图片 8/8: Linux系统管理技巧...
[02:31:49]   ✅ tech_home_8.png (127KB)
[02:31:49] ✅ 图片生成完成: 8/8 成功
[02:31:49] 🔄 步骤 3/4: 更新首页
[02:31:49] ✅ 首页已更新
[02:31:49] 🖼️ 步骤 3.5/4: 归档页插入配图
[02:31:49] ✅ 归档页配图已插入: /home/swg/.openclaw/workspace/tech/history/2026/10/20261011.html
[02:31:49] 📝 正在提交到Git...
