[10:30:53] ============================================================
[10:30:53] 开始更新技术文档 - 2026-05-19 10:30:53.109001
[10:30:53] ============================================================
[10:30:53] ============================================================
[10:30:53] 📝 技术文档自动更新（优化版）
[10:30:53] 📅 日期: 2026年05月19日
[10:30:53] ============================================================
[10:30:53] 🎯 主题: DevOps自动化流程
[10:30:53] 📝 步骤 1/3: 生成HTML文档 (归档页)
[10:30:53] ✅ HTML文档已生成: /home/swg/.openclaw/workspace/tech/history/2026/05/20260519.html
[10:30:53] 🎨 步骤 2/3: 生成图片
[10:30:53] 📊 质量标准: 文件200KB-800KB, 分辨率≥1280x720, 比例16:9
[10:30:53] 🖼️  生成图片: DevOps自动化流程... (尝试 1)
[10:30:55] ⚠️  图片生成失败，重试...
[10:30:58] 🖼️  生成图片: DevOps自动化流程... (尝试 2)
[10:32:25] ⚠️  图片生成失败，重试...
[10:32:28] 🖼️  生成图片: DevOps自动化流程... (尝试 3)
[10:33:56] ❌ 图片生成失败
[10:33:56] 🔄 步骤 3/3: 更新首页
[10:33:56] ✅ 首页已更新
[10:33:56] 📝 正在提交到Git...
[10:33:56] ✅ Git提交成功
[10:34:01] ✅ 推送到GitHub成功
[10:34:01] ============================================================
[10:34:01] ✅ 技术文档自动更新完成！
[10:34:01] 📅 日期: 2026年05月19日
[10:34:01] 🎯 主题: DevOps自动化流程
[10:34:01] 🖼️  图片: ❌ 生成失败
[10:34:01] ============================================================
[10:34:01] ❌ 发送飞书通知失败: [Errno 2] No such file or directory: '/home/swg/.openclaw/openclaw.json'
[13:11:01] ============================================================
[13:11:01] 开始更新技术文档 - 2026-05-19 13:11:01.311619
[13:11:01] ============================================================
[13:11:01] ============================================================
[13:11:01] 📝 技术文档自动更新（优化版）
[13:11:01] 📅 日期: 2026年05月19日
[13:11:01] ============================================================
[13:11:01] 🎯 主题: DevOps自动化流程
[13:11:01] 📝 步骤 1/3: 生成HTML文档 (归档页)
[13:11:01] ✅ HTML文档已生成: /home/swg/.openclaw/workspace/tech/history/2026/05/20260519.html
[13:11:01] 🎨 步骤 2/3: 生成图片
[13:11:01] 📊 质量标准: 文件200KB-800KB, 分辨率≥1280x720, 比例16:9
[13:11:01] 🖼️  生成图片: DevOps自动化流程... (尝试 1)
[13:11:06] ⚠️  图片生成失败，重试...
[13:11:09] 🖼️  生成图片: DevOps自动化流程... (尝试 2)
[13:11:11] ⚠️  图片生成失败，重试...
[13:11:14] 🖼️  生成图片: DevOps自动化流程... (尝试 3)
[13:11:32] ❌ 图片生成失败
[13:11:32] 🔄 步骤 3/3: 更新首页
[13:11:32] ✅ 首页已更新
[13:11:32] ============================================================
[13:11:32] ✅ 技术文档自动更新完成！
[13:11:32] 📅 日期: 2026年05月19日
[13:11:32] 🎯 主题: DevOps自动化流程
[13:11:32] 🖼️  图片: ❌ 生成失败
[13:11:32] ============================================================
[13:11:33] ❌ 发送飞书通知失败: [Errno 2] No such file or directory: '/home/swg/.openclaw/openclaw.json'
[13:15:50] ============================================================
[13:15:50] 开始更新技术文档 - 2026-05-19 13:15:50.126728
[13:15:50] ============================================================
[13:15:50] ============================================================
[13:15:50] 📝 技术文档自动更新（优化版）
[13:15:50] 📅 日期: 2026年05月19日
[13:15:50] ============================================================
[13:15:50] 🎯 主题: DevOps自动化流程
[13:15:50] 📝 步骤 1/3: 生成HTML文档 (归档页)
[13:15:50] ✅ HTML文档已生成: /home/swg/.openclaw/workspace/tech/history/2026/05/20260519.html
[13:15:50] 🎨 步骤 2/3: 生成图片
[13:15:50] 📊 质量标准: 文件200KB-800KB, 分辨率≥1280x720, 比例16:9
[13:15:50] 🖼️  生成图片: DevOps自动化流程... (尝试 1)
[13:15:51] ⚠️  图片生成失败，重试...
[13:15:54] 🖼️  生成图片: DevOps自动化流程... (尝试 2)
[13:15:55] ⚠️  图片生成失败，重试...
[13:15:58] 🖼️  生成图片: DevOps自动化流程... (尝试 3)
[13:15:59] ❌ 图片生成失败
[13:15:59] 🔄 步骤 3/3: 更新首页
[13:15:59] ❌ 无法从归档页提取正文内容
[13:37:12] ============================================================
[13:37:12] 开始更新技术文档 - 2026-05-19 13:37:12.155531
[13:37:12] ============================================================
[13:37:12] ============================================================
[13:37:12] 📝 技术文档自动更新（优化版）
[13:37:12] 📅 日期: 2026年05月19日
[13:37:12] ============================================================
[13:37:12] 🎯 主题: DevOps自动化流程
[13:37:12] 📝 步骤 1/3: 生成HTML文档 (归档页)
[13:37:12] ✅ HTML文档已生成: /home/swg/.openclaw/workspace/tech/history/2026/05/20260519.html
[13:37:12] 🎨 步骤 2/3: 生成图片
[13:37:12] 📊 质量标准: 文件200KB-800KB, 分辨率≥1280x720, 比例16:9
[13:37:12] 🖼️  生成图片: DevOps自动化流程... (尝试 1)
[13:37:13] ⚠️  图片生成失败，重试...
[13:37:16] 🖼️  生成图片: DevOps自动化流程... (尝试 2)
[13:37:17] ⚠️  图片生成失败，重试...
[13:37:20] 🖼️  生成图片: DevOps自动化流程... (尝试 3)
[13:37:20] ❌ 图片生成失败
[13:37:20] 🔄 步骤 3/3: 更新首页
[13:37:20] ✅ 首页已更新
[13:37:20] ============================================================
[13:37:20] ✅ 技术文档自动更新完成！
[13:37:20] 📅 日期: 2026年05月19日
[13:37:20] 🎯 主题: DevOps自动化流程
[13:37:20] 🖼️  图片: ❌ 生成失败
[13:37:20] ============================================================
[13:37:21] ❌ 发送飞书通知失败: [Errno 2] No such file or directory: '/home/swg/.openclaw/openclaw.json'
[13:38:27] ============================================================
[13:38:27] 开始更新技术文档 - 2026-05-19 13:38:27.456671
[13:38:27] ============================================================
[13:38:27] ============================================================
[13:38:27] 📝 技术文档自动更新（优化版）
[13:38:27] 📅 日期: 2026年05月19日
[13:38:27] ============================================================
[13:38:27] 🎯 主题: DevOps自动化流程
[13:38:27] 📝 步骤 1/3: 生成HTML文档 (归档页)
[13:38:27] ✅ HTML文档已生成: /home/swg/.openclaw/workspace/tech/history/2026/05/20260519.html
[13:38:27] 🎨 步骤 2/3: 生成图片
[13:38:27] 📊 质量标准: 文件200KB-800KB, 分辨率≥1280x720, 比例16:9
[13:38:27] 🖼️  生成图片: DevOps自动化流程... (尝试 1)
[13:38:28] ⚠️  图片生成失败，重试...
[13:38:31] 🖼️  生成图片: DevOps自动化流程... (尝试 2)
[13:38:32] ⚠️  图片生成失败，重试...
[13:38:35] 🖼️  生成图片: DevOps自动化流程... (尝试 3)
[13:38:36] ❌ 图片生成失败
[13:38:36] 🔄 步骤 3/3: 更新首页
[13:38:36] ✅ 首页已更新
[13:38:36] ============================================================
[13:38:36] ✅ 技术文档自动更新完成！
[13:38:36] 📅 日期: 2026年05月19日
[13:38:36] 🎯 主题: DevOps自动化流程
[13:38:36] 🖼️  图片: ❌ 生成失败
[13:38:36] ============================================================
[13:38:36] ❌ 发送飞书通知失败: [Errno 2] No such file or directory: '/home/swg/.openclaw/openclaw.json'
[13:44:15] ============================================================
[13:44:15] 开始更新技术文档 - 2026-05-19 13:44:15.958768
[13:44:15] ============================================================
[13:44:15] ============================================================
[13:44:15] 📝 技术文档自动更新（优化版）
[13:44:15] 📅 日期: 2026年05月19日
[13:44:15] ============================================================
[13:44:15] 🎯 主题: DevOps自动化流程
[13:44:15] 📝 步骤 1/3: 生成HTML文档 (归档页)
[13:44:15] ✅ HTML文档已生成: /home/swg/.openclaw/workspace/tech/history/2026/05/20260519.html
[13:44:15] 🎨 步骤 2/3: 生成图片
[13:44:15] 📊 质量标准: 文件200KB-800KB, 分辨率≥1280x720, 比例16:9
[13:44:15] 🖼️  生成图片: DevOps自动化流程... (尝试 1)
[13:46:27] ⚠️  图片生成失败，重试...
[13:46:30] 🖼️  生成图片: DevOps自动化流程... (尝试 2)
[13:46:31] ⚠️  图片生成失败，重试...
[13:46:34] 🖼️  生成图片: DevOps自动化流程... (尝试 3)
[13:46:35] ❌ 图片生成失败
[13:46:35] 🔄 步骤 3/3: 更新首页
[13:46:35] ✅ 首页已更新
[13:46:35] ============================================================
[13:46:35] ✅ 技术文档自动更新完成！
[13:46:35] 📅 日期: 2026年05月19日
[13:46:35] 🎯 主题: DevOps自动化流程
[13:46:35] 🖼️  图片: ❌ 生成失败
[13:46:35] ============================================================
[13:46:35] ❌ 发送飞书通知失败: [Errno 2] No such file or directory: '/home/swg/.openclaw/openclaw.json'
[13:48:03] ============================================================
[13:48:03] 开始更新技术文档 - 2026-05-19 13:48:03.712023
[13:48:03] ============================================================
[13:48:03] ============================================================
[13:48:03] 📝 技术文档自动更新（优化版）
[13:48:03] 📅 日期: 2026年05月19日
[13:48:03] ============================================================
[13:48:03] 🎯 主题: DevOps自动化流程
[13:48:03] 📝 步骤 1/3: 生成HTML文档 (归档页)
[13:48:03] ✅ HTML文档已生成: /home/swg/.openclaw/workspace/tech/history/2026/05/20260519.html
[13:48:03] 🎨 步骤 2/3: 生成图片
[13:48:03] 📊 质量标准: 文件200KB-800KB, 分辨率≥1280x720, 比例16:9
[13:48:03] 🖼️  生成图片: DevOps自动化流程... (尝试 1)
[13:48:04] ⚠️  图片生成失败，重试...
[13:48:07] 🖼️  生成图片: DevOps自动化流程... (尝试 2)
[13:48:08] ⚠️  图片生成失败，重试...
[13:48:11] 🖼️  生成图片: DevOps自动化流程... (尝试 3)
[13:48:11] ❌ 图片生成失败
[13:48:11] 🔄 步骤 3/3: 更新首页
[13:48:11] ✅ 首页已更新
[13:48:11] ============================================================
[13:48:11] ✅ 技术文档自动更新完成！
[13:48:11] 📅 日期: 2026年05月19日
[13:48:11] 🎯 主题: DevOps自动化流程
[13:48:11] 🖼️  图片: ❌ 生成失败
[13:48:11] ============================================================
[13:48:12] ❌ 发送飞书通知失败: [Errno 2] No such file or directory: '/home/swg/.openclaw/openclaw.json'
[13:50:13] ============================================================
[13:50:13] 开始更新技术文档 - 2026-05-19 13:50:13.590948
[13:50:13] ============================================================
[13:50:13] ============================================================
[13:50:13] 📝 技术文档自动更新（优化版）
[13:50:13] 📅 日期: 2026年05月19日
[13:50:13] ============================================================
[13:50:13] 🎯 主题: DevOps自动化流程
[13:50:13] 📝 步骤 1/3: 生成HTML文档 (归档页)
[13:50:13] ✅ HTML文档已生成: /home/swg/.openclaw/workspace/tech/history/2026/05/20260519.html
[13:50:13] 🎨 步骤 2/3: 生成图片
[13:50:13] 📊 质量标准: 文件200KB-800KB, 分辨率≥1280x720, 比例16:9
[13:50:13] 🖼️  生成图片: DevOps自动化流程... (尝试 1)
[13:50:14] ⚠️  图片生成失败，重试...
[13:50:17] 🖼️  生成图片: DevOps自动化流程... (尝试 2)
[13:50:18] ⚠️  图片生成失败，重试...
[13:50:21] 🖼️  生成图片: DevOps自动化流程... (尝试 3)
[13:50:22] ❌ 图片生成失败
[13:50:22] 🔄 步骤 3/3: 更新首页
[13:50:22] ✅ 首页已更新
[13:50:22] ============================================================
[13:50:22] ✅ 技术文档自动更新完成！
[13:50:22] 📅 日期: 2026年05月19日
[13:50:22] 🎯 主题: DevOps自动化流程
[13:50:22] 🖼️  图片: ❌ 生成失败
[13:50:22] ============================================================
[13:50:22] ❌ 发送飞书通知失败: [Errno 2] No such file or directory: '/home/swg/.openclaw/openclaw.json'
