[02:30:31] ============================================================
[02:30:31] 开始更新技术文档 - 2026-07-02 02:30:31.852892
[02:30:31] ============================================================
[02:30:31] ============================================================
[02:30:31] 📝 技术文档自动更新（优化版）
[02:30:31] 📅 日期: 2026年07月02日
[02:30:31] ============================================================
[02:30:31] 🎯 主题: Git版本控制高级用法
[02:30:31] 📝 步骤 1/4: 生成HTML文档 (归档页)
[02:30:31] ✅ HTML文档已生成: /home/swg/.openclaw/workspace/tech/history/2026/07/20260702.html
[02:30:31] 📋 步骤 1.5/4: 更新月份归档索引
[02:30:31] ⚠️  月份索引不存在，跳过: /home/swg/.openclaw/workspace/tech/history/2026/07/index.html
[02:30:31] 🎨 步骤 2/4: 生成 8 张配图
[02:30:31] 🖼️  生成图片 1/8: Git版本控制高级用法...
[02:30:41]   ✅ tech_home_1.png (115KB)
[02:30:41] 🖼️  生成图片 2/8: Git版本控制高级用法...
[02:30:49]   ✅ tech_home_2.png (142KB)
[02:30:49] 🖼️  生成图片 3/8: Git版本控制高级用法...
[02:30:58]   ✅ tech_home_3.png (129KB)
[02:30:58] 🖼️  生成图片 4/8: Git版本控制高级用法...
[02:31:07]   ✅ tech_home_4.png (141KB)
[02:31:07] 🖼️  生成图片 5/8: Git版本控制高级用法...
[02:31:15]   ✅ tech_home_5.png (117KB)
[02:31:15] 🖼️  生成图片 6/8: Git版本控制高级用法...
[02:31:24]   ✅ tech_home_6.png (128KB)
[02:31:24] 🖼️  生成图片 7/8: Git版本控制高级用法...
[02:31:36]   ✅ tech_home_7.png (138KB)
[02:31:36] 🖼️  生成图片 8/8: Git版本控制高级用法...
[02:31:49]   ✅ tech_home_8.png (119KB)
[02:31:49] ✅ 图片生成完成: 8/8 成功
[02:31:49] 🔄 步骤 3/4: 更新首页
[02:31:49] ✅ 首页已更新
[02:31:49] 📝 正在提交到Git...
