[02:30:41] ============================================================
[02:30:41] 开始更新技术文档 - 2026-05-31 02:30:41.169493
[02:30:41] ============================================================
[02:30:41] ============================================================
[02:30:41] 📝 技术文档自动更新（优化版）
[02:30:41] 📅 日期: 2026年05月31日
[02:30:41] ============================================================
[02:30:41] 🎯 主题: Python编程技巧与最佳实践
[02:30:41] 📝 步骤 1/4: 生成HTML文档 (归档页)
[02:30:41] ✅ HTML文档已生成: /home/swg/.openclaw/workspace/tech/history/2026/05/20260531.html
[02:30:41] 📋 步骤 1.5/4: 更新月份归档索引
[02:30:41] ✅ 月份归档索引已更新: 2026年05月31日 (14篇)
[02:30:41] 🎨 步骤 2/4: 生成 8 张配图
[02:30:41] 🖼️  生成图片 1/8: Python编程技巧与最佳实践...
[02:30:49]   ✅ tech_home_1.png (143KB)
[02:30:49] 🖼️  生成图片 2/8: Python编程技巧与最佳实践...
[02:30:57]   ✅ tech_home_2.png (120KB)
[02:30:57] 🖼️  生成图片 3/8: Python编程技巧与最佳实践...
[02:31:05]   ✅ tech_home_3.png (126KB)
[02:31:05] 🖼️  生成图片 4/8: Python编程技巧与最佳实践...
[02:31:14]   ✅ tech_home_4.png (117KB)
[02:31:14] 🖼️  生成图片 5/8: Python编程技巧与最佳实践...
[02:31:26]   ✅ tech_home_5.png (155KB)
[02:31:26] 🖼️  生成图片 6/8: Python编程技巧与最佳实践...
[02:31:37]   ✅ tech_home_6.png (115KB)
[02:31:37] 🖼️  生成图片 7/8: Python编程技巧与最佳实践...
[02:31:49]   ✅ tech_home_7.png (165KB)
[02:31:49] 🖼️  生成图片 8/8: Python编程技巧与最佳实践...
[02:32:00]   ✅ tech_home_8.png (127KB)
[02:32:00] ✅ 图片生成完成: 8/8 成功
[02:32:00] 🔄 步骤 3/4: 更新首页
[02:32:00] ✅ 首页已更新
[02:32:00] 📝 正在提交到Git...
