[02:30:15] ============================================================
[02:30:15] 开始更新技术文档 - 2026-08-24 02:30:15.856443
[02:30:15] ============================================================
[02:30:15] ============================================================
[02:30:15] 📝 技术文档自动更新（优化版）
[02:30:15] 📅 日期: 2026年08月24日
[02:30:15] ============================================================
[02:30:15] 🎯 主题: Web安全防护指南
[02:30:15] 📝 步骤 1/4: 生成HTML文档 (归档页)
[02:30:15] ✅ HTML文档已生成: /home/swg/.openclaw/workspace/tech/history/2026/08/20260824.html
[02:30:15] 📋 步骤 1.5/4: 更新月份归档索引
[02:30:15] ✅ 月份归档索引已更新: 2026年08月24日 (13篇)
[02:30:15] 🎨 步骤 2/4: 生成 8 张配图
[02:30:15] 🖼️  生成图片 1/8: Web安全防护指南...
[02:30:24]   ✅ tech_home_1.png (135KB)
[02:30:24] 🖼️  生成图片 2/8: Web安全防护指南...
[02:30:35]   ✅ tech_home_2.png (139KB)
[02:30:35] 🖼️  生成图片 3/8: Web安全防护指南...
[02:30:45]   ✅ tech_home_3.png (141KB)
[02:30:45] 🖼️  生成图片 4/8: Web安全防护指南...
[02:30:57]   ✅ tech_home_4.png (169KB)
[02:30:57] 🖼️  生成图片 5/8: Web安全防护指南...
[02:31:05]   ✅ tech_home_5.png (194KB)
[02:31:05] 🖼️  生成图片 6/8: Web安全防护指南...
[02:31:14]   ✅ tech_home_6.png (142KB)
[02:31:14] 🖼️  生成图片 7/8: Web安全防护指南...
[02:31:22]   ✅ tech_home_7.png (138KB)
[02:31:22] 🖼️  生成图片 8/8: Web安全防护指南...
[02:31:35]   ✅ tech_home_8.png (174KB)
[02:31:35] ✅ 图片生成完成: 8/8 成功
[02:31:35] 🔄 步骤 3/4: 更新首页
[02:31:35] ✅ 首页已更新
[02:31:35] 📝 正在提交到Git...
[02:31:35] ✅ Git提交成功
[02:31:35] 🔄 git pull --rebase origin master ...
[02:31:39] 📤 git push origin master ...
[02:31:44] ✅ 推送到GitHub成功
[02:31:44] ============================================================
[02:31:44] ✅ 技术文档自动更新完成！
[02:31:44] 📅 日期: 2026年08月24日
[02:31:44] 🎯 主题: Web安全防护指南
[02:31:44] 🖼️  图片: ✅ 已生成 8 张
[02:31:44] ============================================================
[02:31:44] ❌ 发送飞书通知失败: [Errno 2] No such file or directory: '/home/swg/.openclaw/openclaw.json'
