[02:30:19] ============================================================
[02:30:19] 开始更新技术文档 - 2026-09-05 02:30:19.141297
[02:30:19] ============================================================
[02:30:19] ============================================================
[02:30:19] 📝 技术文档自动更新（优化版）
[02:30:19] 📅 日期: 2026年09月05日
[02:30:19] ============================================================
[02:30:19] 🎯 主题: 云原生技术实践
[02:30:19] 📝 步骤 1/4: 生成HTML文档 (归档页)
[02:30:19] ✅ HTML文档已生成: /home/swg/.openclaw/workspace/tech/history/2026/09/20260905.html
[02:30:19] 📋 步骤 1.5/4: 更新月份归档索引
[02:30:19] ✅ 月份归档索引已更新: 2026年09月05日 (13篇)
[02:30:19] 🎨 步骤 2/4: 生成 8 张配图
[02:30:19] 🖼️  生成图片 1/8: 云原生技术实践...
[02:30:29]   ✅ tech_home_1.png (138KB)
[02:30:29] 🖼️  生成图片 2/8: 云原生技术实践...
[02:30:38]   ✅ tech_home_2.png (160KB)
[02:30:38] 🖼️  生成图片 3/8: 云原生技术实践...
[02:30:49]   ✅ tech_home_3.png (135KB)
[02:30:49] 🖼️  生成图片 4/8: 云原生技术实践...
[02:30:58]   ✅ tech_home_4.png (181KB)
[02:30:58] 🖼️  生成图片 5/8: 云原生技术实践...
[02:31:07]   ✅ tech_home_5.png (132KB)
[02:31:07] 🖼️  生成图片 6/8: 云原生技术实践...
[02:31:16]   ✅ tech_home_6.png (128KB)
[02:31:16] 🖼️  生成图片 7/8: 云原生技术实践...
[02:31:26]   ✅ tech_home_7.png (129KB)
[02:31:26] 🖼️  生成图片 8/8: 云原生技术实践...
[02:31:35]   ✅ tech_home_8.png (139KB)
[02:31:35] ✅ 图片生成完成: 8/8 成功
[02:31:35] 🔄 步骤 3/4: 更新首页
[02:31:35] ✅ 首页已更新
[02:31:35] 📝 正在提交到Git...
[02:31:35] ✅ Git提交成功
[02:31:35] 🔄 git pull --rebase origin master ...
[02:31:38] 📤 git push origin master ...
[02:31:44] ✅ 推送到GitHub成功
[02:31:44] ============================================================
[02:31:44] ✅ 技术文档自动更新完成！
[02:31:44] 📅 日期: 2026年09月05日
[02:31:44] 🎯 主题: 云原生技术实践
[02:31:44] 🖼️  图片: ✅ 已生成 8 张
[02:31:44] ============================================================
[02:31:44] ❌ 发送飞书通知失败: [Errno 2] No such file or directory: '/home/swg/.openclaw/openclaw.json'
