[02:30:08] ============================================================
[02:30:08] 开始更新技术文档 - 2026-10-05 02:30:08.547321
[02:30:08] ============================================================
[02:30:08] ============================================================
[02:30:08] 📝 技术文档自动更新（优化版）
[02:30:08] 📅 日期: 2026年10月05日
[02:30:08] ============================================================
[02:30:08] 🎯 主题: 云原生技术实践
[02:30:08] 📝 步骤 1/4: 生成HTML文档 (归档页)
[02:30:08] ✅ HTML文档已生成: /home/swg/.openclaw/workspace/tech/history/2026/10/20261005.html
[02:30:08] 📋 步骤 1.5/4: 更新月份归档索引
[02:30:08] ✅ 月份归档索引已更新: 2026年10月05日 (13篇)
[02:30:08] 🎨 步骤 2/4: 生成 8 张配图
[02:30:08] 🖼️  生成图片 1/8: 云原生技术实践...
[02:30:16]   ✅ tech_home_1.png (146KB)
[02:30:16] 🖼️  生成图片 2/8: 云原生技术实践...
[02:30:25]   ✅ tech_home_2.png (160KB)
[02:30:25] 🖼️  生成图片 3/8: 云原生技术实践...
[02:30:34]   ✅ tech_home_3.png (120KB)
[02:30:34] 🖼️  生成图片 4/8: 云原生技术实践...
[02:30:46]   ✅ tech_home_4.png (111KB)
[02:30:46] 🖼️  生成图片 5/8: 云原生技术实践...
[02:30:56]   ✅ tech_home_5.png (158KB)
[02:30:56] 🖼️  生成图片 6/8: 云原生技术实践...
[02:31:04]   ✅ tech_home_6.png (112KB)
[02:31:04] 🖼️  生成图片 7/8: 云原生技术实践...
[02:31:16]   ✅ tech_home_7.png (179KB)
[02:31:16] 🖼️  生成图片 8/8: 云原生技术实践...
[02:31:25]   ✅ tech_home_8.png (156KB)
[02:31:25] ✅ 图片生成完成: 8/8 成功
[02:31:25] 🔄 步骤 3/4: 更新首页
[02:31:25] ✅ 首页已更新
[02:31:25] 🖼️ 步骤 3.5/4: 归档页插入配图
[02:31:25] ✅ 归档页配图已插入: /home/swg/.openclaw/workspace/tech/history/2026/10/20261005.html
[02:31:25] 📝 正在提交到Git...
