[02:30:03] ============================================================
[02:30:03] 开始更新技术文档 - 2026-09-15 02:30:03.137257
[02:30:03] ============================================================
[02:30:03] ============================================================
[02:30:03] 📝 技术文档自动更新（优化版）
[02:30:03] 📅 日期: 2026年09月15日
[02:30:03] ============================================================
[02:30:03] 🎯 主题: 云原生技术实践
[02:30:03] 📝 步骤 1/4: 生成HTML文档 (归档页)
[02:30:03] ✅ HTML文档已生成: /home/swg/.openclaw/workspace/tech/history/2026/09/20260915.html
[02:30:03] 📋 步骤 1.5/4: 更新月份归档索引
[02:30:03] ✅ 月份归档索引已更新: 2026年09月15日 (13篇)
[02:30:03] 🎨 步骤 2/4: 生成 8 张配图
[02:30:03] 🖼️  生成图片 1/8: 云原生技术实践...
[02:30:15]   ✅ tech_home_1.png (129KB)
[02:30:15] 🖼️  生成图片 2/8: 云原生技术实践...
[02:30:27]   ✅ tech_home_2.png (151KB)
[02:30:27] 🖼️  生成图片 3/8: 云原生技术实践...
[02:30:36]   ✅ tech_home_3.png (133KB)
[02:30:36] 🖼️  生成图片 4/8: 云原生技术实践...
[02:30:45]   ✅ tech_home_4.png (174KB)
[02:30:45] 🖼️  生成图片 5/8: 云原生技术实践...
[02:30:56]   ✅ tech_home_5.png (110KB)
[02:30:56] 🖼️  生成图片 6/8: 云原生技术实践...
[02:31:04]   ✅ tech_home_6.png (146KB)
[02:31:04] 🖼️  生成图片 7/8: 云原生技术实践...
[02:31:13]   ✅ tech_home_7.png (173KB)
[02:31:13] 🖼️  生成图片 8/8: 云原生技术实践...
[02:31:22]   ✅ tech_home_8.png (140KB)
[02:31:22] ✅ 图片生成完成: 8/8 成功
[02:31:22] 🔄 步骤 3/4: 更新首页
[02:31:22] ✅ 首页已更新
[02:31:22] 📝 正在提交到Git...
