[02:30:02] ============================================================
[02:30:02] 开始更新技术文档 - 2026-09-01 02:30:02.216269
[02:30:02] ============================================================
[02:30:02] ============================================================
[02:30:02] 📝 技术文档自动更新（优化版）
[02:30:02] 📅 日期: 2026年09月01日
[02:30:02] ============================================================
[02:30:02] 🎯 主题: Linux系统管理技巧
[02:30:02] 📝 步骤 1/4: 生成HTML文档 (归档页)
[02:30:02] ✅ HTML文档已生成: /home/swg/.openclaw/workspace/tech/history/2026/09/20260901.html
[02:30:02] 📋 步骤 1.5/4: 更新月份归档索引
[02:30:02] ⚠️  月份索引不存在，跳过: /home/swg/.openclaw/workspace/tech/history/2026/09/index.html
[02:30:02] 🎨 步骤 2/4: 生成 8 张配图
[02:30:02] 🖼️  生成图片 1/8: Linux系统管理技巧...
[02:30:11]   ✅ tech_home_1.png (132KB)
[02:30:11] 🖼️  生成图片 2/8: Linux系统管理技巧...
[02:30:19]   ✅ tech_home_2.png (127KB)
[02:30:19] 🖼️  生成图片 3/8: Linux系统管理技巧...
[02:30:28]   ✅ tech_home_3.png (132KB)
[02:30:28] 🖼️  生成图片 4/8: Linux系统管理技巧...
[02:30:39]   ✅ tech_home_4.png (129KB)
[02:30:39] 🖼️  生成图片 5/8: Linux系统管理技巧...
[02:30:48]   ✅ tech_home_5.png (135KB)
[02:30:48] 🖼️  生成图片 6/8: Linux系统管理技巧...
[02:30:57]   ✅ tech_home_6.png (112KB)
[02:30:57] 🖼️  生成图片 7/8: Linux系统管理技巧...
[02:31:10]   ✅ tech_home_7.png (144KB)
[02:31:10] 🖼️  生成图片 8/8: Linux系统管理技巧...
[02:31:19]   ✅ tech_home_8.png (124KB)
[02:31:19] ✅ 图片生成完成: 8/8 成功
[02:31:19] 🔄 步骤 3/4: 更新首页
[02:31:19] ✅ 首页已更新
[02:31:19] 📝 正在提交到Git...
[02:31:19] ✅ Git提交成功
[02:31:19] 🔄 git pull --rebase origin master ...
[02:31:23] 📤 git push origin master ...
[02:31:29] ✅ 推送到GitHub成功
[02:31:29] ============================================================
[02:31:29] ✅ 技术文档自动更新完成！
[02:31:29] 📅 日期: 2026年09月01日
[02:31:29] 🎯 主题: Linux系统管理技巧
[02:31:29] 🖼️  图片: ✅ 已生成 8 张
[02:31:29] ============================================================
[02:31:29] ❌ 发送飞书通知失败: [Errno 2] No such file or directory: '/home/swg/.openclaw/openclaw.json'
