[02:30:49] ============================================================
[02:30:49] 开始更新技术文档 - 2026-07-05 02:30:49.273535
[02:30:49] ============================================================
[02:30:49] ============================================================
[02:30:49] 📝 技术文档自动更新（优化版）
[02:30:49] 📅 日期: 2026年07月05日
[02:30:49] ============================================================
[02:30:49] 🎯 主题: Web安全防护指南
[02:30:49] 📝 步骤 1/4: 生成HTML文档 (归档页)
[02:30:49] ✅ HTML文档已生成: /home/swg/.openclaw/workspace/tech/history/2026/07/20260705.html
[02:30:49] 📋 步骤 1.5/4: 更新月份归档索引
[02:30:49] ⚠️  月份索引不存在，跳过: /home/swg/.openclaw/workspace/tech/history/2026/07/index.html
[02:30:49] 🎨 步骤 2/4: 生成 8 张配图
[02:30:49] 🖼️  生成图片 1/8: Web安全防护指南...
[02:30:58]   ✅ tech_home_1.png (117KB)
[02:30:58] 🖼️  生成图片 2/8: Web安全防护指南...
[02:31:06]   ✅ tech_home_2.png (152KB)
[02:31:06] 🖼️  生成图片 3/8: Web安全防护指南...
[02:31:15]   ✅ tech_home_3.png (126KB)
[02:31:15] 🖼️  生成图片 4/8: Web安全防护指南...
[02:31:23]   ✅ tech_home_4.png (156KB)
[02:31:23] 🖼️  生成图片 5/8: Web安全防护指南...
[02:31:32]   ✅ tech_home_5.png (124KB)
[02:31:32] 🖼️  生成图片 6/8: Web安全防护指南...
[02:31:41]   ✅ tech_home_6.png (182KB)
[02:31:41] 🖼️  生成图片 7/8: Web安全防护指南...
[02:31:54]   ✅ tech_home_7.png (150KB)
[02:31:54] 🖼️  生成图片 8/8: Web安全防护指南...
[02:32:07]   ✅ tech_home_8.png (136KB)
[02:32:07] ✅ 图片生成完成: 8/8 成功
[02:32:07] 🔄 步骤 3/4: 更新首页
[02:32:07] ✅ 首页已更新
[02:32:07] 📝 正在提交到Git...
[02:32:07] ✅ Git提交成功
[02:32:12] ✅ 推送到GitHub成功
[02:32:12] ============================================================
[02:32:12] ✅ 技术文档自动更新完成！
[02:32:12] 📅 日期: 2026年07月05日
[02:32:12] 🎯 主题: Web安全防护指南
[02:32:12] 🖼️  图片: ✅ 已生成 8 张
[02:32:12] ============================================================
[02:32:13] ❌ 发送飞书通知失败: [Errno 2] No such file or directory: '/home/swg/.openclaw/openclaw.json'
