[02:30:36] ============================================================
[02:30:36] 开始更新技术文档 - 2026-06-19 02:30:36.915394
[02:30:36] ============================================================
[02:30:36] ============================================================
[02:30:36] 📝 技术文档自动更新（优化版）
[02:30:36] 📅 日期: 2026年06月19日
[02:30:36] ============================================================
[02:30:36] 🎯 主题: 人工智能应用开发
[02:30:36] 📝 步骤 1/4: 生成HTML文档 (归档页)
[02:30:36] ✅ HTML文档已生成: /home/swg/.openclaw/workspace/tech/history/2026/06/20260619.html
[02:30:36] 📋 步骤 1.5/4: 更新月份归档索引
[02:30:36] ✅ 月份归档索引已更新: 2026年06月19日 (13篇)
[02:30:36] 🎨 步骤 2/4: 生成 8 张配图
[02:30:36] 🖼️  生成图片 1/8: 人工智能应用开发...
[02:30:49]   ✅ tech_home_1.png (138KB)
[02:30:49] 🖼️  生成图片 2/8: 人工智能应用开发...
[02:31:02]   ✅ tech_home_2.png (111KB)
[02:31:02] 🖼️  生成图片 3/8: 人工智能应用开发...
[02:31:14]   ✅ tech_home_3.png (136KB)
[02:31:14] 🖼️  生成图片 4/8: 人工智能应用开发...
[02:31:22]   ✅ tech_home_4.png (142KB)
[02:31:22] 🖼️  生成图片 5/8: 人工智能应用开发...
[02:31:34]   ✅ tech_home_5.png (169KB)
[02:31:34] 🖼️  生成图片 6/8: 人工智能应用开发...
[02:31:47]   ✅ tech_home_6.png (123KB)
[02:31:47] 🖼️  生成图片 7/8: 人工智能应用开发...
[02:31:55]   ✅ tech_home_7.png (173KB)
[02:31:55] 🖼️  生成图片 8/8: 人工智能应用开发...
[02:32:05]   ✅ tech_home_8.png (132KB)
[02:32:05] ✅ 图片生成完成: 8/8 成功
[02:32:05] 🔄 步骤 3/4: 更新首页
[02:32:05] ✅ 首页已更新
[02:32:05] 📝 正在提交到Git...
