[02:30:50] ============================================================
[02:30:50] 开始更新技术文档 - 2026-09-07 02:30:50.070348
[02:30:50] ============================================================
[02:30:50] ============================================================
[02:30:50] 📝 技术文档自动更新（优化版）
[02:30:50] 📅 日期: 2026年09月07日
[02:30:50] ============================================================
[02:30:50] 🎯 主题: 人工智能应用开发
[02:30:50] 📝 步骤 1/4: 生成HTML文档 (归档页)
[02:30:50] ✅ HTML文档已生成: /home/swg/.openclaw/workspace/tech/history/2026/09/20260907.html
[02:30:50] 📋 步骤 1.5/4: 更新月份归档索引
[02:30:50] ✅ 月份归档索引已更新: 2026年09月07日 (13篇)
[02:30:50] 🎨 步骤 2/4: 生成 8 张配图
[02:30:50] 🖼️  生成图片 1/8: 人工智能应用开发...
[02:30:58]   ✅ tech_home_1.png (164KB)
[02:30:58] 🖼️  生成图片 2/8: 人工智能应用开发...
[02:31:06]   ✅ tech_home_2.png (128KB)
[02:31:06] 🖼️  生成图片 3/8: 人工智能应用开发...
[02:31:17]   ✅ tech_home_3.png (125KB)
[02:31:17] 🖼️  生成图片 4/8: 人工智能应用开发...
[02:31:28]   ✅ tech_home_4.png (143KB)
[02:31:28] 🖼️  生成图片 5/8: 人工智能应用开发...
[02:31:37]   ✅ tech_home_5.png (149KB)
[02:31:37] 🖼️  生成图片 6/8: 人工智能应用开发...
[02:31:49]   ✅ tech_home_6.png (183KB)
[02:31:49] 🖼️  生成图片 7/8: 人工智能应用开发...
[02:31:59]   ✅ tech_home_7.png (157KB)
[02:31:59] 🖼️  生成图片 8/8: 人工智能应用开发...
[02:32:11]   ✅ tech_home_8.png (147KB)
[02:32:11] ✅ 图片生成完成: 8/8 成功
[02:32:11] 🔄 步骤 3/4: 更新首页
[02:32:11] ✅ 首页已更新
[02:32:11] 📝 正在提交到Git...
