[02:30:58] ============================================================
[02:30:58] 开始更新技术文档 - 2026-10-01 02:30:58.666738
[02:30:58] ============================================================
[02:30:58] ============================================================
[02:30:58] 📝 技术文档自动更新（优化版）
[02:30:58] 📅 日期: 2026年10月01日
[02:30:58] ============================================================
[02:30:58] 🎯 主题: Linux系统管理技巧
[02:30:58] 📝 步骤 1/4: 生成HTML文档 (归档页)
[02:30:58] ✅ HTML文档已生成: /home/swg/.openclaw/workspace/tech/history/2026/10/20261001.html
[02:30:58] 📋 步骤 1.5/4: 更新月份归档索引
[02:30:58] ⚠️  月份索引不存在，跳过: /home/swg/.openclaw/workspace/tech/history/2026/10/index.html
[02:30:58] 🎨 步骤 2/4: 生成 8 张配图
[02:30:58] 🖼️  生成图片 1/8: Linux系统管理技巧...
[02:31:07]   ✅ tech_home_1.png (171KB)
[02:31:07] 🖼️  生成图片 2/8: Linux系统管理技巧...
[02:31:16]   ✅ tech_home_2.png (174KB)
[02:31:16] 🖼️  生成图片 3/8: Linux系统管理技巧...
[02:31:28]   ✅ tech_home_3.png (129KB)
[02:31:28] 🖼️  生成图片 4/8: Linux系统管理技巧...
[02:31:37]   ✅ tech_home_4.png (127KB)
[02:31:37] 🖼️  生成图片 5/8: Linux系统管理技巧...
[02:31:47]   ✅ tech_home_5.png (107KB)
[02:31:47] 🖼️  生成图片 6/8: Linux系统管理技巧...
[02:31:55]   ✅ tech_home_6.png (124KB)
[02:31:55] 🖼️  生成图片 7/8: Linux系统管理技巧...
[02:32:04]   ✅ tech_home_7.png (188KB)
[02:32:04] 🖼️  生成图片 8/8: Linux系统管理技巧...
[02:32:12]   ✅ tech_home_8.png (141KB)
[02:32:12] ✅ 图片生成完成: 8/8 成功
[02:32:12] 🔄 步骤 3/4: 更新首页
[02:32:12] ✅ 首页已更新
[02:32:12] 🖼️ 步骤 3.5/4: 归档页插入配图
[02:32:12] ✅ 归档页配图已插入: /home/swg/.openclaw/workspace/tech/history/2026/10/20261001.html
[02:32:12] 📝 正在提交到Git...
