[02:30:14] ============================================================
[02:30:14] 开始更新技术文档 - 2026-09-19 02:30:14.890487
[02:30:14] ============================================================
[02:30:14] ============================================================
[02:30:14] 📝 技术文档自动更新（优化版）
[02:30:14] 📅 日期: 2026年09月19日
[02:30:14] ============================================================
[02:30:14] 🎯 主题: Docker容器化部署指南
[02:30:14] 📝 步骤 1/4: 生成HTML文档 (归档页)
[02:30:14] ✅ HTML文档已生成: /home/swg/.openclaw/workspace/tech/history/2026/09/20260919.html
[02:30:14] 📋 步骤 1.5/4: 更新月份归档索引
[02:30:14] ✅ 月份归档索引已更新: 2026年09月19日 (13篇)
[02:30:14] 🎨 步骤 2/4: 生成 8 张配图
[02:30:14] 🖼️  生成图片 1/8: Docker容器化部署指南...
[02:30:23]   ✅ tech_home_1.png (135KB)
[02:30:23] 🖼️  生成图片 2/8: Docker容器化部署指南...
[02:30:32]   ✅ tech_home_2.png (148KB)
[02:30:32] 🖼️  生成图片 3/8: Docker容器化部署指南...
[02:30:40]   ✅ tech_home_3.png (146KB)
[02:30:40] 🖼️  生成图片 4/8: Docker容器化部署指南...
[02:30:49]   ✅ tech_home_4.png (152KB)
[02:30:49] 🖼️  生成图片 5/8: Docker容器化部署指南...
[02:30:58]   ✅ tech_home_5.png (168KB)
[02:30:58] 🖼️  生成图片 6/8: Docker容器化部署指南...
[02:31:06]   ✅ tech_home_6.png (135KB)
[02:31:06] 🖼️  生成图片 7/8: Docker容器化部署指南...
[02:31:17]   ✅ tech_home_7.png (167KB)
[02:31:17] 🖼️  生成图片 8/8: Docker容器化部署指南...
[02:31:26]   ✅ tech_home_8.png (176KB)
[02:31:26] ✅ 图片生成完成: 8/8 成功
[02:31:26] 🔄 步骤 3/4: 更新首页
[02:31:26] ✅ 首页已更新
[02:31:26] 🖼️ 步骤 3.5/4: 归档页插入配图
[02:31:26] ✅ 归档页配图已插入: /home/swg/.openclaw/workspace/tech/history/2026/09/20260919.html
[02:31:26] 📝 正在提交到Git...
