[02:30:42] ============================================================
[02:30:42] 开始更新技术文档 - 2026-07-12 02:30:42.812847
[02:30:42] ============================================================
[02:30:42] ============================================================
[02:30:42] 📝 技术文档自动更新（优化版）
[02:30:42] 📅 日期: 2026年07月12日
[02:30:42] ============================================================
[02:30:42] 🎯 主题: Git版本控制高级用法
[02:30:42] 📝 步骤 1/4: 生成HTML文档 (归档页)
[02:30:42] ✅ HTML文档已生成: /home/swg/.openclaw/workspace/tech/history/2026/07/20260712.html
[02:30:42] 📋 步骤 1.5/4: 更新月份归档索引
[02:30:42] ⚠️  月份索引不存在，跳过: /home/swg/.openclaw/workspace/tech/history/2026/07/index.html
[02:30:42] 🎨 步骤 2/4: 生成 8 张配图
[02:30:42] 🖼️  生成图片 1/8: Git版本控制高级用法...
[02:30:51]   ✅ tech_home_1.png (135KB)
[02:30:51] 🖼️  生成图片 2/8: Git版本控制高级用法...
[02:30:59]   ✅ tech_home_2.png (161KB)
[02:30:59] 🖼️  生成图片 3/8: Git版本控制高级用法...
[02:31:08]   ✅ tech_home_3.png (123KB)
[02:31:08] 🖼️  生成图片 4/8: Git版本控制高级用法...
[02:31:19]   ✅ tech_home_4.png (153KB)
[02:31:19] 🖼️  生成图片 5/8: Git版本控制高级用法...
[02:31:27]   ✅ tech_home_5.png (109KB)
[02:31:27] 🖼️  生成图片 6/8: Git版本控制高级用法...
[02:31:36]   ✅ tech_home_6.png (135KB)
[02:31:36] 🖼️  生成图片 7/8: Git版本控制高级用法...
[02:31:45]   ✅ tech_home_7.png (155KB)
[02:31:45] 🖼️  生成图片 8/8: Git版本控制高级用法...
[02:31:54]   ✅ tech_home_8.png (137KB)
[02:31:54] ✅ 图片生成完成: 8/8 成功
[02:31:54] 🔄 步骤 3/4: 更新首页
[02:31:54] ✅ 首页已更新
[02:31:54] 📝 正在提交到Git...
