[02:30:28] ============================================================
[02:30:28] 开始更新技术文档 - 2026-07-17 02:30:28.690425
[02:30:28] ============================================================
[02:30:28] ============================================================
[02:30:28] 📝 技术文档自动更新（优化版）
[02:30:28] 📅 日期: 2026年07月17日
[02:30:28] ============================================================
[02:30:28] 🎯 主题: 云原生技术实践
[02:30:28] 📝 步骤 1/4: 生成HTML文档 (归档页)
[02:30:28] ✅ HTML文档已生成: /home/swg/.openclaw/workspace/tech/history/2026/07/20260717.html
[02:30:28] 📋 步骤 1.5/4: 更新月份归档索引
[02:30:28] ✅ 月份归档索引已更新: 2026年07月17日 (13篇)
[02:30:28] 🎨 步骤 2/4: 生成 8 张配图
[02:30:28] 🖼️  生成图片 1/8: 云原生技术实践...
[02:30:41]   ✅ tech_home_1.png (174KB)
[02:30:41] 🖼️  生成图片 2/8: 云原生技术实践...
[02:30:49]   ✅ tech_home_2.png (133KB)
[02:30:49] 🖼️  生成图片 3/8: 云原生技术实践...
[02:31:01]   ✅ tech_home_3.png (120KB)
[02:31:01] 🖼️  生成图片 4/8: 云原生技术实践...
[02:31:09]   ✅ tech_home_4.png (142KB)
[02:31:09] 🖼️  生成图片 5/8: 云原生技术实践...
[02:31:19]   ✅ tech_home_5.png (120KB)
[02:31:19] 🖼️  生成图片 6/8: 云原生技术实践...
[02:31:28]   ✅ tech_home_6.png (136KB)
[02:31:28] 🖼️  生成图片 7/8: 云原生技术实践...
[02:31:36]   ✅ tech_home_7.png (173KB)
[02:31:36] 🖼️  生成图片 8/8: 云原生技术实践...
[02:31:45]   ✅ tech_home_8.png (136KB)
[02:31:45] ✅ 图片生成完成: 8/8 成功
[02:31:45] 🔄 步骤 3/4: 更新首页
[02:31:45] ✅ 首页已更新
[02:31:45] 📝 正在提交到Git...
