[02:30:14] ============================================================
[02:30:14] 开始更新技术文档 - 2026-09-29 02:30:14.286380
[02:30:14] ============================================================
[02:30:14] ============================================================
[02:30:14] 📝 技术文档自动更新（优化版）
[02:30:14] 📅 日期: 2026年09月29日
[02:30:14] ============================================================
[02:30:14] 🎯 主题: Docker容器化部署指南
[02:30:14] 📝 步骤 1/4: 生成HTML文档 (归档页)
[02:30:14] ✅ HTML文档已生成: /home/swg/.openclaw/workspace/tech/history/2026/09/20260929.html
[02:30:14] 📋 步骤 1.5/4: 更新月份归档索引
[02:30:14] ✅ 月份归档索引已更新: 2026年09月29日 (13篇)
[02:30:14] 🎨 步骤 2/4: 生成 8 张配图
[02:30:14] 🖼️  生成图片 1/8: Docker容器化部署指南...
[02:30:22]   ✅ tech_home_1.png (131KB)
[02:30:22] 🖼️  生成图片 2/8: Docker容器化部署指南...
[02:30:31]   ✅ tech_home_2.png (157KB)
[02:30:31] 🖼️  生成图片 3/8: Docker容器化部署指南...
[02:30:40]   ✅ tech_home_3.png (137KB)
[02:30:40] 🖼️  生成图片 4/8: Docker容器化部署指南...
[02:30:49]   ✅ tech_home_4.png (154KB)
[02:30:49] 🖼️  生成图片 5/8: Docker容器化部署指南...
[02:30:58]   ✅ tech_home_5.png (133KB)
[02:30:58] 🖼️  生成图片 6/8: Docker容器化部署指南...
[02:31:07]   ✅ tech_home_6.png (143KB)
[02:31:07] 🖼️  生成图片 7/8: Docker容器化部署指南...
[02:31:15]   ✅ tech_home_7.png (170KB)
[02:31:15] 🖼️  生成图片 8/8: Docker容器化部署指南...
[02:31:24]   ✅ tech_home_8.png (151KB)
[02:31:24] ✅ 图片生成完成: 8/8 成功
[02:31:24] 🔄 步骤 3/4: 更新首页
[02:31:24] ✅ 首页已更新
[02:31:24] 🖼️ 步骤 3.5/4: 归档页插入配图
[02:31:24] ✅ 归档页配图已插入: /home/swg/.openclaw/workspace/tech/history/2026/09/20260929.html
[02:31:24] 📝 正在提交到Git...
