[06:29:04] ============================================================
[06:29:04] 开始更新技术文档 - 2026-05-03 06:29:04.600526
[06:29:04] ============================================================
[06:29:04] ============================================================
[06:29:04] 📝 技术文档自动更新（优化版）
[06:29:04] 📅 日期: 2026年05月03日
[06:29:04] ============================================================
[06:29:04] 🎯 主题: Git版本控制高级用法
[06:29:04] 📝 步骤 1/3: 生成HTML文档
[06:29:04] ✅ HTML文档已生成: /home/swg/.openclaw/workspace/tech/history/2026/05/20260503.html
[06:29:04] 🎨 步骤 2/3: 生成图片
[06:29:04] 📊 质量标准: 文件200KB-800KB, 分辨率≥1280x720, 比例16:9
[06:29:04] 🖼️  生成图片: Git版本控制高级用法... (尝试 1)
[06:29:07] ⚠️  图片质量不达标，重新生成...
[06:29:10] 🖼️  生成图片: Git版本控制高级用法... (尝试 2)
[06:30:37] ⚠️  图片质量不达标，重新生成...
[06:30:40] 🖼️  生成图片: Git版本控制高级用法... (尝试 3)
[06:30:42] ⚠️  图片质量未达标但已达到最大重试次数
[06:30:42] 🔄 步骤 3/3: 更新首页
[06:30:42] ✅ 首页已更新
[06:30:42] 📝 正在提交到Git...
[06:30:42] ✅ Git提交成功
[06:30:47] ✅ 推送到GitHub成功
[06:30:47] ============================================================
[06:30:47] ✅ 技术文档自动更新完成！
[06:30:47] 📅 日期: 2026年05月03日
[06:30:47] 🎯 主题: Git版本控制高级用法
[06:30:47] 🖼️  图片: ✅ 已生成
[06:30:47] ============================================================
[06:30:47] ⚠️ 飞书未配置，跳过通知
