[02:30:35] ============================================================
[02:30:35] 开始更新技术文档 - 2026-08-14 02:30:35.771493
[02:30:35] ============================================================
[02:30:35] ============================================================
[02:30:35] 📝 技术文档自动更新（优化版）
[02:30:35] 📅 日期: 2026年08月14日
[02:30:35] ============================================================
[02:30:35] 🎯 主题: Web安全防护指南
[02:30:35] 📝 步骤 1/4: 生成HTML文档 (归档页)
[02:30:35] ✅ HTML文档已生成: /home/swg/.openclaw/workspace/tech/history/2026/08/20260814.html
[02:30:35] 📋 步骤 1.5/4: 更新月份归档索引
[02:30:35] ✅ 月份归档索引已更新: 2026年08月14日 (13篇)
[02:30:35] 🎨 步骤 2/4: 生成 8 张配图
[02:30:35] 🖼️  生成图片 1/8: Web安全防护指南...
[02:30:44]   ✅ tech_home_1.png (134KB)
[02:30:44] 🖼️  生成图片 2/8: Web安全防护指南...
[02:30:55]   ✅ tech_home_2.png (139KB)
[02:30:55] 🖼️  生成图片 3/8: Web安全防护指南...
[02:31:04]   ✅ tech_home_3.png (143KB)
[02:31:04] 🖼️  生成图片 4/8: Web安全防护指南...
[02:31:14]   ✅ tech_home_4.png (145KB)
[02:31:14] 🖼️  生成图片 5/8: Web安全防护指南...
[02:31:25]   ✅ tech_home_5.png (190KB)
[02:31:25] 🖼️  生成图片 6/8: Web安全防护指南...
[02:31:34]   ✅ tech_home_6.png (148KB)
[02:31:34] 🖼️  生成图片 7/8: Web安全防护指南...
[02:31:42]   ✅ tech_home_7.png (166KB)
[02:31:42] 🖼️  生成图片 8/8: Web安全防护指南...
[02:31:51]   ✅ tech_home_8.png (170KB)
[02:31:51] ✅ 图片生成完成: 8/8 成功
[02:31:51] 🔄 步骤 3/4: 更新首页
[02:31:51] ✅ 首页已更新
[02:31:51] 📝 正在提交到Git...
