[02:30:47] ============================================================
[02:30:47] 开始更新技术文档 - 2026-09-12 02:30:47.406971
[02:30:47] ============================================================
[02:30:47] ============================================================
[02:30:47] 📝 技术文档自动更新（优化版）
[02:30:47] 📅 日期: 2026年09月12日
[02:30:47] ============================================================
[02:30:47] 🎯 主题: 数据库优化策略
[02:30:47] 📝 步骤 1/4: 生成HTML文档 (归档页)
[02:30:47] ✅ HTML文档已生成: /home/swg/.openclaw/workspace/tech/history/2026/09/20260912.html
[02:30:47] 📋 步骤 1.5/4: 更新月份归档索引
[02:30:47] ✅ 月份归档索引已更新: 2026年09月12日 (13篇)
[02:30:47] 🎨 步骤 2/4: 生成 8 张配图
[02:30:47] 🖼️  生成图片 1/8: 数据库优化策略...
[02:30:55]   ✅ tech_home_1.png (135KB)
[02:30:55] 🖼️  生成图片 2/8: 数据库优化策略...
[02:31:09]   ✅ tech_home_2.png (162KB)
[02:31:09] 🖼️  生成图片 3/8: 数据库优化策略...
[02:31:18]   ✅ tech_home_3.png (135KB)
[02:31:18] 🖼️  生成图片 4/8: 数据库优化策略...
[02:31:27]   ✅ tech_home_4.png (138KB)
[02:31:27] 🖼️  生成图片 5/8: 数据库优化策略...
[02:31:35]   ✅ tech_home_5.png (129KB)
[02:31:35] 🖼️  生成图片 6/8: 数据库优化策略...
[02:31:43]   ✅ tech_home_6.png (144KB)
[02:31:43] 🖼️  生成图片 7/8: 数据库优化策略...
[02:31:53]   ✅ tech_home_7.png (134KB)
[02:31:53] 🖼️  生成图片 8/8: 数据库优化策略...
[02:32:03]   ✅ tech_home_8.png (150KB)
[02:32:03] ✅ 图片生成完成: 8/8 成功
[02:32:03] 🔄 步骤 3/4: 更新首页
[02:32:03] ✅ 首页已更新
[02:32:03] 📝 正在提交到Git...
[02:32:04] ✅ Git提交成功
[02:32:04] 🔄 git pull --rebase origin master ...
[02:32:07] 📤 git push origin master ...
[02:32:13] ✅ 推送到GitHub成功
[02:32:13] ============================================================
[02:32:13] ✅ 技术文档自动更新完成！
[02:32:13] 📅 日期: 2026年09月12日
[02:32:13] 🎯 主题: 数据库优化策略
[02:32:13] 🖼️  图片: ✅ 已生成 8 张
[02:32:13] ============================================================
[02:32:13] ❌ 发送飞书通知失败: [Errno 2] No such file or directory: '/home/swg/.openclaw/openclaw.json'
