[02:30:05] ============================================================
[02:30:05] 开始更新技术文档 - 2026-07-27 02:30:05.037195
[02:30:05] ============================================================
[02:30:05] ============================================================
[02:30:05] 📝 技术文档自动更新（优化版）
[02:30:05] 📅 日期: 2026年07月27日
[02:30:05] ============================================================
[02:30:05] 🎯 主题: 云原生技术实践
[02:30:05] 📝 步骤 1/4: 生成HTML文档 (归档页)
[02:30:05] ✅ HTML文档已生成: /home/swg/.openclaw/workspace/tech/history/2026/07/20260727.html
[02:30:05] 📋 步骤 1.5/4: 更新月份归档索引
[02:30:05] ✅ 月份归档索引已更新: 2026年07月27日 (13篇)
[02:30:05] 🎨 步骤 2/4: 生成 8 张配图
[02:30:05] 🖼️  生成图片 1/8: 云原生技术实践...
[02:30:17]   ✅ tech_home_1.png (126KB)
[02:30:17] 🖼️  生成图片 2/8: 云原生技术实践...
[02:30:30]   ✅ tech_home_2.png (143KB)
[02:30:30] 🖼️  生成图片 3/8: 云原生技术实践...
[02:30:39]   ✅ tech_home_3.png (127KB)
[02:30:39] 🖼️  生成图片 4/8: 云原生技术实践...
[02:30:47]   ✅ tech_home_4.png (139KB)
[02:30:47] 🖼️  生成图片 5/8: 云原生技术实践...
[02:30:56]   ✅ tech_home_5.png (129KB)
[02:30:56] 🖼️  生成图片 6/8: 云原生技术实践...
[02:31:06]   ✅ tech_home_6.png (136KB)
[02:31:06] 🖼️  生成图片 7/8: 云原生技术实践...
[02:31:16]   ✅ tech_home_7.png (175KB)
[02:31:16] 🖼️  生成图片 8/8: 云原生技术实践...
[02:31:26]   ✅ tech_home_8.png (114KB)
[02:31:26] ✅ 图片生成完成: 8/8 成功
[02:31:26] 🔄 步骤 3/4: 更新首页
[02:31:26] ✅ 首页已更新
[02:31:26] 📝 正在提交到Git...
[02:31:26] ✅ Git提交成功
[02:31:29] ⚠️  推送到GitHub失败
[02:31:29] ============================================================
[02:31:29] ✅ 技术文档自动更新完成！
[02:31:29] 📅 日期: 2026年07月27日
[02:31:29] 🎯 主题: 云原生技术实践
[02:31:29] 🖼️  图片: ✅ 已生成 8 张
[02:31:29] ============================================================
[02:31:29] ❌ 发送飞书通知失败: [Errno 2] No such file or directory: '/home/swg/.openclaw/openclaw.json'
