[02:30:21] ============================================================
[02:30:21] 开始更新技术文档 - 2026-07-13 02:30:21.853768
[02:30:21] ============================================================
[02:30:21] ============================================================
[02:30:21] 📝 技术文档自动更新（优化版）
[02:30:21] 📅 日期: 2026年07月13日
[02:30:21] ============================================================
[02:30:21] 🎯 主题: Linux系统管理技巧
[02:30:21] 📝 步骤 1/4: 生成HTML文档 (归档页)
[02:30:21] ✅ HTML文档已生成: /home/swg/.openclaw/workspace/tech/history/2026/07/20260713.html
[02:30:21] 📋 步骤 1.5/4: 更新月份归档索引
[02:30:21] ⚠️  月份索引不存在，跳过: /home/swg/.openclaw/workspace/tech/history/2026/07/index.html
[02:30:21] 🎨 步骤 2/4: 生成 8 张配图
[02:30:21] 🖼️  生成图片 1/8: Linux系统管理技巧...
[02:30:31]   ✅ tech_home_1.png (150KB)
[02:30:31] 🖼️  生成图片 2/8: Linux系统管理技巧...
[02:30:41]   ✅ tech_home_2.png (153KB)
[02:30:41] 🖼️  生成图片 3/8: Linux系统管理技巧...
[02:30:50]   ✅ tech_home_3.png (123KB)
[02:30:50] 🖼️  生成图片 4/8: Linux系统管理技巧...
[02:31:01]   ✅ tech_home_4.png (113KB)
[02:31:01] 🖼️  生成图片 5/8: Linux系统管理技巧...
[02:31:11]   ✅ tech_home_5.png (116KB)
[02:31:11] 🖼️  生成图片 6/8: Linux系统管理技巧...
[02:31:19]   ✅ tech_home_6.png (106KB)
[02:31:19] 🖼️  生成图片 7/8: Linux系统管理技巧...
[02:31:28]   ✅ tech_home_7.png (149KB)
[02:31:28] 🖼️  生成图片 8/8: Linux系统管理技巧...
[02:31:37]   ✅ tech_home_8.png (126KB)
[02:31:37] ✅ 图片生成完成: 8/8 成功
[02:31:37] 🔄 步骤 3/4: 更新首页
[02:31:37] ✅ 首页已更新
[02:31:37] 📝 正在提交到Git...
[02:31:37] ✅ Git提交成功
[02:31:43] ✅ 推送到GitHub成功
[02:31:43] ============================================================
[02:31:43] ✅ 技术文档自动更新完成！
[02:31:43] 📅 日期: 2026年07月13日
[02:31:43] 🎯 主题: Linux系统管理技巧
[02:31:43] 🖼️  图片: ✅ 已生成 8 张
[02:31:43] ============================================================
[02:31:43] ❌ 发送飞书通知失败: [Errno 2] No such file or directory: '/home/swg/.openclaw/openclaw.json'
