[02:30:59] ============================================================
[02:30:59] 开始更新技术文档 - 2026-05-22 02:30:59.305179
[02:30:59] ============================================================
[02:30:59] ============================================================
[02:30:59] 📝 技术文档自动更新（优化版）
[02:30:59] 📅 日期: 2026年05月22日
[02:30:59] ============================================================
[02:30:59] 🎯 主题: Docker容器化部署指南
[02:30:59] 📝 步骤 1/3: 生成HTML文档 (归档页)
[02:30:59] ✅ HTML文档已生成: /home/swg/.openclaw/workspace/tech/history/2026/05/20260522.html
[02:30:59] 🎨 步骤 2/3: 生成 8 张配图
[02:30:59] 🖼️  生成图片 1/8: Docker容器化部署指南...
[02:31:08]   ✅ tech_home_1.png (131KB)
[02:31:08] 🖼️  生成图片 2/8: Docker容器化部署指南...
[02:31:17]   ✅ tech_home_2.png (219KB)
[02:31:17] 🖼️  生成图片 3/8: Docker容器化部署指南...
[02:31:27]   ✅ tech_home_3.png (142KB)
[02:31:27] 🖼️  生成图片 4/8: Docker容器化部署指南...
[02:31:35]   ✅ tech_home_4.png (148KB)
[02:31:35] 🖼️  生成图片 5/8: Docker容器化部署指南...
[02:31:47]   ✅ tech_home_5.png (143KB)
[02:31:47] 🖼️  生成图片 6/8: Docker容器化部署指南...
[02:32:00]   ✅ tech_home_6.png (132KB)
[02:32:00] 🖼️  生成图片 7/8: Docker容器化部署指南...
[02:32:12]   ✅ tech_home_7.png (150KB)
[02:32:12] 🖼️  生成图片 8/8: Docker容器化部署指南...
[02:32:24]   ✅ tech_home_8.png (134KB)
[02:32:24] ✅ 图片生成完成: 8/8 成功
[02:32:24] 🔄 步骤 3/3: 更新首页
[02:32:24] ✅ 首页已更新
[02:32:24] 📝 正在提交到Git...
