[02:30:49] ============================================================
[02:30:49] 开始更新技术文档 - 2026-08-28 02:30:49.482159
[02:30:49] ============================================================
[02:30:49] ============================================================
[02:30:49] 📝 技术文档自动更新（优化版）
[02:30:49] 📅 日期: 2026年08月28日
[02:30:49] ============================================================
[02:30:49] 🎯 主题: 人工智能应用开发
[02:30:49] 📝 步骤 1/4: 生成HTML文档 (归档页)
[02:30:49] ✅ HTML文档已生成: /home/swg/.openclaw/workspace/tech/history/2026/08/20260828.html
[02:30:49] 📋 步骤 1.5/4: 更新月份归档索引
[02:30:49] ✅ 月份归档索引已更新: 2026年08月28日 (13篇)
[02:30:49] 🎨 步骤 2/4: 生成 8 张配图
[02:30:49] 🖼️  生成图片 1/8: 人工智能应用开发...
[02:30:58]   ✅ tech_home_1.png (133KB)
[02:30:58] 🖼️  生成图片 2/8: 人工智能应用开发...
[02:31:10]   ✅ tech_home_2.png (184KB)
[02:31:10] 🖼️  生成图片 3/8: 人工智能应用开发...
[02:31:18]   ✅ tech_home_3.png (140KB)
[02:31:18] 🖼️  生成图片 4/8: 人工智能应用开发...
[02:31:27]   ✅ tech_home_4.png (157KB)
[02:31:27] 🖼️  生成图片 5/8: 人工智能应用开发...
[02:31:38]   ✅ tech_home_5.png (168KB)
[02:31:38] 🖼️  生成图片 6/8: 人工智能应用开发...
[02:31:46]   ✅ tech_home_6.png (127KB)
[02:31:46] 🖼️  生成图片 7/8: 人工智能应用开发...
[02:31:55]   ✅ tech_home_7.png (148KB)
[02:31:55] 🖼️  生成图片 8/8: 人工智能应用开发...
[02:32:07]   ✅ tech_home_8.png (154KB)
[02:32:07] ✅ 图片生成完成: 8/8 成功
[02:32:07] 🔄 步骤 3/4: 更新首页
[02:32:07] ✅ 首页已更新
[02:32:07] 📝 正在提交到Git...
