[02:30:47] ============================================================
[02:30:47] 开始更新技术文档 - 2026-06-12 02:30:47.345725
[02:30:47] ============================================================
[02:30:47] ============================================================
[02:30:47] 📝 技术文档自动更新（优化版）
[02:30:47] 📅 日期: 2026年06月12日
[02:30:47] ============================================================
[02:30:47] 🎯 主题: Git版本控制高级用法
[02:30:47] 📝 步骤 1/4: 生成HTML文档 (归档页)
[02:30:47] ✅ HTML文档已生成: /home/swg/.openclaw/workspace/tech/history/2026/06/20260612.html
[02:30:47] 📋 步骤 1.5/4: 更新月份归档索引
[02:30:47] ✅ 月份归档索引已更新: 2026年06月12日 (13篇)
[02:30:47] 🎨 步骤 2/4: 生成 8 张配图
[02:30:47] 🖼️  生成图片 1/8: Git版本控制高级用法...
[02:30:56]   ✅ tech_home_1.png (132KB)
[02:30:56] 🖼️  生成图片 2/8: Git版本控制高级用法...
[02:31:04]   ✅ tech_home_2.png (156KB)
[02:31:04] 🖼️  生成图片 3/8: Git版本控制高级用法...
[02:31:13]   ✅ tech_home_3.png (141KB)
[02:31:13] 🖼️  生成图片 4/8: Git版本控制高级用法...
[02:31:22]   ✅ tech_home_4.png (116KB)
[02:31:22] 🖼️  生成图片 5/8: Git版本控制高级用法...
[02:31:30]   ✅ tech_home_5.png (103KB)
[02:31:30] 🖼️  生成图片 6/8: Git版本控制高级用法...
[02:31:39]   ✅ tech_home_6.png (115KB)
[02:31:39] 🖼️  生成图片 7/8: Git版本控制高级用法...
[02:31:47]   ✅ tech_home_7.png (140KB)
[02:31:47] 🖼️  生成图片 8/8: Git版本控制高级用法...
[02:32:00]   ✅ tech_home_8.png (135KB)
[02:32:00] ✅ 图片生成完成: 8/8 成功
[02:32:00] 🔄 步骤 3/4: 更新首页
[02:32:00] ✅ 首页已更新
[02:32:00] 📝 正在提交到Git...
